Component: ARM Compiler 5.06 update 6 (build 750) Tool: armlink [4d35ed]

==============================================================================

Section Cross References

    startup_stm32f10x_hd.o(RESET) refers to startup_stm32f10x_hd.o(STACK) for __initial_sp
    startup_stm32f10x_hd.o(RESET) refers to startup_stm32f10x_hd.o(.text) for Reset_Handler
    startup_stm32f10x_hd.o(RESET) refers to stm32f10x_it.o(i.NMI_Handler) for NMI_Handler
    startup_stm32f10x_hd.o(RESET) refers to stm32f10x_it.o(i.HardFault_Handler) for HardFault_Handler
    startup_stm32f10x_hd.o(RESET) refers to stm32f10x_it.o(i.MemManage_Handler) for MemManage_Handler
    startup_stm32f10x_hd.o(RESET) refers to stm32f10x_it.o(i.BusFault_Handler) for BusFault_Handler
    startup_stm32f10x_hd.o(RESET) refers to stm32f10x_it.o(i.UsageFault_Handler) for UsageFault_Handler
    startup_stm32f10x_hd.o(RESET) refers to stm32f10x_it.o(i.SVC_Handler) for SVC_Handler
    startup_stm32f10x_hd.o(RESET) refers to stm32f10x_it.o(i.DebugMon_Handler) for DebugMon_Handler
    startup_stm32f10x_hd.o(RESET) refers to os_cpu_a.o(CODE) for OS_CPU_PendSVHandler
    startup_stm32f10x_hd.o(RESET) refers to os_cpu_c.o(i.OS_CPU_SysTickHandler) for OS_CPU_SysTickHandler
    startup_stm32f10x_hd.o(.text) refers to system_stm32f10x.o(i.SystemInit) for SystemInit
    startup_stm32f10x_hd.o(.text) refers to entry.o(.ARM.Collect$$$$00000000) for __main
    system_stm32f10x.o(i.SetSysClock) refers to system_stm32f10x.o(i.SetSysClockTo72) for SetSysClockTo72
    system_stm32f10x.o(i.SystemCoreClockUpdate) refers to system_stm32f10x.o(.data) for SystemCoreClock
    system_stm32f10x.o(i.SystemInit) refers to system_stm32f10x.o(i.SetSysClock) for SetSysClock
    stm32f10x_adc.o(i.ADC_DeInit) refers to stm32f10x_rcc.o(i.RCC_APB2PeriphResetCmd) for RCC_APB2PeriphResetCmd
    stm32f10x_bkp.o(i.BKP_DeInit) refers to stm32f10x_rcc.o(i.RCC_BackupResetCmd) for RCC_BackupResetCmd
    stm32f10x_can.o(i.CAN_DeInit) refers to stm32f10x_rcc.o(i.RCC_APB1PeriphResetCmd) for RCC_APB1PeriphResetCmd
    stm32f10x_can.o(i.CAN_GetITStatus) refers to stm32f10x_can.o(i.CheckITStatus) for CheckITStatus
    stm32f10x_cec.o(i.CEC_DeInit) refers to stm32f10x_rcc.o(i.RCC_APB1PeriphResetCmd) for RCC_APB1PeriphResetCmd
    stm32f10x_dac.o(i.DAC_DeInit) refers to stm32f10x_rcc.o(i.RCC_APB1PeriphResetCmd) for RCC_APB1PeriphResetCmd
    stm32f10x_flash.o(i.FLASH_EnableWriteProtection) refers to stm32f10x_flash.o(i.FLASH_WaitForLastOperation) for FLASH_WaitForLastOperation
    stm32f10x_flash.o(i.FLASH_EraseAllBank1Pages) refers to stm32f10x_flash.o(i.FLASH_WaitForLastBank1Operation) for FLASH_WaitForLastBank1Operation
    stm32f10x_flash.o(i.FLASH_EraseAllPages) refers to stm32f10x_flash.o(i.FLASH_WaitForLastOperation) for FLASH_WaitForLastOperation
    stm32f10x_flash.o(i.FLASH_EraseOptionBytes) refers to stm32f10x_flash.o(i.FLASH_GetReadOutProtectionStatus) for FLASH_GetReadOutProtectionStatus
    stm32f10x_flash.o(i.FLASH_EraseOptionBytes) refers to stm32f10x_flash.o(i.FLASH_WaitForLastOperation) for FLASH_WaitForLastOperation
    stm32f10x_flash.o(i.FLASH_ErasePage) refers to stm32f10x_flash.o(i.FLASH_WaitForLastOperation) for FLASH_WaitForLastOperation
    stm32f10x_flash.o(i.FLASH_ProgramHalfWord) refers to stm32f10x_flash.o(i.FLASH_WaitForLastOperation) for FLASH_WaitForLastOperation
    stm32f10x_flash.o(i.FLASH_ProgramOptionByteData) refers to stm32f10x_flash.o(i.FLASH_WaitForLastOperation) for FLASH_WaitForLastOperation
    stm32f10x_flash.o(i.FLASH_ProgramWord) refers to stm32f10x_flash.o(i.FLASH_WaitForLastOperation) for FLASH_WaitForLastOperation
    stm32f10x_flash.o(i.FLASH_ReadOutProtection) refers to stm32f10x_flash.o(i.FLASH_WaitForLastOperation) for FLASH_WaitForLastOperation
    stm32f10x_flash.o(i.FLASH_UserOptionByteConfig) refers to stm32f10x_flash.o(i.FLASH_WaitForLastOperation) for FLASH_WaitForLastOperation
    stm32f10x_flash.o(i.FLASH_WaitForLastBank1Operation) refers to stm32f10x_flash.o(i.FLASH_GetBank1Status) for FLASH_GetBank1Status
    stm32f10x_flash.o(i.FLASH_WaitForLastOperation) refers to stm32f10x_flash.o(i.FLASH_GetBank1Status) for FLASH_GetBank1Status
    stm32f10x_gpio.o(i.GPIO_AFIODeInit) refers to stm32f10x_rcc.o(i.RCC_APB2PeriphResetCmd) for RCC_APB2PeriphResetCmd
    stm32f10x_gpio.o(i.GPIO_DeInit) refers to stm32f10x_rcc.o(i.RCC_APB2PeriphResetCmd) for RCC_APB2PeriphResetCmd
    stm32f10x_i2c.o(i.I2C_DeInit) refers to stm32f10x_rcc.o(i.RCC_APB1PeriphResetCmd) for RCC_APB1PeriphResetCmd
    stm32f10x_i2c.o(i.I2C_Init) refers to stm32f10x_rcc.o(i.RCC_GetClocksFreq) for RCC_GetClocksFreq
    stm32f10x_pwr.o(i.PWR_DeInit) refers to stm32f10x_rcc.o(i.RCC_APB1PeriphResetCmd) for RCC_APB1PeriphResetCmd
    stm32f10x_rcc.o(i.RCC_GetClocksFreq) refers to stm32f10x_rcc.o(.data) for APBAHBPrescTable
    stm32f10x_rcc.o(i.RCC_WaitForHSEStartUp) refers to stm32f10x_rcc.o(i.RCC_GetFlagStatus) for RCC_GetFlagStatus
    stm32f10x_rtc.o(i.RTC_SetAlarm) refers to stm32f10x_rtc.o(i.RTC_EnterConfigMode) for RTC_EnterConfigMode
    stm32f10x_rtc.o(i.RTC_SetAlarm) refers to stm32f10x_rtc.o(i.RTC_ExitConfigMode) for RTC_ExitConfigMode
    stm32f10x_rtc.o(i.RTC_SetCounter) refers to stm32f10x_rtc.o(i.RTC_EnterConfigMode) for RTC_EnterConfigMode
    stm32f10x_rtc.o(i.RTC_SetCounter) refers to stm32f10x_rtc.o(i.RTC_ExitConfigMode) for RTC_ExitConfigMode
    stm32f10x_rtc.o(i.RTC_SetPrescaler) refers to stm32f10x_rtc.o(i.RTC_EnterConfigMode) for RTC_EnterConfigMode
    stm32f10x_rtc.o(i.RTC_SetPrescaler) refers to stm32f10x_rtc.o(i.RTC_ExitConfigMode) for RTC_ExitConfigMode
    stm32f10x_spi.o(i.I2S_Init) refers to stm32f10x_rcc.o(i.RCC_GetClocksFreq) for RCC_GetClocksFreq
    stm32f10x_spi.o(i.SPI_I2S_DeInit) refers to stm32f10x_rcc.o(i.RCC_APB2PeriphResetCmd) for RCC_APB2PeriphResetCmd
    stm32f10x_spi.o(i.SPI_I2S_DeInit) refers to stm32f10x_rcc.o(i.RCC_APB1PeriphResetCmd) for RCC_APB1PeriphResetCmd
    stm32f10x_tim.o(i.TIM_DeInit) refers to stm32f10x_rcc.o(i.RCC_APB2PeriphResetCmd) for RCC_APB2PeriphResetCmd
    stm32f10x_tim.o(i.TIM_DeInit) refers to stm32f10x_rcc.o(i.RCC_APB1PeriphResetCmd) for RCC_APB1PeriphResetCmd
    stm32f10x_tim.o(i.TIM_ETRClockMode1Config) refers to stm32f10x_tim.o(i.TIM_ETRConfig) for TIM_ETRConfig
    stm32f10x_tim.o(i.TIM_ETRClockMode2Config) refers to stm32f10x_tim.o(i.TIM_ETRConfig) for TIM_ETRConfig
    stm32f10x_tim.o(i.TIM_ICInit) refers to stm32f10x_tim.o(i.TI1_Config) for TI1_Config
    stm32f10x_tim.o(i.TIM_ICInit) refers to stm32f10x_tim.o(i.TIM_SetIC1Prescaler) for TIM_SetIC1Prescaler
    stm32f10x_tim.o(i.TIM_ICInit) refers to stm32f10x_tim.o(i.TI2_Config) for TI2_Config
    stm32f10x_tim.o(i.TIM_ICInit) refers to stm32f10x_tim.o(i.TIM_SetIC2Prescaler) for TIM_SetIC2Prescaler
    stm32f10x_tim.o(i.TIM_ICInit) refers to stm32f10x_tim.o(i.TI3_Config) for TI3_Config
    stm32f10x_tim.o(i.TIM_ICInit) refers to stm32f10x_tim.o(i.TIM_SetIC3Prescaler) for TIM_SetIC3Prescaler
    stm32f10x_tim.o(i.TIM_ICInit) refers to stm32f10x_tim.o(i.TI4_Config) for TI4_Config
    stm32f10x_tim.o(i.TIM_ICInit) refers to stm32f10x_tim.o(i.TIM_SetIC4Prescaler) for TIM_SetIC4Prescaler
    stm32f10x_tim.o(i.TIM_ITRxExternalClockConfig) refers to stm32f10x_tim.o(i.TIM_SelectInputTrigger) for TIM_SelectInputTrigger
    stm32f10x_tim.o(i.TIM_PWMIConfig) refers to stm32f10x_tim.o(i.TI1_Config) for TI1_Config
    stm32f10x_tim.o(i.TIM_PWMIConfig) refers to stm32f10x_tim.o(i.TIM_SetIC1Prescaler) for TIM_SetIC1Prescaler
    stm32f10x_tim.o(i.TIM_PWMIConfig) refers to stm32f10x_tim.o(i.TI2_Config) for TI2_Config
    stm32f10x_tim.o(i.TIM_PWMIConfig) refers to stm32f10x_tim.o(i.TIM_SetIC2Prescaler) for TIM_SetIC2Prescaler
    stm32f10x_tim.o(i.TIM_TIxExternalClockConfig) refers to stm32f10x_tim.o(i.TI2_Config) for TI2_Config
    stm32f10x_tim.o(i.TIM_TIxExternalClockConfig) refers to stm32f10x_tim.o(i.TI1_Config) for TI1_Config
    stm32f10x_tim.o(i.TIM_TIxExternalClockConfig) refers to stm32f10x_tim.o(i.TIM_SelectInputTrigger) for TIM_SelectInputTrigger
    stm32f10x_usart.o(i.USART_DeInit) refers to stm32f10x_rcc.o(i.RCC_APB2PeriphResetCmd) for RCC_APB2PeriphResetCmd
    stm32f10x_usart.o(i.USART_DeInit) refers to stm32f10x_rcc.o(i.RCC_APB1PeriphResetCmd) for RCC_APB1PeriphResetCmd
    stm32f10x_usart.o(i.USART_Init) refers to stm32f10x_rcc.o(i.RCC_GetClocksFreq) for RCC_GetClocksFreq
    stm32f10x_wwdg.o(i.WWDG_DeInit) refers to stm32f10x_rcc.o(i.RCC_APB1PeriphResetCmd) for RCC_APB1PeriphResetCmd
    app.o(i.AppTaskBlink) refers to stm32f10x_gpio.o(i.GPIO_ResetBits) for GPIO_ResetBits
    app.o(i.AppTaskBlink) refers to os_time.o(i.OSTimeDlyHMSM) for OSTimeDlyHMSM
    app.o(i.AppTaskBlink) refers to stm32f10x_gpio.o(i.GPIO_SetBits) for GPIO_SetBits
    app.o(i.AppTaskStart) refers to bsp.o(i.BSP_Init) for BSP_Init
    app.o(i.AppTaskStart) refers to cpu_core.o(i.CPU_Init) for CPU_Init
    app.o(i.AppTaskStart) refers to bsp.o(i.BSP_CPU_ClkFreq) for BSP_CPU_ClkFreq
    app.o(i.AppTaskStart) refers to os_cpu_c.o(i.OS_CPU_SysTickInit) for OS_CPU_SysTickInit
    app.o(i.AppTaskStart) refers to lib_mem.o(i.Mem_Init) for Mem_Init
    app.o(i.AppTaskStart) refers to os_stat.o(i.OSStatTaskCPUUsageInit) for OSStatTaskCPUUsageInit
    app.o(i.AppTaskStart) refers to cpu_core.o(i.CPU_IntDisMeasMaxCurReset) for CPU_IntDisMeasMaxCurReset
    app.o(i.AppTaskStart) refers to os_core.o(i.OSSchedRoundRobinCfg) for OSSchedRoundRobinCfg
    app.o(i.AppTaskStart) refers to os_time.o(i.OSTimeDlyHMSM) for OSTimeDlyHMSM
    app.o(i.AppTaskStart) refers to os_cfg_app.o(.constdata) for OSCfg_TickRate_Hz
    app.o(i.main) refers to os_core.o(i.OSInit) for OSInit
    app.o(i.main) refers to os_task.o(i.OSTaskCreate) for OSTaskCreate
    app.o(i.main) refers to os_core.o(i.OSStart) for OSStart
    app.o(i.main) refers to app.o(.bss) for AppTaskStartStk
    app.o(i.main) refers to app.o(i.AppTaskStart) for AppTaskStart
    app.o(i.main) refers to app.o(i.AppTaskBlink) for AppTaskBlink
    os_app_hooks.o(i.App_OS_ClrAllHooks) refers to cpu_a.o(.text) for CPU_SR_Save
    os_app_hooks.o(i.App_OS_ClrAllHooks) refers to cpu_core.o(i.CPU_IntDisMeasStart) for CPU_IntDisMeasStart
    os_app_hooks.o(i.App_OS_ClrAllHooks) refers to cpu_core.o(i.CPU_IntDisMeasStop) for CPU_IntDisMeasStop
    os_app_hooks.o(i.App_OS_ClrAllHooks) refers to os_var.o(.data) for OS_AppTaskCreateHookPtr
    os_app_hooks.o(i.App_OS_SetAllHooks) refers to cpu_a.o(.text) for CPU_SR_Save
    os_app_hooks.o(i.App_OS_SetAllHooks) refers to cpu_core.o(i.CPU_IntDisMeasStart) for CPU_IntDisMeasStart
    os_app_hooks.o(i.App_OS_SetAllHooks) refers to cpu_core.o(i.CPU_IntDisMeasStop) for CPU_IntDisMeasStop
    os_app_hooks.o(i.App_OS_SetAllHooks) refers to os_app_hooks.o(i.App_OS_TaskCreateHook) for App_OS_TaskCreateHook
    os_app_hooks.o(i.App_OS_SetAllHooks) refers to os_var.o(.data) for OS_AppTaskCreateHookPtr
    os_app_hooks.o(i.App_OS_SetAllHooks) refers to os_app_hooks.o(i.App_OS_TaskDelHook) for App_OS_TaskDelHook
    os_app_hooks.o(i.App_OS_SetAllHooks) refers to os_app_hooks.o(i.App_OS_TaskReturnHook) for App_OS_TaskReturnHook
    os_app_hooks.o(i.App_OS_SetAllHooks) refers to os_app_hooks.o(i.App_OS_IdleTaskHook) for App_OS_IdleTaskHook
    os_app_hooks.o(i.App_OS_SetAllHooks) refers to os_app_hooks.o(i.App_OS_StatTaskHook) for App_OS_StatTaskHook
    os_app_hooks.o(i.App_OS_SetAllHooks) refers to os_app_hooks.o(i.App_OS_TaskSwHook) for App_OS_TaskSwHook
    os_app_hooks.o(i.App_OS_SetAllHooks) refers to os_app_hooks.o(i.App_OS_TimeTickHook) for App_OS_TimeTickHook
    uid_verify.o(i.device_secret_gen) refers to md.o(i.mbedtls_md_init) for mbedtls_md_init
    uid_verify.o(i.device_secret_gen) refers to md.o(i.mbedtls_md_info_from_type) for mbedtls_md_info_from_type
    uid_verify.o(i.device_secret_gen) refers to md.o(i.mbedtls_md_setup) for mbedtls_md_setup
    uid_verify.o(i.device_secret_gen) refers to md.o(i.mbedtls_md_hmac_starts) for mbedtls_md_hmac_starts
    uid_verify.o(i.device_secret_gen) refers to md.o(i.mbedtls_md_hmac_update) for mbedtls_md_hmac_update
    uid_verify.o(i.device_secret_gen) refers to md.o(i.mbedtls_md_hmac_finish) for mbedtls_md_hmac_finish
    uid_verify.o(i.device_secret_gen) refers to md.o(i.mbedtls_md_free) for mbedtls_md_free
    device_secret.o(i.device_secret_gen) refers to md.o(i.mbedtls_md_init) for mbedtls_md_init
    device_secret.o(i.device_secret_gen) refers to md.o(i.mbedtls_md_info_from_type) for mbedtls_md_info_from_type
    device_secret.o(i.device_secret_gen) refers to md.o(i.mbedtls_md_setup) for mbedtls_md_setup
    device_secret.o(i.device_secret_gen) refers to md.o(i.mbedtls_md_hmac_starts) for mbedtls_md_hmac_starts
    device_secret.o(i.device_secret_gen) refers to md.o(i.mbedtls_md_hmac_update) for mbedtls_md_hmac_update
    device_secret.o(i.device_secret_gen) refers to md.o(i.mbedtls_md_hmac_finish) for mbedtls_md_hmac_finish
    device_secret.o(i.device_secret_gen) refers to md.o(i.mbedtls_md_free) for mbedtls_md_free
    bsp.o(i.BSP_CPU_ClkFreq) refers to stm32f10x_rcc.o(i.RCC_GetClocksFreq) for RCC_GetClocksFreq
    bsp.o(i.BSP_CPU_ClkFreq) refers to bsp.o(i.SoftReset) for SoftReset
    bsp.o(i.BSP_Init) refers to bsp.o(i.BSP_LED_Init) for BSP_LED_Init
    bsp.o(i.BSP_LED_Init) refers to stm32f10x_rcc.o(i.RCC_APB2PeriphClockCmd) for RCC_APB2PeriphClockCmd
    bsp.o(i.BSP_LED_Init) refers to stm32f10x_gpio.o(i.GPIO_Init) for GPIO_Init
    bsp.o(i.BSP_LED_Init) refers to stm32f10x_gpio.o(i.GPIO_SetBits) for GPIO_SetBits
    bsp.o(i.CPU_TS_TmrInit) refers to bsp.o(i.BSP_CPU_ClkFreq) for BSP_CPU_ClkFreq
    bsp.o(i.CPU_TS_TmrInit) refers to cpu_core.o(i.CPU_TS_TmrFreqSet) for CPU_TS_TmrFreqSet
    bsp.o(i.SoftReset) refers to cpu_a.o(.text) for CPU_IntDis
    cpu_core.o(i.CPU_CntLeadZeros08) refers to cpu_a.o(.text) for CPU_CntLeadZeros
    cpu_core.o(i.CPU_CntLeadZeros16) refers to cpu_a.o(.text) for CPU_CntLeadZeros
    cpu_core.o(i.CPU_CntLeadZeros32) refers to cpu_a.o(.text) for CPU_CntLeadZeros
    cpu_core.o(i.CPU_CntLeadZeros64) refers to cpu_core.o(.constdata) for CPU_CntLeadZerosTbl
    cpu_core.o(i.CPU_CntTrailZeros08) refers to cpu_a.o(.text) for CPU_CntTrailZeros
    cpu_core.o(i.CPU_CntTrailZeros16) refers to cpu_a.o(.text) for CPU_CntTrailZeros
    cpu_core.o(i.CPU_CntTrailZeros32) refers to cpu_a.o(.text) for CPU_CntTrailZeros
    cpu_core.o(i.CPU_CntTrailZeros64) refers to cpu_core.o(i.CPU_CntLeadZeros64) for CPU_CntLeadZeros64
    cpu_core.o(i.CPU_Init) refers to cpu_core.o(i.CPU_TS_Init) for CPU_TS_Init
    cpu_core.o(i.CPU_Init) refers to cpu_core.o(i.CPU_IntDisMeasInit) for CPU_IntDisMeasInit
    cpu_core.o(i.CPU_Init) refers to cpu_core.o(i.CPU_NameInit) for CPU_NameInit
    cpu_core.o(i.CPU_IntDisMeasInit) refers to cpu_a.o(.text) for CPU_SR_Save
    cpu_core.o(i.CPU_IntDisMeasInit) refers to cpu_core.o(i.CPU_IntDisMeasStart) for CPU_IntDisMeasStart
    cpu_core.o(i.CPU_IntDisMeasInit) refers to cpu_core.o(i.CPU_IntDisMeasStop) for CPU_IntDisMeasStop
    cpu_core.o(i.CPU_IntDisMeasInit) refers to cpu_core.o(.data) for CPU_IntDisMeasCtr
    cpu_core.o(i.CPU_IntDisMeasMaxCalc) refers to cpu_core.o(.data) for CPU_IntDisMeasOvrhd_cnts
    cpu_core.o(i.CPU_IntDisMeasMaxCurGet) refers to cpu_a.o(.text) for CPU_SR_Save
    cpu_core.o(i.CPU_IntDisMeasMaxCurGet) refers to cpu_core.o(i.CPU_IntDisMeasMaxCalc) for CPU_IntDisMeasMaxCalc
    cpu_core.o(i.CPU_IntDisMeasMaxCurGet) refers to cpu_core.o(.data) for CPU_IntDisMeasMaxCur_cnts
    cpu_core.o(i.CPU_IntDisMeasMaxCurReset) refers to cpu_core.o(i.CPU_IntDisMeasMaxCurGet) for CPU_IntDisMeasMaxCurGet
    cpu_core.o(i.CPU_IntDisMeasMaxCurReset) refers to cpu_a.o(.text) for CPU_SR_Save
    cpu_core.o(i.CPU_IntDisMeasMaxCurReset) refers to cpu_core.o(.data) for CPU_IntDisMeasMaxCur_cnts
    cpu_core.o(i.CPU_IntDisMeasMaxGet) refers to cpu_a.o(.text) for CPU_SR_Save
    cpu_core.o(i.CPU_IntDisMeasMaxGet) refers to cpu_core.o(i.CPU_IntDisMeasMaxCalc) for CPU_IntDisMeasMaxCalc
    cpu_core.o(i.CPU_IntDisMeasMaxGet) refers to cpu_core.o(.data) for CPU_IntDisMeasMax_cnts
    cpu_core.o(i.CPU_IntDisMeasStart) refers to bsp.o(i.CPU_TS_TmrRd) for CPU_TS_TmrRd
    cpu_core.o(i.CPU_IntDisMeasStart) refers to cpu_core.o(.data) for CPU_IntDisMeasCtr
    cpu_core.o(i.CPU_IntDisMeasStop) refers to bsp.o(i.CPU_TS_TmrRd) for CPU_TS_TmrRd
    cpu_core.o(i.CPU_IntDisMeasStop) refers to cpu_core.o(.data) for CPU_IntDisNestCtr
    cpu_core.o(i.CPU_NameClr) refers to cpu_a.o(.text) for CPU_SR_Save
    cpu_core.o(i.CPU_NameClr) refers to cpu_core.o(i.CPU_IntDisMeasStart) for CPU_IntDisMeasStart
    cpu_core.o(i.CPU_NameClr) refers to lib_mem.o(i.Mem_Clr) for Mem_Clr
    cpu_core.o(i.CPU_NameClr) refers to cpu_core.o(i.CPU_IntDisMeasStop) for CPU_IntDisMeasStop
    cpu_core.o(i.CPU_NameClr) refers to cpu_core.o(.bss) for CPU_Name
    cpu_core.o(i.CPU_NameGet) refers to cpu_core.o(i.CPU_SW_Exception) for CPU_SW_Exception
    cpu_core.o(i.CPU_NameGet) refers to cpu_a.o(.text) for CPU_SR_Save
    cpu_core.o(i.CPU_NameGet) refers to cpu_core.o(i.CPU_IntDisMeasStart) for CPU_IntDisMeasStart
    cpu_core.o(i.CPU_NameGet) refers to lib_str.o(i.Str_Copy_N) for Str_Copy_N
    cpu_core.o(i.CPU_NameGet) refers to cpu_core.o(i.CPU_IntDisMeasStop) for CPU_IntDisMeasStop
    cpu_core.o(i.CPU_NameGet) refers to cpu_core.o(.bss) for CPU_Name
    cpu_core.o(i.CPU_NameInit) refers to cpu_core.o(i.CPU_NameClr) for CPU_NameClr
    cpu_core.o(i.CPU_NameSet) refers to cpu_core.o(i.CPU_SW_Exception) for CPU_SW_Exception
    cpu_core.o(i.CPU_NameSet) refers to lib_str.o(i.Str_Len_N) for Str_Len_N
    cpu_core.o(i.CPU_NameSet) refers to cpu_a.o(.text) for CPU_SR_Save
    cpu_core.o(i.CPU_NameSet) refers to cpu_core.o(i.CPU_IntDisMeasStart) for CPU_IntDisMeasStart
    cpu_core.o(i.CPU_NameSet) refers to lib_str.o(i.Str_Copy_N) for Str_Copy_N
    cpu_core.o(i.CPU_NameSet) refers to cpu_core.o(i.CPU_IntDisMeasStop) for CPU_IntDisMeasStop
    cpu_core.o(i.CPU_NameSet) refers to cpu_core.o(.bss) for CPU_Name
    cpu_core.o(i.CPU_TS_Get32) refers to bsp.o(i.CPU_TS_TmrRd) for CPU_TS_TmrRd
    cpu_core.o(i.CPU_TS_Init) refers to bsp.o(i.CPU_TS_TmrInit) for CPU_TS_TmrInit
    cpu_core.o(i.CPU_TS_Init) refers to cpu_core.o(.data) for CPU_TS_TmrFreq_Hz
    cpu_core.o(i.CPU_TS_TmrFreqGet) refers to cpu_core.o(i.CPU_SW_Exception) for CPU_SW_Exception
    cpu_core.o(i.CPU_TS_TmrFreqGet) refers to cpu_core.o(.data) for CPU_TS_TmrFreq_Hz
    cpu_core.o(i.CPU_TS_TmrFreqSet) refers to cpu_core.o(.data) for CPU_TS_TmrFreq_Hz
    cpu_c.o(i.CPU_IntSrcDis) refers to cpu_a.o(.text) for CPU_SR_Save
    cpu_c.o(i.CPU_IntSrcDis) refers to cpu_core.o(i.CPU_IntDisMeasStart) for CPU_IntDisMeasStart
    cpu_c.o(i.CPU_IntSrcDis) refers to cpu_core.o(i.CPU_IntDisMeasStop) for CPU_IntDisMeasStop
    cpu_c.o(i.CPU_IntSrcEn) refers to cpu_a.o(.text) for CPU_SR_Save
    cpu_c.o(i.CPU_IntSrcEn) refers to cpu_core.o(i.CPU_IntDisMeasStart) for CPU_IntDisMeasStart
    cpu_c.o(i.CPU_IntSrcEn) refers to cpu_core.o(i.CPU_IntDisMeasStop) for CPU_IntDisMeasStop
    cpu_c.o(i.CPU_IntSrcPendClr) refers to cpu_a.o(.text) for CPU_SR_Save
    cpu_c.o(i.CPU_IntSrcPendClr) refers to cpu_core.o(i.CPU_IntDisMeasStart) for CPU_IntDisMeasStart
    cpu_c.o(i.CPU_IntSrcPendClr) refers to cpu_core.o(i.CPU_IntDisMeasStop) for CPU_IntDisMeasStop
    cpu_c.o(i.CPU_IntSrcPrioGet) refers to cpu_a.o(.text) for CPU_SR_Save
    cpu_c.o(i.CPU_IntSrcPrioGet) refers to cpu_core.o(i.CPU_IntDisMeasStart) for CPU_IntDisMeasStart
    cpu_c.o(i.CPU_IntSrcPrioGet) refers to cpu_core.o(i.CPU_IntDisMeasStop) for CPU_IntDisMeasStop
    cpu_c.o(i.CPU_IntSrcPrioSet) refers to cpu_a.o(.text) for CPU_RevBits
    cpu_c.o(i.CPU_IntSrcPrioSet) refers to cpu_core.o(i.CPU_IntDisMeasStart) for CPU_IntDisMeasStart
    cpu_c.o(i.CPU_IntSrcPrioSet) refers to cpu_core.o(i.CPU_IntDisMeasStop) for CPU_IntDisMeasStop
    lib_ascii.o(i.ASCII_Cmp) refers to lib_ascii.o(i.ASCII_ToUpper) for ASCII_ToUpper
    lib_math.o(i.Math_Init) refers to lib_math.o(i.Math_RandSetSeed) for Math_RandSetSeed
    lib_math.o(i.Math_Rand) refers to cpu_a.o(.text) for CPU_SR_Save
    lib_math.o(i.Math_Rand) refers to cpu_core.o(i.CPU_IntDisMeasStart) for CPU_IntDisMeasStart
    lib_math.o(i.Math_Rand) refers to lib_math.o(i.Math_RandSeed) for Math_RandSeed
    lib_math.o(i.Math_Rand) refers to cpu_core.o(i.CPU_IntDisMeasStop) for CPU_IntDisMeasStop
    lib_math.o(i.Math_Rand) refers to lib_math.o(.data) for Math_RandSeedCur
    lib_math.o(i.Math_RandSetSeed) refers to cpu_a.o(.text) for CPU_SR_Save
    lib_math.o(i.Math_RandSetSeed) refers to cpu_core.o(i.CPU_IntDisMeasStart) for CPU_IntDisMeasStart
    lib_math.o(i.Math_RandSetSeed) refers to cpu_core.o(i.CPU_IntDisMeasStop) for CPU_IntDisMeasStop
    lib_math.o(i.Math_RandSetSeed) refers to lib_math.o(.data) for Math_RandSeedCur
    lib_mem.o(i.Mem_Clr) refers to lib_mem.o(i.Mem_Set) for Mem_Set
    lib_mem.o(i.Mem_HeapAlloc) refers to cpu_core.o(i.CPU_SW_Exception) for CPU_SW_Exception
    lib_mem.o(i.Mem_HeapAlloc) refers to cpu_a.o(.text) for CPU_SR_Save
    lib_mem.o(i.Mem_HeapAlloc) refers to cpu_core.o(i.CPU_IntDisMeasStart) for CPU_IntDisMeasStart
    lib_mem.o(i.Mem_HeapAlloc) refers to lib_mem.o(i.Mem_SegCalcTotSize) for Mem_SegCalcTotSize
    lib_mem.o(i.Mem_HeapAlloc) refers to cpu_core.o(i.CPU_IntDisMeasStop) for CPU_IntDisMeasStop
    lib_mem.o(i.Mem_HeapAlloc) refers to lib_mem.o(i.Mem_SegAlloc) for Mem_SegAlloc
    lib_mem.o(i.Mem_HeapAlloc) refers to lib_mem.o(.bss) for Mem_PoolHeap
    lib_mem.o(i.Mem_HeapGetSizeRem) refers to lib_mem.o(i.Mem_SegGetSizeRem) for Mem_SegGetSizeRem
    lib_mem.o(i.Mem_HeapGetSizeRem) refers to lib_mem.o(.bss) for Mem_PoolHeap
    lib_mem.o(i.Mem_Init) refers to lib_mem.o(.bss) for Mem_PoolHeap
    lib_mem.o(i.Mem_Init) refers to lib_mem.o(.data) for Mem_PoolTbl
    lib_mem.o(i.Mem_Move) refers to lib_mem_a.o(.text) for Mem_Copy
    lib_mem.o(i.Mem_PoolBlkFree) refers to cpu_core.o(i.CPU_SW_Exception) for CPU_SW_Exception
    lib_mem.o(i.Mem_PoolBlkFree) refers to cpu_a.o(.text) for CPU_SR_Save
    lib_mem.o(i.Mem_PoolBlkFree) refers to cpu_core.o(i.CPU_IntDisMeasStart) for CPU_IntDisMeasStart
    lib_mem.o(i.Mem_PoolBlkFree) refers to cpu_core.o(i.CPU_IntDisMeasStop) for CPU_IntDisMeasStop
    lib_mem.o(i.Mem_PoolBlkFree) refers to lib_mem.o(i.Mem_PoolBlkIsValidAddr) for Mem_PoolBlkIsValidAddr
    lib_mem.o(i.Mem_PoolBlkGet) refers to cpu_core.o(i.CPU_SW_Exception) for CPU_SW_Exception
    lib_mem.o(i.Mem_PoolBlkGet) refers to cpu_a.o(.text) for CPU_SR_Save
    lib_mem.o(i.Mem_PoolBlkGet) refers to cpu_core.o(i.CPU_IntDisMeasStart) for CPU_IntDisMeasStart
    lib_mem.o(i.Mem_PoolBlkGet) refers to cpu_core.o(i.CPU_IntDisMeasStop) for CPU_IntDisMeasStop
    lib_mem.o(i.Mem_PoolBlkGetNbrAvail) refers to cpu_core.o(i.CPU_SW_Exception) for CPU_SW_Exception
    lib_mem.o(i.Mem_PoolBlkGetNbrAvail) refers to cpu_a.o(.text) for CPU_SR_Save
    lib_mem.o(i.Mem_PoolBlkGetNbrAvail) refers to cpu_core.o(i.CPU_IntDisMeasStart) for CPU_IntDisMeasStart
    lib_mem.o(i.Mem_PoolBlkGetNbrAvail) refers to cpu_core.o(i.CPU_IntDisMeasStop) for CPU_IntDisMeasStop
    lib_mem.o(i.Mem_PoolBlkGetUsedAtIx) refers to cpu_core.o(i.CPU_SW_Exception) for CPU_SW_Exception
    lib_mem.o(i.Mem_PoolBlkGetUsedAtIx) refers to cpu_a.o(.text) for CPU_SR_Save
    lib_mem.o(i.Mem_PoolBlkGetUsedAtIx) refers to cpu_core.o(i.CPU_IntDisMeasStart) for CPU_IntDisMeasStart
    lib_mem.o(i.Mem_PoolBlkGetUsedAtIx) refers to cpu_core.o(i.CPU_IntDisMeasStop) for CPU_IntDisMeasStop
    lib_mem.o(i.Mem_PoolBlkIxGet) refers to cpu_core.o(i.CPU_SW_Exception) for CPU_SW_Exception
    lib_mem.o(i.Mem_PoolBlkIxGet) refers to cpu_a.o(.text) for CPU_SR_Save
    lib_mem.o(i.Mem_PoolBlkIxGet) refers to cpu_core.o(i.CPU_IntDisMeasStart) for CPU_IntDisMeasStart
    lib_mem.o(i.Mem_PoolBlkIxGet) refers to cpu_core.o(i.CPU_IntDisMeasStop) for CPU_IntDisMeasStop
    lib_mem.o(i.Mem_PoolBlkIxGet) refers to lib_mem.o(i.Mem_PoolBlkIsValidAddr) for Mem_PoolBlkIsValidAddr
    lib_mem.o(i.Mem_PoolClr) refers to cpu_core.o(i.CPU_SW_Exception) for CPU_SW_Exception
    lib_mem.o(i.Mem_PoolCreate) refers to cpu_core.o(i.CPU_SW_Exception) for CPU_SW_Exception
    lib_mem.o(i.Mem_PoolCreate) refers to lib_mem.o(i.Mem_PoolClr) for Mem_PoolClr
    lib_mem.o(i.Mem_PoolCreate) refers to cpu_a.o(.text) for CPU_SR_Save
    lib_mem.o(i.Mem_PoolCreate) refers to cpu_core.o(i.CPU_IntDisMeasStart) for CPU_IntDisMeasStart
    lib_mem.o(i.Mem_PoolCreate) refers to lib_mem.o(i.Mem_SegCalcTotSize) for Mem_SegCalcTotSize
    lib_mem.o(i.Mem_PoolCreate) refers to cpu_core.o(i.CPU_IntDisMeasStop) for CPU_IntDisMeasStop
    lib_mem.o(i.Mem_PoolCreate) refers to lib_mem.o(i.Mem_SegAlloc) for Mem_SegAlloc
    lib_mem.o(i.Mem_PoolCreate) refers to lib_mem.o(.data) for Mem_PoolTbl
    lib_mem.o(i.Mem_PoolCreate) refers to lib_mem.o(.bss) for Mem_PoolHeap
    lib_mem.o(i.Mem_SegGetSizeRem) refers to cpu_core.o(i.CPU_SW_Exception) for CPU_SW_Exception
    lib_mem.o(i.Mem_SegGetSizeRem) refers to cpu_a.o(.text) for CPU_SR_Save
    lib_mem.o(i.Mem_SegGetSizeRem) refers to cpu_core.o(i.CPU_IntDisMeasStart) for CPU_IntDisMeasStart
    lib_mem.o(i.Mem_SegGetSizeRem) refers to cpu_core.o(i.CPU_IntDisMeasStop) for CPU_IntDisMeasStop
    lib_mem.o(i.Mem_SegGetSizeRem) refers to lib_mem.o(.bss) for Mem_PoolHeap
    lib_str.o(i.Str_Cat) refers to lib_str.o(i.Str_Cat_N) for Str_Cat_N
    lib_str.o(i.Str_Char) refers to lib_str.o(i.Str_Char_N) for Str_Char_N
    lib_str.o(i.Str_Char_Last) refers to lib_str.o(i.Str_Char_Last_N) for Str_Char_Last_N
    lib_str.o(i.Str_Char_Last_N) refers to lib_str.o(i.Str_Len_N) for Str_Len_N
    lib_str.o(i.Str_Char_Replace) refers to lib_str.o(i.Str_Char_Replace_N) for Str_Char_Replace_N
    lib_str.o(i.Str_Cmp) refers to lib_str.o(i.Str_Cmp_N) for Str_Cmp_N
    lib_str.o(i.Str_CmpIgnoreCase) refers to lib_str.o(i.Str_CmpIgnoreCase_N) for Str_CmpIgnoreCase_N
    lib_str.o(i.Str_CmpIgnoreCase_N) refers to lib_ascii.o(i.ASCII_ToLower) for ASCII_ToLower
    lib_str.o(i.Str_Copy) refers to lib_str.o(i.Str_Copy_N) for Str_Copy_N
    lib_str.o(i.Str_FmtNbr_Int32) refers to lib_ascii.o(i.ASCII_IsPrint) for ASCII_IsPrint
    lib_str.o(i.Str_FmtNbr_Int32S) refers to lib_str.o(i.Str_FmtNbr_Int32) for Str_FmtNbr_Int32
    lib_str.o(i.Str_FmtNbr_Int32U) refers to lib_str.o(i.Str_FmtNbr_Int32) for Str_FmtNbr_Int32
    lib_str.o(i.Str_Len) refers to lib_str.o(i.Str_Len_N) for Str_Len_N
    lib_str.o(i.Str_ParseNbr_Int32) refers to lib_ascii.o(i.ASCII_IsSpace) for ASCII_IsSpace
    lib_str.o(i.Str_ParseNbr_Int32) refers to lib_ascii.o(i.ASCII_IsDigHex) for ASCII_IsDigHex
    lib_str.o(i.Str_ParseNbr_Int32) refers to lib_ascii.o(i.ASCII_IsAlphaNum) for ASCII_IsAlphaNum
    lib_str.o(i.Str_ParseNbr_Int32) refers to lib_ascii.o(i.ASCII_IsDig) for ASCII_IsDig
    lib_str.o(i.Str_ParseNbr_Int32) refers to lib_ascii.o(i.ASCII_IsLower) for ASCII_IsLower
    lib_str.o(i.Str_ParseNbr_Int32) refers to lib_str.o(.constdata) for Str_MultOvfThTbl_Int32U
    lib_str.o(i.Str_ParseNbr_Int32S) refers to lib_str.o(i.Str_ParseNbr_Int32) for Str_ParseNbr_Int32
    lib_str.o(i.Str_ParseNbr_Int32U) refers to lib_str.o(i.Str_ParseNbr_Int32) for Str_ParseNbr_Int32
    lib_str.o(i.Str_Str) refers to lib_str.o(i.Str_Str_N) for Str_Str_N
    lib_str.o(i.Str_Str_N) refers to lib_str.o(i.Str_Len_N) for Str_Len_N
    lib_str.o(i.Str_Str_N) refers to lib_str.o(i.Str_Cmp_N) for Str_Cmp_N
    os_cfg_app.o(.constdata) refers to os_cfg_app.o(.bss) for OSCfg_IdleTaskStk
    os_core.o(i.OSInit) refers to os_cpu_c.o(i.OSInitHook) for OSInitHook
    os_core.o(i.OSInit) refers to os_prio.o(i.OS_PrioInit) for OS_PrioInit
    os_core.o(i.OSInit) refers to os_core.o(i.OS_RdyListInit) for OS_RdyListInit
    os_core.o(i.OSInit) refers to os_flag.o(i.OS_FlagInit) for OS_FlagInit
    os_core.o(i.OSInit) refers to os_msg.o(i.OS_MsgPoolInit) for OS_MsgPoolInit
    os_core.o(i.OSInit) refers to os_mutex.o(i.OS_MutexInit) for OS_MutexInit
    os_core.o(i.OSInit) refers to os_sem.o(i.OS_SemInit) for OS_SemInit
    os_core.o(i.OSInit) refers to os_task.o(i.OS_TaskInit) for OS_TaskInit
    os_core.o(i.OSInit) refers to os_int.o(i.OS_IntQTaskInit) for OS_IntQTaskInit
    os_core.o(i.OSInit) refers to os_core.o(i.OS_IdleTaskInit) for OS_IdleTaskInit
    os_core.o(i.OSInit) refers to os_tick.o(i.OS_TickTaskInit) for OS_TickTaskInit
    os_core.o(i.OSInit) refers to os_stat.o(i.OS_StatTaskInit) for OS_StatTaskInit
    os_core.o(i.OSInit) refers to os_tmr.o(i.OS_TmrInit) for OS_TmrInit
    os_core.o(i.OSInit) refers to os_dbg.o(i.OS_Dbg_Init) for OS_Dbg_Init
    os_core.o(i.OSInit) refers to os_cfg_app.o(i.OSCfg_Init) for OSCfg_Init
    os_core.o(i.OSInit) refers to os_var.o(.data) for OSIntNestingCtr
    os_core.o(i.OSInit) refers to os_cfg_app.o(.constdata) for OSCfg_TickRate_Hz
    os_core.o(i.OSIntEnter) refers to os_var.o(.data) for OSRunning
    os_core.o(i.OSIntExit) refers to cpu_a.o(.text) for CPU_SR_Save
    os_core.o(i.OSIntExit) refers to os_prio.o(i.OS_PrioGetHighest) for OS_PrioGetHighest
    os_core.o(i.OSIntExit) refers to os_var.o(.data) for OSRunning
    os_core.o(i.OSIntExit) refers to os_var.o(.bss) for OSRdyList
    os_core.o(i.OSSched) refers to cpu_a.o(.text) for CPU_SR_Save
    os_core.o(i.OSSched) refers to os_prio.o(i.OS_PrioGetHighest) for OS_PrioGetHighest
    os_core.o(i.OSSched) refers to os_var.o(.data) for OSIntNestingCtr
    os_core.o(i.OSSched) refers to os_var.o(.bss) for OSRdyList
    os_core.o(i.OSSchedLock) refers to cpu_a.o(.text) for CPU_SR_Save
    os_core.o(i.OSSchedLock) refers to cpu_core.o(i.CPU_IntDisMeasStart) for CPU_IntDisMeasStart
    os_core.o(i.OSSchedLock) refers to os_core.o(i.OS_SchedLockTimeMeasStart) for OS_SchedLockTimeMeasStart
    os_core.o(i.OSSchedLock) refers to cpu_core.o(i.CPU_IntDisMeasStop) for CPU_IntDisMeasStop
    os_core.o(i.OSSchedLock) refers to os_var.o(.data) for OSIntNestingCtr
    os_core.o(i.OSSchedRoundRobinCfg) refers to cpu_a.o(.text) for CPU_SR_Save
    os_core.o(i.OSSchedRoundRobinCfg) refers to cpu_core.o(i.CPU_IntDisMeasStart) for CPU_IntDisMeasStart
    os_core.o(i.OSSchedRoundRobinCfg) refers to cpu_core.o(i.CPU_IntDisMeasStop) for CPU_IntDisMeasStop
    os_core.o(i.OSSchedRoundRobinCfg) refers to os_var.o(.data) for OSSchedRoundRobinEn
    os_core.o(i.OSSchedRoundRobinCfg) refers to os_cfg_app.o(.constdata) for OSCfg_TickRate_Hz
    os_core.o(i.OSSchedRoundRobinYield) refers to cpu_a.o(.text) for CPU_SR_Save
    os_core.o(i.OSSchedRoundRobinYield) refers to cpu_core.o(i.CPU_IntDisMeasStart) for CPU_IntDisMeasStart
    os_core.o(i.OSSchedRoundRobinYield) refers to cpu_core.o(i.CPU_IntDisMeasStop) for CPU_IntDisMeasStop
    os_core.o(i.OSSchedRoundRobinYield) refers to os_core.o(i.OS_RdyListMoveHeadToTail) for OS_RdyListMoveHeadToTail
    os_core.o(i.OSSchedRoundRobinYield) refers to os_core.o(i.OSSched) for OSSched
    os_core.o(i.OSSchedRoundRobinYield) refers to os_var.o(.data) for OSIntNestingCtr
    os_core.o(i.OSSchedRoundRobinYield) refers to os_var.o(.bss) for OSRdyList
    os_core.o(i.OSSchedUnlock) refers to cpu_a.o(.text) for CPU_SR_Save
    os_core.o(i.OSSchedUnlock) refers to cpu_core.o(i.CPU_IntDisMeasStart) for CPU_IntDisMeasStart
    os_core.o(i.OSSchedUnlock) refers to cpu_core.o(i.CPU_IntDisMeasStop) for CPU_IntDisMeasStop
    os_core.o(i.OSSchedUnlock) refers to os_core.o(i.OS_SchedLockTimeMeasStop) for OS_SchedLockTimeMeasStop
    os_core.o(i.OSSchedUnlock) refers to os_core.o(i.OSSched) for OSSched
    os_core.o(i.OSSchedUnlock) refers to os_var.o(.data) for OSIntNestingCtr
    os_core.o(i.OSStart) refers to os_prio.o(i.OS_PrioGetHighest) for OS_PrioGetHighest
    os_core.o(i.OSStart) refers to os_cpu_a.o(CODE) for OSStartHighRdy
    os_core.o(i.OSStart) refers to os_var.o(.data) for OSRunning
    os_core.o(i.OSStart) refers to os_var.o(.bss) for OSRdyList
    os_core.o(i.OS_IdleTask) refers to cpu_a.o(.text) for CPU_SR_Save
    os_core.o(i.OS_IdleTask) refers to cpu_core.o(i.CPU_IntDisMeasStart) for CPU_IntDisMeasStart
    os_core.o(i.OS_IdleTask) refers to cpu_core.o(i.CPU_IntDisMeasStop) for CPU_IntDisMeasStop
    os_core.o(i.OS_IdleTask) refers to os_cpu_c.o(i.OSIdleTaskHook) for OSIdleTaskHook
    os_core.o(i.OS_IdleTask) refers to os_var.o(.data) for OSIdleTaskCtr
    os_core.o(i.OS_IdleTaskInit) refers to os_task.o(i.OSTaskCreate) for OSTaskCreate
    os_core.o(i.OS_IdleTaskInit) refers to os_var.o(.data) for OSIdleTaskCtr
    os_core.o(i.OS_IdleTaskInit) refers to os_cfg_app.o(.constdata) for OSCfg_IdleTaskStkSize
    os_core.o(i.OS_IdleTaskInit) refers to os_core.o(i.OS_IdleTask) for OS_IdleTask
    os_core.o(i.OS_IdleTaskInit) refers to os_var.o(.bss) for OSIdleTaskTCB
    os_core.o(i.OS_Pend) refers to os_core.o(i.OS_TaskBlock) for OS_TaskBlock
    os_core.o(i.OS_Pend) refers to os_core.o(i.OS_PendDataInit) for OS_PendDataInit
    os_core.o(i.OS_Pend) refers to os_core.o(i.OS_PendListInsertPrio) for OS_PendListInsertPrio
    os_core.o(i.OS_Pend) refers to os_core.o(i.OS_PendDbgNameAdd) for OS_PendDbgNameAdd
    os_core.o(i.OS_Pend) refers to os_var.o(.data) for OSTCBCurPtr
    os_core.o(i.OS_PendAbort) refers to os_core.o(i.OS_PendAbort1) for OS_PendAbort1
    os_core.o(i.OS_PendAbort) refers to os_core.o(i.OS_PendListRemove) for OS_PendListRemove
    os_core.o(i.OS_PendAbort) refers to os_core.o(i.OS_TaskRdy) for OS_TaskRdy
    os_core.o(i.OS_PendAbort) refers to os_tick.o(i.OS_TickListRemove) for OS_TickListRemove
    os_core.o(i.OS_PendListChangePrio) refers to os_core.o(i.OS_PendListRemove1) for OS_PendListRemove1
    os_core.o(i.OS_PendListChangePrio) refers to os_core.o(i.OS_PendListInsertPrio) for OS_PendListInsertPrio
    os_core.o(i.OS_PendListRemove) refers to os_core.o(i.OS_PendListRemove1) for OS_PendListRemove1
    os_core.o(i.OS_PendObjDel) refers to os_core.o(i.OS_PendObjDel1) for OS_PendObjDel1
    os_core.o(i.OS_PendObjDel) refers to os_core.o(i.OS_PendListRemove) for OS_PendListRemove
    os_core.o(i.OS_PendObjDel) refers to os_core.o(i.OS_TaskRdy) for OS_TaskRdy
    os_core.o(i.OS_PendObjDel) refers to os_tick.o(i.OS_TickListRemove) for OS_TickListRemove
    os_core.o(i.OS_Post) refers to os_core.o(i.OS_Post1) for OS_Post1
    os_core.o(i.OS_Post) refers to os_core.o(i.OS_PendListRemove) for OS_PendListRemove
    os_core.o(i.OS_Post) refers to os_core.o(i.OS_PendDbgNameRemove) for OS_PendDbgNameRemove
    os_core.o(i.OS_Post) refers to os_core.o(i.OS_TaskRdy) for OS_TaskRdy
    os_core.o(i.OS_Post) refers to os_tick.o(i.OS_TickListRemove) for OS_TickListRemove
    os_core.o(i.OS_RdyListInit) refers to os_var.o(.bss) for OSRdyList
    os_core.o(i.OS_RdyListInsert) refers to os_prio.o(i.OS_PrioInsert) for OS_PrioInsert
    os_core.o(i.OS_RdyListInsert) refers to os_core.o(i.OS_RdyListInsertTail) for OS_RdyListInsertTail
    os_core.o(i.OS_RdyListInsert) refers to os_core.o(i.OS_RdyListInsertHead) for OS_RdyListInsertHead
    os_core.o(i.OS_RdyListInsert) refers to os_var.o(.data) for OSPrioCur
    os_core.o(i.OS_RdyListInsertHead) refers to os_var.o(.bss) for OSRdyList
    os_core.o(i.OS_RdyListInsertTail) refers to os_var.o(.bss) for OSRdyList
    os_core.o(i.OS_RdyListRemove) refers to os_prio.o(i.OS_PrioRemove) for OS_PrioRemove
    os_core.o(i.OS_RdyListRemove) refers to os_var.o(.bss) for OSRdyList
    os_core.o(i.OS_Sched0) refers to cpu_a.o(.text) for CPU_SR_Save
    os_core.o(i.OS_Sched0) refers to os_var.o(.data) for OSPrioHighRdy
    os_core.o(i.OS_Sched0) refers to os_var.o(.bss) for OSIntQTaskTCB
    os_core.o(i.OS_SchedLockTimeMeasStart) refers to bsp.o(i.CPU_TS_TmrRd) for CPU_TS_TmrRd
    os_core.o(i.OS_SchedLockTimeMeasStart) refers to os_var.o(.data) for OSSchedLockNestingCtr
    os_core.o(i.OS_SchedLockTimeMeasStop) refers to bsp.o(i.CPU_TS_TmrRd) for CPU_TS_TmrRd
    os_core.o(i.OS_SchedLockTimeMeasStop) refers to os_var.o(.data) for OSSchedLockNestingCtr
    os_core.o(i.OS_SchedRoundRobin) refers to cpu_a.o(.text) for CPU_SR_Save
    os_core.o(i.OS_SchedRoundRobin) refers to cpu_core.o(i.CPU_IntDisMeasStart) for CPU_IntDisMeasStart
    os_core.o(i.OS_SchedRoundRobin) refers to cpu_core.o(i.CPU_IntDisMeasStop) for CPU_IntDisMeasStop
    os_core.o(i.OS_SchedRoundRobin) refers to os_core.o(i.OS_RdyListMoveHeadToTail) for OS_RdyListMoveHeadToTail
    os_core.o(i.OS_SchedRoundRobin) refers to os_var.o(.data) for OSSchedRoundRobinEn
    os_core.o(i.OS_SchedRoundRobin) refers to os_var.o(.bss) for OSIdleTaskTCB
    os_core.o(i.OS_TaskBlock) refers to os_tick.o(i.OS_TickListInsert) for OS_TickListInsert
    os_core.o(i.OS_TaskBlock) refers to os_core.o(i.OS_RdyListRemove) for OS_RdyListRemove
    os_core.o(i.OS_TaskRdy) refers to os_tick.o(i.OS_TickListRemove) for OS_TickListRemove
    os_core.o(i.OS_TaskRdy) refers to os_core.o(i.OS_RdyListInsert) for OS_RdyListInsert
    os_dbg.o(i.OS_Dbg_Init) refers to os_dbg.o(.constdata) for OSDbg_DbgEn
    os_flag.o(i.OSFlagCreate) refers to cpu_a.o(.text) for CPU_SR_Save
    os_flag.o(i.OSFlagCreate) refers to cpu_core.o(i.CPU_IntDisMeasStart) for CPU_IntDisMeasStart
    os_flag.o(i.OSFlagCreate) refers to os_core.o(i.OS_SchedLockTimeMeasStart) for OS_SchedLockTimeMeasStart
    os_flag.o(i.OSFlagCreate) refers to cpu_core.o(i.CPU_IntDisMeasStop) for CPU_IntDisMeasStop
    os_flag.o(i.OSFlagCreate) refers to os_core.o(i.OS_PendListInit) for OS_PendListInit
    os_flag.o(i.OSFlagCreate) refers to os_flag.o(i.OS_FlagDbgListAdd) for OS_FlagDbgListAdd
    os_flag.o(i.OSFlagCreate) refers to os_core.o(i.OS_SchedLockTimeMeasStop) for OS_SchedLockTimeMeasStop
    os_flag.o(i.OSFlagCreate) refers to os_var.o(.data) for OSIntNestingCtr
    os_flag.o(i.OSFlagDel) refers to cpu_a.o(.text) for CPU_SR_Save
    os_flag.o(i.OSFlagDel) refers to cpu_core.o(i.CPU_IntDisMeasStart) for CPU_IntDisMeasStart
    os_flag.o(i.OSFlagDel) refers to os_core.o(i.OS_SchedLockTimeMeasStart) for OS_SchedLockTimeMeasStart
    os_flag.o(i.OSFlagDel) refers to cpu_core.o(i.CPU_IntDisMeasStop) for CPU_IntDisMeasStop
    os_flag.o(i.OSFlagDel) refers to os_flag.o(i.OS_FlagDbgListRemove) for OS_FlagDbgListRemove
    os_flag.o(i.OSFlagDel) refers to os_flag.o(i.OS_FlagClr) for OS_FlagClr
    os_flag.o(i.OSFlagDel) refers to os_core.o(i.OS_SchedLockTimeMeasStop) for OS_SchedLockTimeMeasStop
    os_flag.o(i.OSFlagDel) refers to os_core.o(i.OS_Sched0) for OS_Sched0
    os_flag.o(i.OSFlagDel) refers to bsp.o(i.CPU_TS_TmrRd) for CPU_TS_TmrRd
    os_flag.o(i.OSFlagDel) refers to os_core.o(i.OS_PendObjDel) for OS_PendObjDel
    os_flag.o(i.OSFlagDel) refers to os_core.o(i.OSSched) for OSSched
    os_flag.o(i.OSFlagDel) refers to os_var.o(.data) for OSIntNestingCtr
    os_flag.o(i.OSFlagPend) refers to cpu_a.o(.text) for CPU_SR_Save
    os_flag.o(i.OSFlagPend) refers to cpu_core.o(i.CPU_IntDisMeasStart) for CPU_IntDisMeasStart
    os_flag.o(i.OSFlagPend) refers to cpu_core.o(i.CPU_IntDisMeasStop) for CPU_IntDisMeasStop
    os_flag.o(i.OSFlagPend) refers to os_core.o(i.OS_SchedLockTimeMeasStart) for OS_SchedLockTimeMeasStart
    os_flag.o(i.OSFlagPend) refers to os_flag.o(i.OS_FlagBlock) for OS_FlagBlock
    os_flag.o(i.OSFlagPend) refers to os_core.o(i.OS_SchedLockTimeMeasStop) for OS_SchedLockTimeMeasStop
    os_flag.o(i.OSFlagPend) refers to os_var.o(.data) for OSIntNestingCtr
    os_flag.o(i.OSFlagPend) refers to os_core.o(i.OSSched) for OSSched
    os_flag.o(i.OSFlagPendAbort) refers to cpu_a.o(.text) for CPU_SR_Save
    os_flag.o(i.OSFlagPendAbort) refers to cpu_core.o(i.CPU_IntDisMeasStart) for CPU_IntDisMeasStart
    os_flag.o(i.OSFlagPendAbort) refers to cpu_core.o(i.CPU_IntDisMeasStop) for CPU_IntDisMeasStop
    os_flag.o(i.OSFlagPendAbort) refers to os_core.o(i.OS_SchedLockTimeMeasStart) for OS_SchedLockTimeMeasStart
    os_flag.o(i.OSFlagPendAbort) refers to bsp.o(i.CPU_TS_TmrRd) for CPU_TS_TmrRd
    os_flag.o(i.OSFlagPendAbort) refers to os_core.o(i.OS_PendAbort) for OS_PendAbort
    os_flag.o(i.OSFlagPendAbort) refers to os_core.o(i.OS_SchedLockTimeMeasStop) for OS_SchedLockTimeMeasStop
    os_flag.o(i.OSFlagPendAbort) refers to os_core.o(i.OSSched) for OSSched
    os_flag.o(i.OSFlagPendAbort) refers to os_var.o(.data) for OSIntNestingCtr
    os_flag.o(i.OSFlagPendGetFlagsRdy) refers to cpu_a.o(.text) for CPU_SR_Save
    os_flag.o(i.OSFlagPendGetFlagsRdy) refers to cpu_core.o(i.CPU_IntDisMeasStart) for CPU_IntDisMeasStart
    os_flag.o(i.OSFlagPendGetFlagsRdy) refers to cpu_core.o(i.CPU_IntDisMeasStop) for CPU_IntDisMeasStop
    os_flag.o(i.OSFlagPendGetFlagsRdy) refers to os_var.o(.data) for OSIntNestingCtr
    os_flag.o(i.OSFlagPost) refers to bsp.o(i.CPU_TS_TmrRd) for CPU_TS_TmrRd
    os_flag.o(i.OSFlagPost) refers to os_int.o(i.OS_IntQPost) for OS_IntQPost
    os_flag.o(i.OSFlagPost) refers to os_flag.o(i.OS_FlagPost) for OS_FlagPost
    os_flag.o(i.OSFlagPost) refers to os_var.o(.data) for OSIntNestingCtr
    os_flag.o(i.OS_FlagBlock) refers to os_core.o(i.OS_Pend) for OS_Pend
    os_flag.o(i.OS_FlagBlock) refers to os_var.o(.data) for OSTCBCurPtr
    os_flag.o(i.OS_FlagClr) refers to os_core.o(i.OS_PendListInit) for OS_PendListInit
    os_flag.o(i.OS_FlagDbgListAdd) refers to os_var.o(.data) for OSFlagDbgListPtr
    os_flag.o(i.OS_FlagDbgListRemove) refers to os_var.o(.data) for OSFlagDbgListPtr
    os_flag.o(i.OS_FlagInit) refers to os_var.o(.data) for OSFlagDbgListPtr
    os_flag.o(i.OS_FlagPost) refers to cpu_a.o(.text) for CPU_SR_Save
    os_flag.o(i.OS_FlagPost) refers to cpu_core.o(i.CPU_IntDisMeasStart) for CPU_IntDisMeasStart
    os_flag.o(i.OS_FlagPost) refers to cpu_core.o(i.CPU_IntDisMeasStop) for CPU_IntDisMeasStop
    os_flag.o(i.OS_FlagPost) refers to os_core.o(i.OS_SchedLockTimeMeasStart) for OS_SchedLockTimeMeasStart
    os_flag.o(i.OS_FlagPost) refers to os_flag.o(i.OS_FlagTaskRdy) for OS_FlagTaskRdy
    os_flag.o(i.OS_FlagPost) refers to os_core.o(i.OS_SchedLockTimeMeasStop) for OS_SchedLockTimeMeasStop
    os_flag.o(i.OS_FlagPost) refers to os_core.o(i.OS_Sched0) for OS_Sched0
    os_flag.o(i.OS_FlagPost) refers to os_core.o(i.OSSched) for OSSched
    os_flag.o(i.OS_FlagPost) refers to os_var.o(.data) for OSSchedLockNestingCtr
    os_flag.o(i.OS_FlagTaskRdy) refers to os_core.o(i.OS_TaskRdy) for OS_TaskRdy
    os_flag.o(i.OS_FlagTaskRdy) refers to os_core.o(i.OS_PendListRemove) for OS_PendListRemove
    os_int.o(i.OS_IntQPost) refers to cpu_a.o(.text) for CPU_SR_Save
    os_int.o(i.OS_IntQPost) refers to cpu_core.o(i.CPU_IntDisMeasStart) for CPU_IntDisMeasStart
    os_int.o(i.OS_IntQPost) refers to os_prio.o(i.OS_PrioInsert) for OS_PrioInsert
    os_int.o(i.OS_IntQPost) refers to cpu_core.o(i.CPU_IntDisMeasStop) for CPU_IntDisMeasStop
    os_int.o(i.OS_IntQPost) refers to os_var.o(.data) for OSIntQNbrEntries
    os_int.o(i.OS_IntQPost) refers to os_cfg_app.o(.constdata) for OSCfg_IntQSize
    os_int.o(i.OS_IntQPost) refers to os_var.o(.bss) for OSRdyList
    os_int.o(i.OS_IntQRePost) refers to os_flag.o(i.OS_FlagPost) for OS_FlagPost
    os_int.o(i.OS_IntQRePost) refers to os_sem.o(i.OS_SemPost) for OS_SemPost
    os_int.o(i.OS_IntQRePost) refers to os_task.o(i.OS_TaskQPost) for OS_TaskQPost
    os_int.o(i.OS_IntQRePost) refers to os_task.o(i.OS_TaskResume) for OS_TaskResume
    os_int.o(i.OS_IntQRePost) refers to os_task.o(i.OS_TaskSemPost) for OS_TaskSemPost
    os_int.o(i.OS_IntQRePost) refers to os_task.o(i.OS_TaskSuspend) for OS_TaskSuspend
    os_int.o(i.OS_IntQRePost) refers to os_core.o(i.OS_SchedRoundRobin) for OS_SchedRoundRobin
    os_int.o(i.OS_IntQRePost) refers to bsp.o(i.CPU_TS_TmrRd) for CPU_TS_TmrRd
    os_int.o(i.OS_IntQRePost) refers to os_var.o(.data) for OSIntQOutPtr
    os_int.o(i.OS_IntQRePost) refers to os_var.o(.bss) for OSRdyList
    os_int.o(i.OS_IntQTask) refers to cpu_a.o(.text) for CPU_SR_Save
    os_int.o(i.OS_IntQTask) refers to cpu_core.o(i.CPU_IntDisMeasStart) for CPU_IntDisMeasStart
    os_int.o(i.OS_IntQTask) refers to os_prio.o(i.OS_PrioRemove) for OS_PrioRemove
    os_int.o(i.OS_IntQTask) refers to cpu_core.o(i.CPU_IntDisMeasStop) for CPU_IntDisMeasStop
    os_int.o(i.OS_IntQTask) refers to os_core.o(i.OSSched) for OSSched
    os_int.o(i.OS_IntQTask) refers to bsp.o(i.CPU_TS_TmrRd) for CPU_TS_TmrRd
    os_int.o(i.OS_IntQTask) refers to os_int.o(i.OS_IntQRePost) for OS_IntQRePost
    os_int.o(i.OS_IntQTask) refers to os_var.o(.data) for OSIntQNbrEntries
    os_int.o(i.OS_IntQTask) refers to os_var.o(.bss) for OSRdyList
    os_int.o(i.OS_IntQTaskInit) refers to os_task.o(i.OSTaskCreate) for OSTaskCreate
    os_int.o(i.OS_IntQTaskInit) refers to os_var.o(.data) for OSIntQOvfCtr
    os_int.o(i.OS_IntQTaskInit) refers to os_cfg_app.o(.constdata) for OSCfg_IntQBasePtr
    os_int.o(i.OS_IntQTaskInit) refers to os_int.o(i.OS_IntQTask) for OS_IntQTask
    os_int.o(i.OS_IntQTaskInit) refers to os_var.o(.bss) for OSIntQTaskTCB
    os_msg.o(i.OS_MsgPoolInit) refers to os_cfg_app.o(.constdata) for OSCfg_MsgPoolBasePtr
    os_msg.o(i.OS_MsgPoolInit) refers to os_var.o(.bss) for OSMsgPool
    os_msg.o(i.OS_MsgQFreeAll) refers to os_var.o(.bss) for OSMsgPool
    os_msg.o(i.OS_MsgQGet) refers to os_var.o(.bss) for OSMsgPool
    os_msg.o(i.OS_MsgQPut) refers to os_var.o(.bss) for OSMsgPool
    os_mutex.o(i.OSMutexCreate) refers to cpu_a.o(.text) for CPU_SR_Save
    os_mutex.o(i.OSMutexCreate) refers to cpu_core.o(i.CPU_IntDisMeasStart) for CPU_IntDisMeasStart
    os_mutex.o(i.OSMutexCreate) refers to os_core.o(i.OS_SchedLockTimeMeasStart) for OS_SchedLockTimeMeasStart
    os_mutex.o(i.OSMutexCreate) refers to cpu_core.o(i.CPU_IntDisMeasStop) for CPU_IntDisMeasStop
    os_mutex.o(i.OSMutexCreate) refers to os_core.o(i.OS_PendListInit) for OS_PendListInit
    os_mutex.o(i.OSMutexCreate) refers to os_mutex.o(i.OS_MutexDbgListAdd) for OS_MutexDbgListAdd
    os_mutex.o(i.OSMutexCreate) refers to os_core.o(i.OS_SchedLockTimeMeasStop) for OS_SchedLockTimeMeasStop
    os_mutex.o(i.OSMutexCreate) refers to os_var.o(.data) for OSIntNestingCtr
    os_mutex.o(i.OSMutexDel) refers to cpu_a.o(.text) for CPU_SR_Save
    os_mutex.o(i.OSMutexDel) refers to cpu_core.o(i.CPU_IntDisMeasStart) for CPU_IntDisMeasStart
    os_mutex.o(i.OSMutexDel) refers to os_core.o(i.OS_SchedLockTimeMeasStart) for OS_SchedLockTimeMeasStart
    os_mutex.o(i.OSMutexDel) refers to cpu_core.o(i.CPU_IntDisMeasStop) for CPU_IntDisMeasStop
    os_mutex.o(i.OSMutexDel) refers to os_mutex.o(i.OS_MutexDbgListRemove) for OS_MutexDbgListRemove
    os_mutex.o(i.OSMutexDel) refers to os_mutex.o(i.OS_MutexClr) for OS_MutexClr
    os_mutex.o(i.OSMutexDel) refers to os_core.o(i.OS_SchedLockTimeMeasStop) for OS_SchedLockTimeMeasStop
    os_mutex.o(i.OSMutexDel) refers to os_core.o(i.OS_Sched0) for OS_Sched0
    os_mutex.o(i.OSMutexDel) refers to os_core.o(i.OS_RdyListRemove) for OS_RdyListRemove
    os_mutex.o(i.OSMutexDel) refers to os_prio.o(i.OS_PrioInsert) for OS_PrioInsert
    os_mutex.o(i.OSMutexDel) refers to os_core.o(i.OS_RdyListInsertTail) for OS_RdyListInsertTail
    os_mutex.o(i.OSMutexDel) refers to os_core.o(i.OS_PendListChangePrio) for OS_PendListChangePrio
    os_mutex.o(i.OSMutexDel) refers to bsp.o(i.CPU_TS_TmrRd) for CPU_TS_TmrRd
    os_mutex.o(i.OSMutexDel) refers to os_core.o(i.OS_PendObjDel) for OS_PendObjDel
    os_mutex.o(i.OSMutexDel) refers to os_core.o(i.OSSched) for OSSched
    os_mutex.o(i.OSMutexDel) refers to os_var.o(.data) for OSIntNestingCtr
    os_mutex.o(i.OSMutexPend) refers to cpu_a.o(.text) for CPU_SR_Save
    os_mutex.o(i.OSMutexPend) refers to cpu_core.o(i.CPU_IntDisMeasStart) for CPU_IntDisMeasStart
    os_mutex.o(i.OSMutexPend) refers to cpu_core.o(i.CPU_IntDisMeasStop) for CPU_IntDisMeasStop
    os_mutex.o(i.OSMutexPend) refers to os_core.o(i.OS_SchedLockTimeMeasStart) for OS_SchedLockTimeMeasStart
    os_mutex.o(i.OSMutexPend) refers to os_core.o(i.OS_RdyListRemove) for OS_RdyListRemove
    os_mutex.o(i.OSMutexPend) refers to os_prio.o(i.OS_PrioInsert) for OS_PrioInsert
    os_mutex.o(i.OSMutexPend) refers to os_core.o(i.OS_RdyListInsertHead) for OS_RdyListInsertHead
    os_mutex.o(i.OSMutexPend) refers to os_core.o(i.OS_PendListChangePrio) for OS_PendListChangePrio
    os_mutex.o(i.OSMutexPend) refers to os_core.o(i.OS_SchedLockTimeMeasStop) for OS_SchedLockTimeMeasStop
    os_mutex.o(i.OSMutexPend) refers to os_core.o(i.OS_Sched0) for OS_Sched0
    os_mutex.o(i.OSMutexPend) refers to os_core.o(i.OS_Pend) for OS_Pend
    os_mutex.o(i.OSMutexPend) refers to os_core.o(i.OSSched) for OSSched
    os_mutex.o(i.OSMutexPend) refers to os_var.o(.data) for OSIntNestingCtr
    os_mutex.o(i.OSMutexPendAbort) refers to cpu_a.o(.text) for CPU_SR_Save
    os_mutex.o(i.OSMutexPendAbort) refers to cpu_core.o(i.CPU_IntDisMeasStart) for CPU_IntDisMeasStart
    os_mutex.o(i.OSMutexPendAbort) refers to cpu_core.o(i.CPU_IntDisMeasStop) for CPU_IntDisMeasStop
    os_mutex.o(i.OSMutexPendAbort) refers to os_core.o(i.OS_SchedLockTimeMeasStart) for OS_SchedLockTimeMeasStart
    os_mutex.o(i.OSMutexPendAbort) refers to bsp.o(i.CPU_TS_TmrRd) for CPU_TS_TmrRd
    os_mutex.o(i.OSMutexPendAbort) refers to os_core.o(i.OS_PendAbort) for OS_PendAbort
    os_mutex.o(i.OSMutexPendAbort) refers to os_core.o(i.OS_SchedLockTimeMeasStop) for OS_SchedLockTimeMeasStop
    os_mutex.o(i.OSMutexPendAbort) refers to os_core.o(i.OSSched) for OSSched
    os_mutex.o(i.OSMutexPendAbort) refers to os_var.o(.data) for OSIntNestingCtr
    os_mutex.o(i.OSMutexPost) refers to cpu_a.o(.text) for CPU_SR_Save
    os_mutex.o(i.OSMutexPost) refers to cpu_core.o(i.CPU_IntDisMeasStart) for CPU_IntDisMeasStart
    os_mutex.o(i.OSMutexPost) refers to cpu_core.o(i.CPU_IntDisMeasStop) for CPU_IntDisMeasStop
    os_mutex.o(i.OSMutexPost) refers to os_core.o(i.OS_SchedLockTimeMeasStart) for OS_SchedLockTimeMeasStart
    os_mutex.o(i.OSMutexPost) refers to bsp.o(i.CPU_TS_TmrRd) for CPU_TS_TmrRd
    os_mutex.o(i.OSMutexPost) refers to os_core.o(i.OS_SchedLockTimeMeasStop) for OS_SchedLockTimeMeasStop
    os_mutex.o(i.OSMutexPost) refers to os_core.o(i.OS_Sched0) for OS_Sched0
    os_mutex.o(i.OSMutexPost) refers to os_core.o(i.OS_RdyListRemove) for OS_RdyListRemove
    os_mutex.o(i.OSMutexPost) refers to os_prio.o(i.OS_PrioInsert) for OS_PrioInsert
    os_mutex.o(i.OSMutexPost) refers to os_core.o(i.OS_RdyListInsertTail) for OS_RdyListInsertTail
    os_mutex.o(i.OSMutexPost) refers to os_core.o(i.OS_Post) for OS_Post
    os_mutex.o(i.OSMutexPost) refers to os_core.o(i.OSSched) for OSSched
    os_mutex.o(i.OSMutexPost) refers to os_var.o(.data) for OSIntNestingCtr
    os_mutex.o(i.OS_MutexClr) refers to os_core.o(i.OS_PendListInit) for OS_PendListInit
    os_mutex.o(i.OS_MutexDbgListAdd) refers to os_var.o(.data) for OSMutexDbgListPtr
    os_mutex.o(i.OS_MutexDbgListRemove) refers to os_var.o(.data) for OSMutexDbgListPtr
    os_mutex.o(i.OS_MutexInit) refers to os_var.o(.data) for OSMutexDbgListPtr
    os_pend_multi.o(i.OSPendMulti) refers to os_pend_multi.o(i.OS_PendMultiValidate) for OS_PendMultiValidate
    os_pend_multi.o(i.OSPendMulti) refers to cpu_a.o(.text) for CPU_SR_Save
    os_pend_multi.o(i.OSPendMulti) refers to cpu_core.o(i.CPU_IntDisMeasStart) for CPU_IntDisMeasStart
    os_pend_multi.o(i.OSPendMulti) refers to os_pend_multi.o(i.OS_PendMultiGetRdy) for OS_PendMultiGetRdy
    os_pend_multi.o(i.OSPendMulti) refers to cpu_core.o(i.CPU_IntDisMeasStop) for CPU_IntDisMeasStop
    os_pend_multi.o(i.OSPendMulti) refers to os_core.o(i.OS_SchedLockTimeMeasStart) for OS_SchedLockTimeMeasStart
    os_pend_multi.o(i.OSPendMulti) refers to os_pend_multi.o(i.OS_PendMultiWait) for OS_PendMultiWait
    os_pend_multi.o(i.OSPendMulti) refers to os_core.o(i.OS_SchedLockTimeMeasStop) for OS_SchedLockTimeMeasStop
    os_pend_multi.o(i.OSPendMulti) refers to os_core.o(i.OSSched) for OSSched
    os_pend_multi.o(i.OSPendMulti) refers to os_var.o(.data) for OSIntNestingCtr
    os_pend_multi.o(i.OS_PendMultiWait) refers to os_core.o(i.OS_TaskBlock) for OS_TaskBlock
    os_pend_multi.o(i.OS_PendMultiWait) refers to os_core.o(i.OS_PendListInsertPrio) for OS_PendListInsertPrio
    os_pend_multi.o(i.OS_PendMultiWait) refers to os_var.o(.data) for OSTCBCurPtr
    os_prio.o(i.OS_PrioGetHighest) refers to cpu_a.o(.text) for CPU_CntLeadZeros
    os_prio.o(i.OS_PrioGetHighest) refers to os_prio.o(.data) for OSPrioTbl
    os_prio.o(i.OS_PrioInit) refers to os_prio.o(.data) for OSPrioTbl
    os_prio.o(i.OS_PrioInsert) refers to os_prio.o(.data) for OSPrioTbl
    os_prio.o(i.OS_PrioRemove) refers to os_prio.o(.data) for OSPrioTbl
    os_sem.o(i.OSSemCreate) refers to cpu_a.o(.text) for CPU_SR_Save
    os_sem.o(i.OSSemCreate) refers to cpu_core.o(i.CPU_IntDisMeasStart) for CPU_IntDisMeasStart
    os_sem.o(i.OSSemCreate) refers to os_core.o(i.OS_SchedLockTimeMeasStart) for OS_SchedLockTimeMeasStart
    os_sem.o(i.OSSemCreate) refers to cpu_core.o(i.CPU_IntDisMeasStop) for CPU_IntDisMeasStop
    os_sem.o(i.OSSemCreate) refers to os_core.o(i.OS_PendListInit) for OS_PendListInit
    os_sem.o(i.OSSemCreate) refers to os_sem.o(i.OS_SemDbgListAdd) for OS_SemDbgListAdd
    os_sem.o(i.OSSemCreate) refers to os_core.o(i.OS_SchedLockTimeMeasStop) for OS_SchedLockTimeMeasStop
    os_sem.o(i.OSSemCreate) refers to os_var.o(.data) for OSIntNestingCtr
    os_sem.o(i.OSSemDel) refers to cpu_a.o(.text) for CPU_SR_Save
    os_sem.o(i.OSSemDel) refers to cpu_core.o(i.CPU_IntDisMeasStart) for CPU_IntDisMeasStart
    os_sem.o(i.OSSemDel) refers to os_sem.o(i.OS_SemDbgListRemove) for OS_SemDbgListRemove
    os_sem.o(i.OSSemDel) refers to os_sem.o(i.OS_SemClr) for OS_SemClr
    os_sem.o(i.OSSemDel) refers to cpu_core.o(i.CPU_IntDisMeasStop) for CPU_IntDisMeasStop
    os_sem.o(i.OSSemDel) refers to os_core.o(i.OS_SchedLockTimeMeasStart) for OS_SchedLockTimeMeasStart
    os_sem.o(i.OSSemDel) refers to bsp.o(i.CPU_TS_TmrRd) for CPU_TS_TmrRd
    os_sem.o(i.OSSemDel) refers to os_core.o(i.OS_PendObjDel) for OS_PendObjDel
    os_sem.o(i.OSSemDel) refers to os_core.o(i.OS_SchedLockTimeMeasStop) for OS_SchedLockTimeMeasStop
    os_sem.o(i.OSSemDel) refers to os_core.o(i.OSSched) for OSSched
    os_sem.o(i.OSSemDel) refers to os_var.o(.data) for OSIntNestingCtr
    os_sem.o(i.OSSemPend) refers to cpu_a.o(.text) for CPU_SR_Save
    os_sem.o(i.OSSemPend) refers to cpu_core.o(i.CPU_IntDisMeasStart) for CPU_IntDisMeasStart
    os_sem.o(i.OSSemPend) refers to cpu_core.o(i.CPU_IntDisMeasStop) for CPU_IntDisMeasStop
    os_sem.o(i.OSSemPend) refers to os_core.o(i.OS_SchedLockTimeMeasStart) for OS_SchedLockTimeMeasStart
    os_sem.o(i.OSSemPend) refers to os_core.o(i.OS_Pend) for OS_Pend
    os_sem.o(i.OSSemPend) refers to os_core.o(i.OS_SchedLockTimeMeasStop) for OS_SchedLockTimeMeasStop
    os_sem.o(i.OSSemPend) refers to os_core.o(i.OSSched) for OSSched
    os_sem.o(i.OSSemPend) refers to os_var.o(.data) for OSIntNestingCtr
    os_sem.o(i.OSSemPendAbort) refers to cpu_a.o(.text) for CPU_SR_Save
    os_sem.o(i.OSSemPendAbort) refers to cpu_core.o(i.CPU_IntDisMeasStart) for CPU_IntDisMeasStart
    os_sem.o(i.OSSemPendAbort) refers to cpu_core.o(i.CPU_IntDisMeasStop) for CPU_IntDisMeasStop
    os_sem.o(i.OSSemPendAbort) refers to os_core.o(i.OS_SchedLockTimeMeasStart) for OS_SchedLockTimeMeasStart
    os_sem.o(i.OSSemPendAbort) refers to bsp.o(i.CPU_TS_TmrRd) for CPU_TS_TmrRd
    os_sem.o(i.OSSemPendAbort) refers to os_core.o(i.OS_PendAbort) for OS_PendAbort
    os_sem.o(i.OSSemPendAbort) refers to os_core.o(i.OS_SchedLockTimeMeasStop) for OS_SchedLockTimeMeasStop
    os_sem.o(i.OSSemPendAbort) refers to os_core.o(i.OSSched) for OSSched
    os_sem.o(i.OSSemPendAbort) refers to os_var.o(.data) for OSIntNestingCtr
    os_sem.o(i.OSSemPost) refers to bsp.o(i.CPU_TS_TmrRd) for CPU_TS_TmrRd
    os_sem.o(i.OSSemPost) refers to os_int.o(i.OS_IntQPost) for OS_IntQPost
    os_sem.o(i.OSSemPost) refers to os_sem.o(i.OS_SemPost) for OS_SemPost
    os_sem.o(i.OSSemPost) refers to os_var.o(.data) for OSIntNestingCtr
    os_sem.o(i.OSSemSet) refers to cpu_a.o(.text) for CPU_SR_Save
    os_sem.o(i.OSSemSet) refers to cpu_core.o(i.CPU_IntDisMeasStart) for CPU_IntDisMeasStart
    os_sem.o(i.OSSemSet) refers to cpu_core.o(i.CPU_IntDisMeasStop) for CPU_IntDisMeasStop
    os_sem.o(i.OSSemSet) refers to os_var.o(.data) for OSIntNestingCtr
    os_sem.o(i.OS_SemClr) refers to os_core.o(i.OS_PendListInit) for OS_PendListInit
    os_sem.o(i.OS_SemDbgListAdd) refers to os_var.o(.data) for OSSemDbgListPtr
    os_sem.o(i.OS_SemDbgListRemove) refers to os_var.o(.data) for OSSemDbgListPtr
    os_sem.o(i.OS_SemInit) refers to os_var.o(.data) for OSSemDbgListPtr
    os_sem.o(i.OS_SemPost) refers to cpu_a.o(.text) for CPU_SR_Save
    os_sem.o(i.OS_SemPost) refers to cpu_core.o(i.CPU_IntDisMeasStart) for CPU_IntDisMeasStart
    os_sem.o(i.OS_SemPost) refers to cpu_core.o(i.CPU_IntDisMeasStop) for CPU_IntDisMeasStop
    os_sem.o(i.OS_SemPost) refers to os_core.o(i.OS_SchedLockTimeMeasStart) for OS_SchedLockTimeMeasStart
    os_sem.o(i.OS_SemPost) refers to os_core.o(i.OS_Post) for OS_Post
    os_sem.o(i.OS_SemPost) refers to os_core.o(i.OS_SchedLockTimeMeasStop) for OS_SchedLockTimeMeasStop
    os_sem.o(i.OS_SemPost) refers to os_core.o(i.OSSched) for OSSched
    os_sem.o(i.OS_SemPost) refers to os_var.o(.data) for OSSchedLockNestingCtr
    os_stat.o(i.OSStatReset) refers to cpu_a.o(.text) for CPU_SR_Save
    os_stat.o(i.OSStatReset) refers to cpu_core.o(i.CPU_IntDisMeasStart) for CPU_IntDisMeasStart
    os_stat.o(i.OSStatReset) refers to cpu_core.o(i.CPU_IntDisMeasStop) for CPU_IntDisMeasStop
    os_stat.o(i.OSStatReset) refers to bsp.o(i.CPU_TS_TmrRd) for CPU_TS_TmrRd
    os_stat.o(i.OSStatReset) refers to os_tick.o(i.OS_TickListResetPeak) for OS_TickListResetPeak
    os_stat.o(i.OSStatReset) refers to os_tmr.o(i.OS_TmrResetPeak) for OS_TmrResetPeak
    os_stat.o(i.OSStatReset) refers to os_var.o(.data) for OSIntQTaskTimeMax
    os_stat.o(i.OSStatReset) refers to os_var.o(.bss) for OSMsgPool
    os_stat.o(i.OSStatTaskCPUUsageInit) refers to os_task.o(i.OSTaskSuspend) for OSTaskSuspend
    os_stat.o(i.OSStatTaskCPUUsageInit) refers to os_time.o(i.OSTimeDly) for OSTimeDly
    os_stat.o(i.OSStatTaskCPUUsageInit) refers to cpu_a.o(.text) for CPU_SR_Save
    os_stat.o(i.OSStatTaskCPUUsageInit) refers to cpu_core.o(i.CPU_IntDisMeasStart) for CPU_IntDisMeasStart
    os_stat.o(i.OSStatTaskCPUUsageInit) refers to cpu_core.o(i.CPU_IntDisMeasStop) for CPU_IntDisMeasStop
    os_stat.o(i.OSStatTaskCPUUsageInit) refers to os_task.o(i.OSTaskResume) for OSTaskResume
    os_stat.o(i.OSStatTaskCPUUsageInit) refers to os_var.o(.bss) for OSTmrTaskTCB
    os_stat.o(i.OSStatTaskCPUUsageInit) refers to os_var.o(.data) for OSStatTaskCtr
    os_stat.o(i.OSStatTaskCPUUsageInit) refers to os_cfg_app.o(.constdata) for OSCfg_TickRate_Hz
    os_stat.o(i.OS_StatTask) refers to os_time.o(i.OSTimeDly) for OSTimeDly
    os_stat.o(i.OS_StatTask) refers to os_stat.o(i.OSStatReset) for OSStatReset
    os_stat.o(i.OS_StatTask) refers to bsp.o(i.CPU_TS_TmrRd) for CPU_TS_TmrRd
    os_stat.o(i.OS_StatTask) refers to cpu_core.o(i.CPU_IntDisMeasMaxGet) for CPU_IntDisMeasMaxGet
    os_stat.o(i.OS_StatTask) refers to cpu_a.o(.text) for CPU_SR_Save
    os_stat.o(i.OS_StatTask) refers to cpu_core.o(i.CPU_IntDisMeasStart) for CPU_IntDisMeasStart
    os_stat.o(i.OS_StatTask) refers to cpu_core.o(i.CPU_IntDisMeasStop) for CPU_IntDisMeasStop
    os_stat.o(i.OS_StatTask) refers to os_cpu_c.o(i.OSStatTaskHook) for OSStatTaskHook
    os_stat.o(i.OS_StatTask) refers to os_core.o(i.OS_SchedLockTimeMeasStart) for OS_SchedLockTimeMeasStart
    os_stat.o(i.OS_StatTask) refers to os_core.o(i.OS_SchedLockTimeMeasStop) for OS_SchedLockTimeMeasStop
    os_stat.o(i.OS_StatTask) refers to os_core.o(i.OS_Sched0) for OS_Sched0
    os_stat.o(i.OS_StatTask) refers to os_task.o(i.OSTaskStkChk) for OSTaskStkChk
    os_stat.o(i.OS_StatTask) refers to os_cfg_app.o(.constdata) for OSCfg_StatTaskRate_Hz
    os_stat.o(i.OS_StatTask) refers to os_var.o(.data) for OSStatTaskRdy
    os_stat.o(i.OS_StatTaskInit) refers to os_task.o(i.OSTaskCreate) for OSTaskCreate
    os_stat.o(i.OS_StatTaskInit) refers to os_var.o(.data) for OSStatTaskCtr
    os_stat.o(i.OS_StatTaskInit) refers to os_cfg_app.o(.constdata) for OSCfg_StatTaskStkBasePtr
    os_stat.o(i.OS_StatTaskInit) refers to os_stat.o(i.OS_StatTask) for OS_StatTask
    os_stat.o(i.OS_StatTaskInit) refers to os_var.o(.bss) for OSStatTaskTCB
    os_task.o(i.OSTaskChangePrio) refers to cpu_a.o(.text) for CPU_SR_Save
    os_task.o(i.OSTaskChangePrio) refers to cpu_core.o(i.CPU_IntDisMeasStart) for CPU_IntDisMeasStart
    os_task.o(i.OSTaskChangePrio) refers to cpu_core.o(i.CPU_IntDisMeasStop) for CPU_IntDisMeasStop
    os_task.o(i.OSTaskChangePrio) refers to os_core.o(i.OS_SchedLockTimeMeasStart) for OS_SchedLockTimeMeasStart
    os_task.o(i.OSTaskChangePrio) refers to os_core.o(i.OS_RdyListRemove) for OS_RdyListRemove
    os_task.o(i.OSTaskChangePrio) refers to os_prio.o(i.OS_PrioInsert) for OS_PrioInsert
    os_task.o(i.OSTaskChangePrio) refers to os_core.o(i.OS_RdyListInsertHead) for OS_RdyListInsertHead
    os_task.o(i.OSTaskChangePrio) refers to os_core.o(i.OS_RdyListInsertTail) for OS_RdyListInsertTail
    os_task.o(i.OSTaskChangePrio) refers to os_core.o(i.OS_PendListChangePrio) for OS_PendListChangePrio
    os_task.o(i.OSTaskChangePrio) refers to os_core.o(i.OS_SchedLockTimeMeasStop) for OS_SchedLockTimeMeasStop
    os_task.o(i.OSTaskChangePrio) refers to os_core.o(i.OS_Sched0) for OS_Sched0
    os_task.o(i.OSTaskChangePrio) refers to os_core.o(i.OSSched) for OSSched
    os_task.o(i.OSTaskChangePrio) refers to os_var.o(.data) for OSIntNestingCtr
    os_task.o(i.OSTaskCreate) refers to os_task.o(i.OS_TaskInitTCB) for OS_TaskInitTCB
    os_task.o(i.OSTaskCreate) refers to os_cpu_c.o(i.OSTaskStkInit) for OSTaskStkInit
    os_task.o(i.OSTaskCreate) refers to os_msg.o(i.OS_MsgQInit) for OS_MsgQInit
    os_task.o(i.OSTaskCreate) refers to os_cpu_c.o(i.OSTaskCreateHook) for OSTaskCreateHook
    os_task.o(i.OSTaskCreate) refers to cpu_a.o(.text) for CPU_SR_Save
    os_task.o(i.OSTaskCreate) refers to cpu_core.o(i.CPU_IntDisMeasStart) for CPU_IntDisMeasStart
    os_task.o(i.OSTaskCreate) refers to os_core.o(i.OS_SchedLockTimeMeasStart) for OS_SchedLockTimeMeasStart
    os_task.o(i.OSTaskCreate) refers to cpu_core.o(i.CPU_IntDisMeasStop) for CPU_IntDisMeasStop
    os_task.o(i.OSTaskCreate) refers to os_prio.o(i.OS_PrioInsert) for OS_PrioInsert
    os_task.o(i.OSTaskCreate) refers to os_core.o(i.OS_RdyListInsertTail) for OS_RdyListInsertTail
    os_task.o(i.OSTaskCreate) refers to os_task.o(i.OS_TaskDbgListAdd) for OS_TaskDbgListAdd
    os_task.o(i.OSTaskCreate) refers to os_core.o(i.OS_SchedLockTimeMeasStop) for OS_SchedLockTimeMeasStop
    os_task.o(i.OSTaskCreate) refers to os_core.o(i.OS_Sched0) for OS_Sched0
    os_task.o(i.OSTaskCreate) refers to os_core.o(i.OSSched) for OSSched
    os_task.o(i.OSTaskCreate) refers to os_var.o(.data) for OSIntNestingCtr
    os_task.o(i.OSTaskCreate) refers to os_cfg_app.o(.constdata) for OSCfg_StkSizeMin
    os_task.o(i.OSTaskCreate) refers to os_var.o(.bss) for OSIntQTaskTCB
    os_task.o(i.OSTaskDel) refers to cpu_a.o(.text) for CPU_SR_Save
    os_task.o(i.OSTaskDel) refers to cpu_core.o(i.CPU_IntDisMeasStart) for CPU_IntDisMeasStart
    os_task.o(i.OSTaskDel) refers to cpu_core.o(i.CPU_IntDisMeasStop) for CPU_IntDisMeasStop
    os_task.o(i.OSTaskDel) refers to os_core.o(i.OS_SchedLockTimeMeasStart) for OS_SchedLockTimeMeasStart
    os_task.o(i.OSTaskDel) refers to os_core.o(i.OS_RdyListRemove) for OS_RdyListRemove
    os_task.o(i.OSTaskDel) refers to os_tick.o(i.OS_TickListRemove) for OS_TickListRemove
    os_task.o(i.OSTaskDel) refers to os_core.o(i.OS_PendListRemove) for OS_PendListRemove
    os_task.o(i.OSTaskDel) refers to os_core.o(i.OS_SchedLockTimeMeasStop) for OS_SchedLockTimeMeasStop
    os_task.o(i.OSTaskDel) refers to os_core.o(i.OS_Sched0) for OS_Sched0
    os_task.o(i.OSTaskDel) refers to os_msg.o(i.OS_MsgQFreeAll) for OS_MsgQFreeAll
    os_task.o(i.OSTaskDel) refers to os_cpu_c.o(i.OSTaskDelHook) for OSTaskDelHook
    os_task.o(i.OSTaskDel) refers to os_task.o(i.OS_TaskDbgListRemove) for OS_TaskDbgListRemove
    os_task.o(i.OSTaskDel) refers to os_task.o(i.OS_TaskInitTCB) for OS_TaskInitTCB
    os_task.o(i.OSTaskDel) refers to os_core.o(i.OSSched) for OSSched
    os_task.o(i.OSTaskDel) refers to os_var.o(.data) for OSIntNestingCtr
    os_task.o(i.OSTaskDel) refers to os_var.o(.bss) for OSIdleTaskTCB
    os_task.o(i.OSTaskQFlush) refers to cpu_a.o(.text) for CPU_SR_Save
    os_task.o(i.OSTaskQFlush) refers to cpu_core.o(i.CPU_IntDisMeasStart) for CPU_IntDisMeasStart
    os_task.o(i.OSTaskQFlush) refers to cpu_core.o(i.CPU_IntDisMeasStop) for CPU_IntDisMeasStop
    os_task.o(i.OSTaskQFlush) refers to os_core.o(i.OS_SchedLockTimeMeasStart) for OS_SchedLockTimeMeasStart
    os_task.o(i.OSTaskQFlush) refers to os_msg.o(i.OS_MsgQFreeAll) for OS_MsgQFreeAll
    os_task.o(i.OSTaskQFlush) refers to os_core.o(i.OS_SchedLockTimeMeasStop) for OS_SchedLockTimeMeasStop
    os_task.o(i.OSTaskQFlush) refers to os_core.o(i.OS_Sched0) for OS_Sched0
    os_task.o(i.OSTaskQFlush) refers to os_var.o(.data) for OSIntNestingCtr
    os_task.o(i.OSTaskQPend) refers to cpu_a.o(.text) for CPU_SR_Save
    os_task.o(i.OSTaskQPend) refers to cpu_core.o(i.CPU_IntDisMeasStart) for CPU_IntDisMeasStart
    os_task.o(i.OSTaskQPend) refers to os_msg.o(i.OS_MsgQGet) for OS_MsgQGet
    os_task.o(i.OSTaskQPend) refers to bsp.o(i.CPU_TS_TmrRd) for CPU_TS_TmrRd
    os_task.o(i.OSTaskQPend) refers to cpu_core.o(i.CPU_IntDisMeasStop) for CPU_IntDisMeasStop
    os_task.o(i.OSTaskQPend) refers to os_core.o(i.OS_SchedLockTimeMeasStart) for OS_SchedLockTimeMeasStart
    os_task.o(i.OSTaskQPend) refers to os_core.o(i.OS_Pend) for OS_Pend
    os_task.o(i.OSTaskQPend) refers to os_core.o(i.OS_SchedLockTimeMeasStop) for OS_SchedLockTimeMeasStop
    os_task.o(i.OSTaskQPend) refers to os_core.o(i.OSSched) for OSSched
    os_task.o(i.OSTaskQPend) refers to os_var.o(.data) for OSIntNestingCtr
    os_task.o(i.OSTaskQPendAbort) refers to cpu_a.o(.text) for CPU_SR_Save
    os_task.o(i.OSTaskQPendAbort) refers to cpu_core.o(i.CPU_IntDisMeasStart) for CPU_IntDisMeasStart
    os_task.o(i.OSTaskQPendAbort) refers to cpu_core.o(i.CPU_IntDisMeasStop) for CPU_IntDisMeasStop
    os_task.o(i.OSTaskQPendAbort) refers to os_core.o(i.OS_SchedLockTimeMeasStart) for OS_SchedLockTimeMeasStart
    os_task.o(i.OSTaskQPendAbort) refers to bsp.o(i.CPU_TS_TmrRd) for CPU_TS_TmrRd
    os_task.o(i.OSTaskQPendAbort) refers to os_core.o(i.OS_PendAbort) for OS_PendAbort
    os_task.o(i.OSTaskQPendAbort) refers to os_core.o(i.OS_SchedLockTimeMeasStop) for OS_SchedLockTimeMeasStop
    os_task.o(i.OSTaskQPendAbort) refers to os_core.o(i.OSSched) for OSSched
    os_task.o(i.OSTaskQPendAbort) refers to os_var.o(.data) for OSIntNestingCtr
    os_task.o(i.OSTaskQPost) refers to bsp.o(i.CPU_TS_TmrRd) for CPU_TS_TmrRd
    os_task.o(i.OSTaskQPost) refers to os_int.o(i.OS_IntQPost) for OS_IntQPost
    os_task.o(i.OSTaskQPost) refers to os_task.o(i.OS_TaskQPost) for OS_TaskQPost
    os_task.o(i.OSTaskQPost) refers to os_var.o(.data) for OSIntNestingCtr
    os_task.o(i.OSTaskRegGet) refers to cpu_a.o(.text) for CPU_SR_Save
    os_task.o(i.OSTaskRegGet) refers to cpu_core.o(i.CPU_IntDisMeasStart) for CPU_IntDisMeasStart
    os_task.o(i.OSTaskRegGet) refers to cpu_core.o(i.CPU_IntDisMeasStop) for CPU_IntDisMeasStop
    os_task.o(i.OSTaskRegGet) refers to os_var.o(.data) for OSTCBCurPtr
    os_task.o(i.OSTaskRegGetID) refers to cpu_a.o(.text) for CPU_SR_Save
    os_task.o(i.OSTaskRegGetID) refers to cpu_core.o(i.CPU_IntDisMeasStart) for CPU_IntDisMeasStart
    os_task.o(i.OSTaskRegGetID) refers to cpu_core.o(i.CPU_IntDisMeasStop) for CPU_IntDisMeasStop
    os_task.o(i.OSTaskRegGetID) refers to os_var.o(.data) for OSTaskRegNextAvailID
    os_task.o(i.OSTaskRegSet) refers to cpu_a.o(.text) for CPU_SR_Save
    os_task.o(i.OSTaskRegSet) refers to cpu_core.o(i.CPU_IntDisMeasStart) for CPU_IntDisMeasStart
    os_task.o(i.OSTaskRegSet) refers to cpu_core.o(i.CPU_IntDisMeasStop) for CPU_IntDisMeasStop
    os_task.o(i.OSTaskRegSet) refers to os_var.o(.data) for OSTCBCurPtr
    os_task.o(i.OSTaskResume) refers to cpu_a.o(.text) for CPU_SR_Save
    os_task.o(i.OSTaskResume) refers to cpu_core.o(i.CPU_IntDisMeasStart) for CPU_IntDisMeasStart
    os_task.o(i.OSTaskResume) refers to cpu_core.o(i.CPU_IntDisMeasStop) for CPU_IntDisMeasStop
    os_task.o(i.OSTaskResume) refers to os_int.o(i.OS_IntQPost) for OS_IntQPost
    os_task.o(i.OSTaskResume) refers to os_task.o(i.OS_TaskResume) for OS_TaskResume
    os_task.o(i.OSTaskResume) refers to os_var.o(.data) for OSTCBCurPtr
    os_task.o(i.OSTaskSemPend) refers to cpu_a.o(.text) for CPU_SR_Save
    os_task.o(i.OSTaskSemPend) refers to cpu_core.o(i.CPU_IntDisMeasStart) for CPU_IntDisMeasStart
    os_task.o(i.OSTaskSemPend) refers to bsp.o(i.CPU_TS_TmrRd) for CPU_TS_TmrRd
    os_task.o(i.OSTaskSemPend) refers to cpu_core.o(i.CPU_IntDisMeasStop) for CPU_IntDisMeasStop
    os_task.o(i.OSTaskSemPend) refers to os_core.o(i.OS_SchedLockTimeMeasStart) for OS_SchedLockTimeMeasStart
    os_task.o(i.OSTaskSemPend) refers to os_core.o(i.OS_Pend) for OS_Pend
    os_task.o(i.OSTaskSemPend) refers to os_core.o(i.OS_SchedLockTimeMeasStop) for OS_SchedLockTimeMeasStop
    os_task.o(i.OSTaskSemPend) refers to os_core.o(i.OSSched) for OSSched
    os_task.o(i.OSTaskSemPend) refers to os_var.o(.data) for OSIntNestingCtr
    os_task.o(i.OSTaskSemPendAbort) refers to cpu_a.o(.text) for CPU_SR_Save
    os_task.o(i.OSTaskSemPendAbort) refers to cpu_core.o(i.CPU_IntDisMeasStart) for CPU_IntDisMeasStart
    os_task.o(i.OSTaskSemPendAbort) refers to cpu_core.o(i.CPU_IntDisMeasStop) for CPU_IntDisMeasStop
    os_task.o(i.OSTaskSemPendAbort) refers to os_core.o(i.OS_SchedLockTimeMeasStart) for OS_SchedLockTimeMeasStart
    os_task.o(i.OSTaskSemPendAbort) refers to bsp.o(i.CPU_TS_TmrRd) for CPU_TS_TmrRd
    os_task.o(i.OSTaskSemPendAbort) refers to os_core.o(i.OS_PendAbort) for OS_PendAbort
    os_task.o(i.OSTaskSemPendAbort) refers to os_core.o(i.OS_SchedLockTimeMeasStop) for OS_SchedLockTimeMeasStop
    os_task.o(i.OSTaskSemPendAbort) refers to os_core.o(i.OSSched) for OSSched
    os_task.o(i.OSTaskSemPendAbort) refers to os_var.o(.data) for OSIntNestingCtr
    os_task.o(i.OSTaskSemPost) refers to bsp.o(i.CPU_TS_TmrRd) for CPU_TS_TmrRd
    os_task.o(i.OSTaskSemPost) refers to os_int.o(i.OS_IntQPost) for OS_IntQPost
    os_task.o(i.OSTaskSemPost) refers to os_task.o(i.OS_TaskSemPost) for OS_TaskSemPost
    os_task.o(i.OSTaskSemPost) refers to os_var.o(.data) for OSIntNestingCtr
    os_task.o(i.OSTaskSemSet) refers to cpu_a.o(.text) for CPU_SR_Save
    os_task.o(i.OSTaskSemSet) refers to cpu_core.o(i.CPU_IntDisMeasStart) for CPU_IntDisMeasStart
    os_task.o(i.OSTaskSemSet) refers to cpu_core.o(i.CPU_IntDisMeasStop) for CPU_IntDisMeasStop
    os_task.o(i.OSTaskSemSet) refers to os_var.o(.data) for OSIntNestingCtr
    os_task.o(i.OSTaskStkChk) refers to cpu_a.o(.text) for CPU_SR_Save
    os_task.o(i.OSTaskStkChk) refers to cpu_core.o(i.CPU_IntDisMeasStart) for CPU_IntDisMeasStart
    os_task.o(i.OSTaskStkChk) refers to cpu_core.o(i.CPU_IntDisMeasStop) for CPU_IntDisMeasStop
    os_task.o(i.OSTaskStkChk) refers to os_var.o(.data) for OSIntNestingCtr
    os_task.o(i.OSTaskSuspend) refers to os_int.o(i.OS_IntQPost) for OS_IntQPost
    os_task.o(i.OSTaskSuspend) refers to os_task.o(i.OS_TaskSuspend) for OS_TaskSuspend
    os_task.o(i.OSTaskSuspend) refers to os_var.o(.bss) for OSIdleTaskTCB
    os_task.o(i.OSTaskSuspend) refers to os_var.o(.data) for OSIntNestingCtr
    os_task.o(i.OSTaskTimeQuantaSet) refers to cpu_a.o(.text) for CPU_SR_Save
    os_task.o(i.OSTaskTimeQuantaSet) refers to cpu_core.o(i.CPU_IntDisMeasStart) for CPU_IntDisMeasStart
    os_task.o(i.OSTaskTimeQuantaSet) refers to cpu_core.o(i.CPU_IntDisMeasStop) for CPU_IntDisMeasStop
    os_task.o(i.OSTaskTimeQuantaSet) refers to os_var.o(.data) for OSIntNestingCtr
    os_task.o(i.OS_TaskDbgListAdd) refers to os_var.o(.data) for OSTaskDbgListPtr
    os_task.o(i.OS_TaskDbgListRemove) refers to os_var.o(.data) for OSTaskDbgListPtr
    os_task.o(i.OS_TaskInit) refers to os_var.o(.data) for OSTaskDbgListPtr
    os_task.o(i.OS_TaskInitTCB) refers to os_msg.o(i.OS_MsgQInit) for OS_MsgQInit
    os_task.o(i.OS_TaskInitTCB) refers to bsp.o(i.CPU_TS_TmrRd) for CPU_TS_TmrRd
    os_task.o(i.OS_TaskQPost) refers to cpu_a.o(.text) for CPU_SR_Save
    os_task.o(i.OS_TaskQPost) refers to cpu_core.o(i.CPU_IntDisMeasStart) for CPU_IntDisMeasStart
    os_task.o(i.OS_TaskQPost) refers to os_core.o(i.OS_SchedLockTimeMeasStart) for OS_SchedLockTimeMeasStart
    os_task.o(i.OS_TaskQPost) refers to cpu_core.o(i.CPU_IntDisMeasStop) for CPU_IntDisMeasStop
    os_task.o(i.OS_TaskQPost) refers to os_msg.o(i.OS_MsgQPut) for OS_MsgQPut
    os_task.o(i.OS_TaskQPost) refers to os_core.o(i.OS_SchedLockTimeMeasStop) for OS_SchedLockTimeMeasStop
    os_task.o(i.OS_TaskQPost) refers to os_core.o(i.OS_Sched0) for OS_Sched0
    os_task.o(i.OS_TaskQPost) refers to os_core.o(i.OS_Post) for OS_Post
    os_task.o(i.OS_TaskQPost) refers to os_core.o(i.OSSched) for OSSched
    os_task.o(i.OS_TaskQPost) refers to os_var.o(.data) for OSSchedLockNestingCtr
    os_task.o(i.OS_TaskResume) refers to cpu_a.o(.text) for CPU_SR_Save
    os_task.o(i.OS_TaskResume) refers to cpu_core.o(i.CPU_IntDisMeasStart) for CPU_IntDisMeasStart
    os_task.o(i.OS_TaskResume) refers to cpu_core.o(i.CPU_IntDisMeasStop) for CPU_IntDisMeasStop
    os_task.o(i.OS_TaskResume) refers to os_core.o(i.OS_SchedLockTimeMeasStart) for OS_SchedLockTimeMeasStart
    os_task.o(i.OS_TaskResume) refers to os_core.o(i.OS_TaskRdy) for OS_TaskRdy
    os_task.o(i.OS_TaskResume) refers to os_core.o(i.OS_SchedLockTimeMeasStop) for OS_SchedLockTimeMeasStop
    os_task.o(i.OS_TaskResume) refers to os_core.o(i.OSSched) for OSSched
    os_task.o(i.OS_TaskResume) refers to os_var.o(.data) for OSSchedLockNestingCtr
    os_task.o(i.OS_TaskReturn) refers to os_cpu_c.o(i.OSTaskReturnHook) for OSTaskReturnHook
    os_task.o(i.OS_TaskReturn) refers to os_task.o(i.OSTaskDel) for OSTaskDel
    os_task.o(i.OS_TaskReturn) refers to os_var.o(.data) for OSTCBCurPtr
    os_task.o(i.OS_TaskSemPost) refers to cpu_a.o(.text) for CPU_SR_Save
    os_task.o(i.OS_TaskSemPost) refers to cpu_core.o(i.CPU_IntDisMeasStart) for CPU_IntDisMeasStart
    os_task.o(i.OS_TaskSemPost) refers to os_core.o(i.OS_SchedLockTimeMeasStart) for OS_SchedLockTimeMeasStart
    os_task.o(i.OS_TaskSemPost) refers to cpu_core.o(i.CPU_IntDisMeasStop) for CPU_IntDisMeasStop
    os_task.o(i.OS_TaskSemPost) refers to os_core.o(i.OS_SchedLockTimeMeasStop) for OS_SchedLockTimeMeasStop
    os_task.o(i.OS_TaskSemPost) refers to os_core.o(i.OS_Sched0) for OS_Sched0
    os_task.o(i.OS_TaskSemPost) refers to os_core.o(i.OS_Post) for OS_Post
    os_task.o(i.OS_TaskSemPost) refers to os_core.o(i.OSSched) for OSSched
    os_task.o(i.OS_TaskSemPost) refers to os_var.o(.data) for OSSchedLockNestingCtr
    os_task.o(i.OS_TaskSuspend) refers to cpu_a.o(.text) for CPU_SR_Save
    os_task.o(i.OS_TaskSuspend) refers to cpu_core.o(i.CPU_IntDisMeasStart) for CPU_IntDisMeasStart
    os_task.o(i.OS_TaskSuspend) refers to cpu_core.o(i.CPU_IntDisMeasStop) for CPU_IntDisMeasStop
    os_task.o(i.OS_TaskSuspend) refers to os_core.o(i.OS_SchedLockTimeMeasStart) for OS_SchedLockTimeMeasStart
    os_task.o(i.OS_TaskSuspend) refers to os_core.o(i.OS_RdyListRemove) for OS_RdyListRemove
    os_task.o(i.OS_TaskSuspend) refers to os_core.o(i.OS_SchedLockTimeMeasStop) for OS_SchedLockTimeMeasStop
    os_task.o(i.OS_TaskSuspend) refers to os_core.o(i.OSSched) for OSSched
    os_task.o(i.OS_TaskSuspend) refers to os_var.o(.data) for OSTCBCurPtr
    os_tick.o(i.OS_TickListInit) refers to os_cfg_app.o(.bss) for OSCfg_TickWheel
    os_tick.o(i.OS_TickListInit) refers to os_cfg_app.o(.constdata) for OSCfg_TickWheelSize
    os_tick.o(i.OS_TickListInsert) refers to os_var.o(.data) for OSTickCtr
    os_tick.o(i.OS_TickListInsert) refers to os_cfg_app.o(.constdata) for OSCfg_TickWheelSize
    os_tick.o(i.OS_TickListInsert) refers to os_cfg_app.o(.bss) for OSCfg_TickWheel
    os_tick.o(i.OS_TickListResetPeak) refers to os_cfg_app.o(.bss) for OSCfg_TickWheel
    os_tick.o(i.OS_TickListResetPeak) refers to os_cfg_app.o(.constdata) for OSCfg_TickWheelSize
    os_tick.o(i.OS_TickListUpdate) refers to cpu_a.o(.text) for CPU_SR_Save
    os_tick.o(i.OS_TickListUpdate) refers to cpu_core.o(i.CPU_IntDisMeasStart) for CPU_IntDisMeasStart
    os_tick.o(i.OS_TickListUpdate) refers to os_core.o(i.OS_SchedLockTimeMeasStart) for OS_SchedLockTimeMeasStart
    os_tick.o(i.OS_TickListUpdate) refers to cpu_core.o(i.CPU_IntDisMeasStop) for CPU_IntDisMeasStop
    os_tick.o(i.OS_TickListUpdate) refers to bsp.o(i.CPU_TS_TmrRd) for CPU_TS_TmrRd
    os_tick.o(i.OS_TickListUpdate) refers to os_core.o(i.OS_TaskRdy) for OS_TaskRdy
    os_tick.o(i.OS_TickListUpdate) refers to os_core.o(i.OS_PendListRemove) for OS_PendListRemove
    os_tick.o(i.OS_TickListUpdate) refers to os_tick.o(i.OS_TickListRemove) for OS_TickListRemove
    os_tick.o(i.OS_TickListUpdate) refers to os_core.o(i.OS_SchedLockTimeMeasStop) for OS_SchedLockTimeMeasStop
    os_tick.o(i.OS_TickListUpdate) refers to os_core.o(i.OS_Sched0) for OS_Sched0
    os_tick.o(i.OS_TickListUpdate) refers to os_var.o(.data) for OSSchedLockNestingCtr
    os_tick.o(i.OS_TickListUpdate) refers to os_cfg_app.o(.constdata) for OSCfg_TickWheelSize
    os_tick.o(i.OS_TickListUpdate) refers to os_cfg_app.o(.bss) for OSCfg_TickWheel
    os_tick.o(i.OS_TickTask) refers to os_task.o(i.OSTaskSemPend) for OSTaskSemPend
    os_tick.o(i.OS_TickTask) refers to os_tick.o(i.OS_TickListUpdate) for OS_TickListUpdate
    os_tick.o(i.OS_TickTask) refers to os_var.o(.data) for OSRunning
    os_tick.o(i.OS_TickTaskInit) refers to os_tick.o(i.OS_TickListInit) for OS_TickListInit
    os_tick.o(i.OS_TickTaskInit) refers to os_task.o(i.OSTaskCreate) for OSTaskCreate
    os_tick.o(i.OS_TickTaskInit) refers to os_var.o(.data) for OSTickCtr
    os_tick.o(i.OS_TickTaskInit) refers to os_cfg_app.o(.constdata) for OSCfg_TickTaskStkBasePtr
    os_tick.o(i.OS_TickTaskInit) refers to os_tick.o(i.OS_TickTask) for OS_TickTask
    os_tick.o(i.OS_TickTaskInit) refers to os_var.o(.bss) for OSTickTaskTCB
    os_time.o(i.OSTimeDly) refers to cpu_a.o(.text) for CPU_SR_Save
    os_time.o(i.OSTimeDly) refers to cpu_core.o(i.CPU_IntDisMeasStart) for CPU_IntDisMeasStart
    os_time.o(i.OSTimeDly) refers to os_core.o(i.OS_SchedLockTimeMeasStart) for OS_SchedLockTimeMeasStart
    os_time.o(i.OSTimeDly) refers to cpu_core.o(i.CPU_IntDisMeasStop) for CPU_IntDisMeasStop
    os_time.o(i.OSTimeDly) refers to os_tick.o(i.OS_TickListInsert) for OS_TickListInsert
    os_time.o(i.OSTimeDly) refers to os_core.o(i.OS_SchedLockTimeMeasStop) for OS_SchedLockTimeMeasStop
    os_time.o(i.OSTimeDly) refers to os_core.o(i.OS_RdyListRemove) for OS_RdyListRemove
    os_time.o(i.OSTimeDly) refers to os_core.o(i.OSSched) for OSSched
    os_time.o(i.OSTimeDly) refers to os_var.o(.data) for OSIntNestingCtr
    os_time.o(i.OSTimeDlyHMSM) refers to cpu_a.o(.text) for CPU_SR_Save
    os_time.o(i.OSTimeDlyHMSM) refers to cpu_core.o(i.CPU_IntDisMeasStart) for CPU_IntDisMeasStart
    os_time.o(i.OSTimeDlyHMSM) refers to os_core.o(i.OS_SchedLockTimeMeasStart) for OS_SchedLockTimeMeasStart
    os_time.o(i.OSTimeDlyHMSM) refers to cpu_core.o(i.CPU_IntDisMeasStop) for CPU_IntDisMeasStop
    os_time.o(i.OSTimeDlyHMSM) refers to os_tick.o(i.OS_TickListInsert) for OS_TickListInsert
    os_time.o(i.OSTimeDlyHMSM) refers to os_core.o(i.OS_SchedLockTimeMeasStop) for OS_SchedLockTimeMeasStop
    os_time.o(i.OSTimeDlyHMSM) refers to os_core.o(i.OS_RdyListRemove) for OS_RdyListRemove
    os_time.o(i.OSTimeDlyHMSM) refers to os_core.o(i.OSSched) for OSSched
    os_time.o(i.OSTimeDlyHMSM) refers to os_var.o(.data) for OSIntNestingCtr
    os_time.o(i.OSTimeDlyHMSM) refers to os_cfg_app.o(.constdata) for OSCfg_TickRate_Hz
    os_time.o(i.OSTimeDlyResume) refers to cpu_a.o(.text) for CPU_SR_Save
    os_time.o(i.OSTimeDlyResume) refers to cpu_core.o(i.CPU_IntDisMeasStart) for CPU_IntDisMeasStart
    os_time.o(i.OSTimeDlyResume) refers to cpu_core.o(i.CPU_IntDisMeasStop) for CPU_IntDisMeasStop
    os_time.o(i.OSTimeDlyResume) refers to os_core.o(i.OS_SchedLockTimeMeasStart) for OS_SchedLockTimeMeasStart
    os_time.o(i.OSTimeDlyResume) refers to os_tick.o(i.OS_TickListRemove) for OS_TickListRemove
    os_time.o(i.OSTimeDlyResume) refers to os_core.o(i.OS_RdyListInsert) for OS_RdyListInsert
    os_time.o(i.OSTimeDlyResume) refers to os_core.o(i.OS_SchedLockTimeMeasStop) for OS_SchedLockTimeMeasStop
    os_time.o(i.OSTimeDlyResume) refers to os_core.o(i.OSSched) for OSSched
    os_time.o(i.OSTimeDlyResume) refers to os_var.o(.data) for OSIntNestingCtr
    os_time.o(i.OSTimeGet) refers to cpu_a.o(.text) for CPU_SR_Save
    os_time.o(i.OSTimeGet) refers to cpu_core.o(i.CPU_IntDisMeasStart) for CPU_IntDisMeasStart
    os_time.o(i.OSTimeGet) refers to cpu_core.o(i.CPU_IntDisMeasStop) for CPU_IntDisMeasStop
    os_time.o(i.OSTimeGet) refers to os_var.o(.data) for OSTickCtr
    os_time.o(i.OSTimeSet) refers to cpu_a.o(.text) for CPU_SR_Save
    os_time.o(i.OSTimeSet) refers to cpu_core.o(i.CPU_IntDisMeasStart) for CPU_IntDisMeasStart
    os_time.o(i.OSTimeSet) refers to cpu_core.o(i.CPU_IntDisMeasStop) for CPU_IntDisMeasStop
    os_time.o(i.OSTimeSet) refers to os_var.o(.data) for OSTickCtr
    os_time.o(i.OSTimeTick) refers to os_cpu_c.o(i.OSTimeTickHook) for OSTimeTickHook
    os_time.o(i.OSTimeTick) refers to bsp.o(i.CPU_TS_TmrRd) for CPU_TS_TmrRd
    os_time.o(i.OSTimeTick) refers to os_int.o(i.OS_IntQPost) for OS_IntQPost
    os_time.o(i.OSTimeTick) refers to os_var.o(.data) for OSPrioCur
    os_time.o(i.OSTimeTick) refers to os_var.o(.bss) for OSRdyList
    os_tmr.o(i.OSTmrCreate) refers to cpu_a.o(.text) for CPU_SR_Save
    os_tmr.o(i.OSTmrCreate) refers to cpu_core.o(i.CPU_IntDisMeasStart) for CPU_IntDisMeasStart
    os_tmr.o(i.OSTmrCreate) refers to os_core.o(i.OS_SchedLockTimeMeasStart) for OS_SchedLockTimeMeasStart
    os_tmr.o(i.OSTmrCreate) refers to cpu_core.o(i.CPU_IntDisMeasStop) for CPU_IntDisMeasStop
    os_tmr.o(i.OSTmrCreate) refers to os_tmr.o(i.OS_TmrDbgListAdd) for OS_TmrDbgListAdd
    os_tmr.o(i.OSTmrCreate) refers to os_core.o(i.OS_SchedLockTimeMeasStop) for OS_SchedLockTimeMeasStop
    os_tmr.o(i.OSTmrCreate) refers to os_var.o(.data) for OSIntNestingCtr
    os_tmr.o(i.OSTmrDel) refers to os_core.o(i.OSSchedLock) for OSSchedLock
    os_tmr.o(i.OSTmrDel) refers to os_tmr.o(i.OS_TmrDbgListRemove) for OS_TmrDbgListRemove
    os_tmr.o(i.OSTmrDel) refers to os_tmr.o(i.OS_TmrUnlink) for OS_TmrUnlink
    os_tmr.o(i.OSTmrDel) refers to os_tmr.o(i.OS_TmrClr) for OS_TmrClr
    os_tmr.o(i.OSTmrDel) refers to os_core.o(i.OSSchedUnlock) for OSSchedUnlock
    os_tmr.o(i.OSTmrDel) refers to os_var.o(.data) for OSIntNestingCtr
    os_tmr.o(i.OSTmrRemainGet) refers to os_core.o(i.OSSchedLock) for OSSchedLock
    os_tmr.o(i.OSTmrRemainGet) refers to os_core.o(i.OSSchedUnlock) for OSSchedUnlock
    os_tmr.o(i.OSTmrRemainGet) refers to os_var.o(.data) for OSIntNestingCtr
    os_tmr.o(i.OSTmrStart) refers to os_core.o(i.OSSchedLock) for OSSchedLock
    os_tmr.o(i.OSTmrStart) refers to os_tmr.o(i.OS_TmrUnlink) for OS_TmrUnlink
    os_tmr.o(i.OSTmrStart) refers to os_tmr.o(i.OS_TmrLink) for OS_TmrLink
    os_tmr.o(i.OSTmrStart) refers to os_core.o(i.OSSchedUnlock) for OSSchedUnlock
    os_tmr.o(i.OSTmrStart) refers to os_var.o(.data) for OSIntNestingCtr
    os_tmr.o(i.OSTmrStateGet) refers to cpu_a.o(.text) for CPU_SR_Save
    os_tmr.o(i.OSTmrStateGet) refers to cpu_core.o(i.CPU_IntDisMeasStart) for CPU_IntDisMeasStart
    os_tmr.o(i.OSTmrStateGet) refers to cpu_core.o(i.CPU_IntDisMeasStop) for CPU_IntDisMeasStop
    os_tmr.o(i.OSTmrStateGet) refers to os_var.o(.data) for OSIntNestingCtr
    os_tmr.o(i.OSTmrStop) refers to os_core.o(i.OSSchedLock) for OSSchedLock
    os_tmr.o(i.OSTmrStop) refers to os_tmr.o(i.OS_TmrUnlink) for OS_TmrUnlink
    os_tmr.o(i.OSTmrStop) refers to os_core.o(i.OSSchedUnlock) for OSSchedUnlock
    os_tmr.o(i.OSTmrStop) refers to os_var.o(.data) for OSIntNestingCtr
    os_tmr.o(i.OS_TmrDbgListAdd) refers to os_var.o(.data) for OSTmrDbgListPtr
    os_tmr.o(i.OS_TmrDbgListRemove) refers to os_var.o(.data) for OSTmrDbgListPtr
    os_tmr.o(i.OS_TmrInit) refers to os_task.o(i.OSTaskCreate) for OSTaskCreate
    os_tmr.o(i.OS_TmrInit) refers to os_var.o(.data) for OSTmrDbgListPtr
    os_tmr.o(i.OS_TmrInit) refers to os_cfg_app.o(.constdata) for OSCfg_TmrTaskRate_Hz
    os_tmr.o(i.OS_TmrInit) refers to os_cfg_app.o(.bss) for OSCfg_TmrWheel
    os_tmr.o(i.OS_TmrInit) refers to os_tmr.o(i.OS_TmrTask) for OS_TmrTask
    os_tmr.o(i.OS_TmrInit) refers to os_var.o(.bss) for OSTmrTaskTCB
    os_tmr.o(i.OS_TmrLink) refers to os_var.o(.data) for OSTmrTickCtr
    os_tmr.o(i.OS_TmrLink) refers to os_cfg_app.o(.constdata) for OSCfg_TmrWheelSize
    os_tmr.o(i.OS_TmrLink) refers to os_cfg_app.o(.bss) for OSCfg_TmrWheel
    os_tmr.o(i.OS_TmrResetPeak) refers to os_cfg_app.o(.bss) for OSCfg_TmrWheel
    os_tmr.o(i.OS_TmrResetPeak) refers to os_cfg_app.o(.constdata) for OSCfg_TmrWheelSize
    os_tmr.o(i.OS_TmrTask) refers to os_task.o(i.OSTaskSemPend) for OSTaskSemPend
    os_tmr.o(i.OS_TmrTask) refers to os_core.o(i.OSSchedLock) for OSSchedLock
    os_tmr.o(i.OS_TmrTask) refers to bsp.o(i.CPU_TS_TmrRd) for CPU_TS_TmrRd
    os_tmr.o(i.OS_TmrTask) refers to os_tmr.o(i.OS_TmrUnlink) for OS_TmrUnlink
    os_tmr.o(i.OS_TmrTask) refers to os_tmr.o(i.OS_TmrLink) for OS_TmrLink
    os_tmr.o(i.OS_TmrTask) refers to os_core.o(i.OSSchedUnlock) for OSSchedUnlock
    os_tmr.o(i.OS_TmrTask) refers to os_var.o(.data) for OSTmrTickCtr
    os_tmr.o(i.OS_TmrTask) refers to os_cfg_app.o(.constdata) for OSCfg_TmrWheelSize
    os_tmr.o(i.OS_TmrTask) refers to os_cfg_app.o(.bss) for OSCfg_TmrWheel
    os_tmr.o(i.OS_TmrUnlink) refers to os_cfg_app.o(.constdata) for OSCfg_TmrWheelSize
    os_tmr.o(i.OS_TmrUnlink) refers to os_cfg_app.o(.bss) for OSCfg_TmrWheel
    os_cpu_a.o(CODE) refers to os_cpu_c.o(.data) for OS_CPU_ExceptStkBase
    os_cpu_a.o(CODE) refers to os_var.o(.data) for OSTCBCurPtr
    os_cpu_a.o(CODE) refers to os_cpu_c.o(i.OSTaskSwHook) for OSTaskSwHook
    os_cpu_c.o(i.OSIdleTaskHook) refers to os_var.o(.data) for OS_AppIdleTaskHookPtr
    os_cpu_c.o(i.OSInitHook) refers to os_cfg_app.o(.constdata) for OSCfg_ISRStkBasePtr
    os_cpu_c.o(i.OSInitHook) refers to os_cpu_c.o(.data) for OS_CPU_ExceptStkBase
    os_cpu_c.o(i.OSStatTaskHook) refers to os_var.o(.data) for OS_AppStatTaskHookPtr
    os_cpu_c.o(i.OSTaskCreateHook) refers to os_var.o(.data) for OS_AppTaskCreateHookPtr
    os_cpu_c.o(i.OSTaskDelHook) refers to os_var.o(.data) for OS_AppTaskDelHookPtr
    os_cpu_c.o(i.OSTaskReturnHook) refers to os_var.o(.data) for OS_AppTaskReturnHookPtr
    os_cpu_c.o(i.OSTaskStkInit) refers to os_task.o(i.OS_TaskReturn) for OS_TaskReturn
    os_cpu_c.o(i.OSTaskSwHook) refers to bsp.o(i.CPU_TS_TmrRd) for CPU_TS_TmrRd
    os_cpu_c.o(i.OSTaskSwHook) refers to cpu_core.o(i.CPU_IntDisMeasMaxCurReset) for CPU_IntDisMeasMaxCurReset
    os_cpu_c.o(i.OSTaskSwHook) refers to os_var.o(.data) for OS_AppTaskSwHookPtr
    os_cpu_c.o(i.OSTimeTickHook) refers to os_var.o(.data) for OS_AppTimeTickHookPtr
    os_cpu_c.o(i.OS_CPU_SysTickHandler) refers to cpu_a.o(.text) for CPU_SR_Save
    os_cpu_c.o(i.OS_CPU_SysTickHandler) refers to cpu_core.o(i.CPU_IntDisMeasStart) for CPU_IntDisMeasStart
    os_cpu_c.o(i.OS_CPU_SysTickHandler) refers to cpu_core.o(i.CPU_IntDisMeasStop) for CPU_IntDisMeasStop
    os_cpu_c.o(i.OS_CPU_SysTickHandler) refers to os_time.o(i.OSTimeTick) for OSTimeTick
    os_cpu_c.o(i.OS_CPU_SysTickHandler) refers to os_core.o(i.OSIntExit) for OSIntExit
    os_cpu_c.o(i.OS_CPU_SysTickHandler) refers to os_var.o(.data) for OSIntNestingCtr
    aes.o(i.aes_gen_tables) refers to aes.o(.bss) for round_constants
    aes.o(i.mbedtls_aes_crypt_ctr) refers to aes.o(i.mbedtls_aes_crypt_ecb) for mbedtls_aes_crypt_ecb
    aes.o(i.mbedtls_aes_crypt_ecb) refers to aes.o(i.mbedtls_internal_aes_encrypt) for mbedtls_internal_aes_encrypt
    aes.o(i.mbedtls_aes_crypt_ecb) refers to aes.o(i.mbedtls_internal_aes_decrypt) for mbedtls_internal_aes_decrypt
    aes.o(i.mbedtls_aes_decrypt) refers to aes.o(i.mbedtls_internal_aes_decrypt) for mbedtls_internal_aes_decrypt
    aes.o(i.mbedtls_aes_encrypt) refers to aes.o(i.mbedtls_internal_aes_encrypt) for mbedtls_internal_aes_encrypt
    aes.o(i.mbedtls_aes_free) refers to platform_util.o(i.mbedtls_platform_zeroize) for mbedtls_platform_zeroize
    aes.o(i.mbedtls_aes_init) refers to memseta.o(.text) for __aeabi_memclr4
    aes.o(i.mbedtls_aes_setkey_dec) refers to aes.o(i.mbedtls_aes_init) for mbedtls_aes_init
    aes.o(i.mbedtls_aes_setkey_dec) refers to aes.o(i.mbedtls_aes_rk_offset) for mbedtls_aes_rk_offset
    aes.o(i.mbedtls_aes_setkey_dec) refers to aes.o(i.mbedtls_aes_setkey_enc) for mbedtls_aes_setkey_enc
    aes.o(i.mbedtls_aes_setkey_dec) refers to aes.o(i.mbedtls_aes_free) for mbedtls_aes_free
    aes.o(i.mbedtls_aes_setkey_dec) refers to aes.o(.bss) for FSb
    aes.o(i.mbedtls_aes_setkey_enc) refers to aes.o(i.aes_gen_tables) for aes_gen_tables
    aes.o(i.mbedtls_aes_setkey_enc) refers to aes.o(i.mbedtls_aes_rk_offset) for mbedtls_aes_rk_offset
    aes.o(i.mbedtls_aes_setkey_enc) refers to aes.o(.data) for aes_init_done
    aes.o(i.mbedtls_aes_setkey_enc) refers to aes.o(.bss) for round_constants
    aes.o(i.mbedtls_internal_aes_decrypt) refers to platform_util.o(i.mbedtls_platform_zeroize) for mbedtls_platform_zeroize
    aes.o(i.mbedtls_internal_aes_decrypt) refers to aes.o(.bss) for RT0
    aes.o(i.mbedtls_internal_aes_encrypt) refers to platform_util.o(i.mbedtls_platform_zeroize) for mbedtls_platform_zeroize
    aes.o(i.mbedtls_internal_aes_encrypt) refers to aes.o(.bss) for FT0
    sha256.o(i.mbedtls_internal_sha256_process) refers to sha256.o(.constdata) for K
    sha256.o(i.mbedtls_internal_sha256_process) refers to platform_util.o(i.mbedtls_platform_zeroize) for mbedtls_platform_zeroize
    sha256.o(i.mbedtls_sha256) refers to sha256.o(i.mbedtls_sha256_ret) for mbedtls_sha256_ret
    sha256.o(i.mbedtls_sha256_clone) refers to memcpya.o(.text) for __aeabi_memcpy4
    sha256.o(i.mbedtls_sha256_finish) refers to sha256.o(i.mbedtls_sha256_finish_ret) for mbedtls_sha256_finish_ret
    sha256.o(i.mbedtls_sha256_finish_ret) refers to memseta.o(.text) for __aeabi_memclr
    sha256.o(i.mbedtls_sha256_finish_ret) refers to sha256.o(i.mbedtls_internal_sha256_process) for mbedtls_internal_sha256_process
    sha256.o(i.mbedtls_sha256_free) refers to platform_util.o(i.mbedtls_platform_zeroize) for mbedtls_platform_zeroize
    sha256.o(i.mbedtls_sha256_init) refers to memseta.o(.text) for __aeabi_memclr4
    sha256.o(i.mbedtls_sha256_process) refers to sha256.o(i.mbedtls_internal_sha256_process) for mbedtls_internal_sha256_process
    sha256.o(i.mbedtls_sha256_ret) refers to sha256.o(i.mbedtls_sha256_init) for mbedtls_sha256_init
    sha256.o(i.mbedtls_sha256_ret) refers to sha256.o(i.mbedtls_sha256_starts_ret) for mbedtls_sha256_starts_ret
    sha256.o(i.mbedtls_sha256_ret) refers to sha256.o(i.mbedtls_sha256_update_ret) for mbedtls_sha256_update_ret
    sha256.o(i.mbedtls_sha256_ret) refers to sha256.o(i.mbedtls_sha256_finish_ret) for mbedtls_sha256_finish_ret
    sha256.o(i.mbedtls_sha256_ret) refers to sha256.o(i.mbedtls_sha256_free) for mbedtls_sha256_free
    sha256.o(i.mbedtls_sha256_starts) refers to sha256.o(i.mbedtls_sha256_starts_ret) for mbedtls_sha256_starts_ret
    sha256.o(i.mbedtls_sha256_update) refers to sha256.o(i.mbedtls_sha256_update_ret) for mbedtls_sha256_update_ret
    sha256.o(i.mbedtls_sha256_update_ret) refers to memcpya.o(.text) for __aeabi_memcpy
    sha256.o(i.mbedtls_sha256_update_ret) refers to sha256.o(i.mbedtls_internal_sha256_process) for mbedtls_internal_sha256_process
    md.o(i.mbedtls_md) refers to sha256.o(i.mbedtls_sha256_ret) for mbedtls_sha256_ret
    md.o(i.mbedtls_md_clone) refers to sha256.o(i.mbedtls_sha256_clone) for mbedtls_sha256_clone
    md.o(i.mbedtls_md_finish) refers to sha256.o(i.mbedtls_sha256_finish_ret) for mbedtls_sha256_finish_ret
    md.o(i.mbedtls_md_free) refers to sha256.o(i.mbedtls_sha256_free) for mbedtls_sha256_free
    md.o(i.mbedtls_md_free) refers to malloc.o(i.free) for free
    md.o(i.mbedtls_md_free) refers to platform_util.o(i.mbedtls_platform_zeroize) for mbedtls_platform_zeroize
    md.o(i.mbedtls_md_hmac) refers to md.o(i.mbedtls_md_init) for mbedtls_md_init
    md.o(i.mbedtls_md_hmac) refers to md.o(i.mbedtls_md_setup) for mbedtls_md_setup
    md.o(i.mbedtls_md_hmac) refers to md.o(i.mbedtls_md_hmac_starts) for mbedtls_md_hmac_starts
    md.o(i.mbedtls_md_hmac) refers to md.o(i.mbedtls_md_hmac_update) for mbedtls_md_hmac_update
    md.o(i.mbedtls_md_hmac) refers to md.o(i.mbedtls_md_hmac_finish) for mbedtls_md_hmac_finish
    md.o(i.mbedtls_md_hmac) refers to md.o(i.mbedtls_md_free) for mbedtls_md_free
    md.o(i.mbedtls_md_hmac_finish) refers to md.o(i.mbedtls_md_finish) for mbedtls_md_finish
    md.o(i.mbedtls_md_hmac_finish) refers to md.o(i.mbedtls_md_starts) for mbedtls_md_starts
    md.o(i.mbedtls_md_hmac_finish) refers to md.o(i.mbedtls_md_update) for mbedtls_md_update
    md.o(i.mbedtls_md_hmac_reset) refers to md.o(i.mbedtls_md_starts) for mbedtls_md_starts
    md.o(i.mbedtls_md_hmac_reset) refers to md.o(i.mbedtls_md_update) for mbedtls_md_update
    md.o(i.mbedtls_md_hmac_starts) refers to md.o(i.mbedtls_md_starts) for mbedtls_md_starts
    md.o(i.mbedtls_md_hmac_starts) refers to md.o(i.mbedtls_md_update) for mbedtls_md_update
    md.o(i.mbedtls_md_hmac_starts) refers to md.o(i.mbedtls_md_finish) for mbedtls_md_finish
    md.o(i.mbedtls_md_hmac_starts) refers to memseta.o(.text) for __aeabi_memset
    md.o(i.mbedtls_md_hmac_starts) refers to platform_util.o(i.mbedtls_platform_zeroize) for mbedtls_platform_zeroize
    md.o(i.mbedtls_md_hmac_update) refers to md.o(i.mbedtls_md_update) for mbedtls_md_update
    md.o(i.mbedtls_md_info_from_string) refers to strcmp.o(.text) for strcmp
    md.o(i.mbedtls_md_info_from_string) refers to md.o(i.mbedtls_md_info_from_type) for mbedtls_md_info_from_type
    md.o(i.mbedtls_md_info_from_type) refers to md.o(.constdata) for mbedtls_sha224_info
    md.o(i.mbedtls_md_init_ctx) refers to md.o(i.mbedtls_md_setup) for mbedtls_md_setup
    md.o(i.mbedtls_md_list) refers to md.o(.constdata) for supported_digests
    md.o(i.mbedtls_md_process) refers to sha256.o(i.mbedtls_internal_sha256_process) for mbedtls_internal_sha256_process
    md.o(i.mbedtls_md_setup) refers to calloc.o(.text) for calloc
    md.o(i.mbedtls_md_setup) refers to sha256.o(i.mbedtls_sha256_init) for mbedtls_sha256_init
    md.o(i.mbedtls_md_setup) refers to md.o(i.mbedtls_md_free) for mbedtls_md_free
    md.o(i.mbedtls_md_starts) refers to sha256.o(i.mbedtls_sha256_starts_ret) for mbedtls_sha256_starts_ret
    md.o(i.mbedtls_md_update) refers to sha256.o(i.mbedtls_sha256_update_ret) for mbedtls_sha256_update_ret
    md.o(.constdata) refers to md.o(.conststring) for .conststring
    platform_util.o(i.mbedtls_platform_zeroize) refers to platform_util.o(.data) for memset_func
    platform_util.o(.data) refers to memseta.o(.text) for memset
    entry.o(.ARM.Collect$$$$00000000) refers (Special) to entry10a.o(.ARM.Collect$$$$0000000D) for __rt_final_cpp
    entry.o(.ARM.Collect$$$$00000000) refers (Special) to entry11a.o(.ARM.Collect$$$$0000000F) for __rt_final_exit
    entry.o(.ARM.Collect$$$$00000000) refers (Special) to entry7b.o(.ARM.Collect$$$$00000008) for _main_clock
    entry.o(.ARM.Collect$$$$00000000) refers (Special) to entry8b.o(.ARM.Collect$$$$0000000A) for _main_cpp_init
    entry.o(.ARM.Collect$$$$00000000) refers (Special) to entry9a.o(.ARM.Collect$$$$0000000B) for _main_init
    entry.o(.ARM.Collect$$$$00000000) refers (Special) to entry5.o(.ARM.Collect$$$$00000004) for _main_scatterload
    entry.o(.ARM.Collect$$$$00000000) refers (Special) to entry2.o(.ARM.Collect$$$$00000001) for _main_stk
    malloc.o(i.free) refers to mvars.o(.data) for __microlib_freelist
    malloc.o(i.malloc) refers to mvars.o(.data) for __microlib_freelist_initialised
    malloc.o(i.malloc) refers to mvars.o(.data) for __microlib_freelist
    malloc.o(i.malloc) refers to startup_stm32f10x_hd.o(HEAP) for __heap_base
    mallocr.o(i.__free$realloc) refers to mvars.o(.data) for __microlib_freelist
    mallocr.o(i.__malloc$realloc) refers to mallocr.o(i.internal_alloc) for internal_alloc
    mallocr.o(i.__malloc$realloc) refers to mvars.o(.data) for __microlib_freelist_initialised
    mallocr.o(i.__malloc$realloc) refers to startup_stm32f10x_hd.o(HEAP) for __heap_base
    mallocr.o(i.__malloc$realloc) refers to mvars.o(.data) for __microlib_freelist
    mallocr.o(i.internal_alloc) refers to memcpya.o(.text) for __aeabi_memcpy
    mallocr.o(i.internal_alloc) refers to mvars.o(.data) for __microlib_freelist
    mallocr.o(i.realloc) refers to mallocr.o(i.__free$realloc) for __free$realloc
    mallocr.o(i.realloc) refers to mallocr.o(i.internal_alloc) for internal_alloc
    mallocr.o(i.realloc) refers to mallocr.o(i.__malloc$realloc) for __malloc$realloc
    mallocr.o(i.realloc) refers to mvars.o(.data) for __microlib_freelist
    malloca.o(i.__aligned_malloc) refers to mvars.o(.data) for __microlib_freelist_initialised
    malloca.o(i.__aligned_malloc) refers to mvars.o(.data) for __microlib_freelist
    malloca.o(i.__aligned_malloc) refers to startup_stm32f10x_hd.o(HEAP) for __heap_base
    malloca.o(i.__free$memalign) refers to mvars.o(.data) for __microlib_freelist
    malloca.o(i.__malloc$memalign) refers to malloca.o(i.__aligned_malloc) for __aligned_malloc
    mallocra.o(i.__aligned_malloc$realloc) refers to mallocra.o(i.internal_alloc) for internal_alloc
    mallocra.o(i.__aligned_malloc$realloc) refers to mvars.o(.data) for __microlib_freelist_initialised
    mallocra.o(i.__aligned_malloc$realloc) refers to startup_stm32f10x_hd.o(HEAP) for __heap_base
    mallocra.o(i.__aligned_malloc$realloc) refers to mvars.o(.data) for __microlib_freelist
    mallocra.o(i.__free$realloc$memalign) refers to mvars.o(.data) for __microlib_freelist
    mallocra.o(i.__malloc$realloc$memalign) refers to mallocra.o(i.__aligned_malloc$realloc) for __aligned_malloc$realloc
    mallocra.o(i.__realloc$memalign) refers to mallocra.o(i.__free$realloc$memalign) for __free$realloc$memalign
    mallocra.o(i.__realloc$memalign) refers to mallocra.o(i.internal_alloc) for internal_alloc
    mallocra.o(i.__realloc$memalign) refers to mallocra.o(i.__malloc$realloc$memalign) for __malloc$realloc$memalign
    mallocra.o(i.__realloc$memalign) refers to mvars.o(.data) for __microlib_freelist
    mallocra.o(i.internal_alloc) refers to memcpya.o(.text) for __aeabi_memcpy
    mallocra.o(i.internal_alloc) refers to mvars.o(.data) for __microlib_freelist
    calloc.o(.text) refers to malloc.o(i.malloc) for malloc
    entry2.o(.ARM.Collect$$$$00000001) refers to entry2.o(.ARM.Collect$$$$00002712) for __lit__00000000
    entry2.o(.ARM.Collect$$$$00002712) refers to startup_stm32f10x_hd.o(STACK) for __initial_sp
    entry2.o(__vectab_stack_and_reset_area) refers to startup_stm32f10x_hd.o(STACK) for __initial_sp
    entry2.o(__vectab_stack_and_reset_area) refers to entry.o(.ARM.Collect$$$$00000000) for __main
    entry5.o(.ARM.Collect$$$$00000004) refers to init.o(.text) for __scatterload
    entry9a.o(.ARM.Collect$$$$0000000B) refers to app.o(i.main) for main
    entry9b.o(.ARM.Collect$$$$0000000C) refers to app.o(i.main) for main
    init.o(.text) refers to entry5.o(.ARM.Collect$$$$00000004) for __main_after_scatterload

