Component: ARM Compiler 5.06 update 6 (build 750) Tool: armlink [4d35ed]

==============================================================================

Section Cross References

    startup_stm32f10x_hd.o(RESET) refers to startup_stm32f10x_hd.o(STACK) for __initial_sp
    startup_stm32f10x_hd.o(RESET) refers to startup_stm32f10x_hd.o(.text) for Reset_Handler
    startup_stm32f10x_hd.o(RESET) refers to stm32f10x_it.o(i.NMI_Handler) for NMI_Handler
    startup_stm32f10x_hd.o(RESET) refers to stm32f10x_it.o(i.HardFault_Handler) for HardFault_Handler
    startup_stm32f10x_hd.o(RESET) refers to stm32f10x_it.o(i.MemManage_Handler) for MemManage_Handler
    startup_stm32f10x_hd.o(RESET) refers to stm32f10x_it.o(i.BusFault_Handler) for BusFault_Handler
    startup_stm32f10x_hd.o(RESET) refers to stm32f10x_it.o(i.UsageFault_Handler) for UsageFault_Handler
    startup_stm32f10x_hd.o(RESET) refers to stm32f10x_it.o(i.SVC_Handler) for SVC_Handler
    startup_stm32f10x_hd.o(RESET) refers to stm32f10x_it.o(i.DebugMon_Handler) for DebugMon_Handler
    startup_stm32f10x_hd.o(RESET) refers to os_cpu_a.o(CODE) for OS_CPU_PendSVHandler
    startup_stm32f10x_hd.o(RESET) refers to os_cpu_c.o(i.OS_CPU_SysTickHandler) for OS_CPU_SysTickHandler
    startup_stm32f10x_hd.o(RESET) refers to stm32f10x_it.o(i.USART1_IRQHandler) for USART1_IRQHandler
    startup_stm32f10x_hd.o(.text) refers to system_stm32f10x.o(i.SystemInit) for SystemInit
    startup_stm32f10x_hd.o(.text) refers to entry.o(.ARM.Collect$$$$00000000) for __main
    system_stm32f10x.o(i.SetSysClock) refers to system_stm32f10x.o(i.SetSysClockTo72) for SetSysClockTo72
    system_stm32f10x.o(i.SystemCoreClockUpdate) refers to system_stm32f10x.o(.data) for SystemCoreClock
    system_stm32f10x.o(i.SystemInit) refers to system_stm32f10x.o(i.SetSysClock) for SetSysClock
    stm32f10x_adc.o(i.ADC_DeInit) refers to stm32f10x_rcc.o(i.RCC_APB2PeriphResetCmd) for RCC_APB2PeriphResetCmd
    stm32f10x_bkp.o(i.BKP_DeInit) refers to stm32f10x_rcc.o(i.RCC_BackupResetCmd) for RCC_BackupResetCmd
    stm32f10x_can.o(i.CAN_DeInit) refers to stm32f10x_rcc.o(i.RCC_APB1PeriphResetCmd) for RCC_APB1PeriphResetCmd
    stm32f10x_can.o(i.CAN_GetITStatus) refers to stm32f10x_can.o(i.CheckITStatus) for CheckITStatus
    stm32f10x_cec.o(i.CEC_DeInit) refers to stm32f10x_rcc.o(i.RCC_APB1PeriphResetCmd) for RCC_APB1PeriphResetCmd
    stm32f10x_dac.o(i.DAC_DeInit) refers to stm32f10x_rcc.o(i.RCC_APB1PeriphResetCmd) for RCC_APB1PeriphResetCmd
    stm32f10x_flash.o(i.FLASH_EnableWriteProtection) refers to stm32f10x_flash.o(i.FLASH_WaitForLastOperation) for FLASH_WaitForLastOperation
    stm32f10x_flash.o(i.FLASH_EraseAllBank1Pages) refers to stm32f10x_flash.o(i.FLASH_WaitForLastBank1Operation) for FLASH_WaitForLastBank1Operation
    stm32f10x_flash.o(i.FLASH_EraseAllPages) refers to stm32f10x_flash.o(i.FLASH_WaitForLastOperation) for FLASH_WaitForLastOperation
    stm32f10x_flash.o(i.FLASH_EraseOptionBytes) refers to stm32f10x_flash.o(i.FLASH_GetReadOutProtectionStatus) for FLASH_GetReadOutProtectionStatus
    stm32f10x_flash.o(i.FLASH_EraseOptionBytes) refers to stm32f10x_flash.o(i.FLASH_WaitForLastOperation) for FLASH_WaitForLastOperation
    stm32f10x_flash.o(i.FLASH_ErasePage) refers to stm32f10x_flash.o(i.FLASH_WaitForLastOperation) for FLASH_WaitForLastOperation
    stm32f10x_flash.o(i.FLASH_ProgramHalfWord) refers to stm32f10x_flash.o(i.FLASH_WaitForLastOperation) for FLASH_WaitForLastOperation
    stm32f10x_flash.o(i.FLASH_ProgramOptionByteData) refers to stm32f10x_flash.o(i.FLASH_WaitForLastOperation) for FLASH_WaitForLastOperation
    stm32f10x_flash.o(i.FLASH_ProgramWord) refers to stm32f10x_flash.o(i.FLASH_WaitForLastOperation) for FLASH_WaitForLastOperation
    stm32f10x_flash.o(i.FLASH_ReadOutProtection) refers to stm32f10x_flash.o(i.FLASH_WaitForLastOperation) for FLASH_WaitForLastOperation
    stm32f10x_flash.o(i.FLASH_UserOptionByteConfig) refers to stm32f10x_flash.o(i.FLASH_WaitForLastOperation) for FLASH_WaitForLastOperation
    stm32f10x_flash.o(i.FLASH_WaitForLastBank1Operation) refers to stm32f10x_flash.o(i.FLASH_GetBank1Status) for FLASH_GetBank1Status
    stm32f10x_flash.o(i.FLASH_WaitForLastOperation) refers to stm32f10x_flash.o(i.FLASH_GetBank1Status) for FLASH_GetBank1Status
    stm32f10x_gpio.o(i.GPIO_AFIODeInit) refers to stm32f10x_rcc.o(i.RCC_APB2PeriphResetCmd) for RCC_APB2PeriphResetCmd
    stm32f10x_gpio.o(i.GPIO_DeInit) refers to stm32f10x_rcc.o(i.RCC_APB2PeriphResetCmd) for RCC_APB2PeriphResetCmd
    stm32f10x_i2c.o(i.I2C_DeInit) refers to stm32f10x_rcc.o(i.RCC_APB1PeriphResetCmd) for RCC_APB1PeriphResetCmd
    stm32f10x_i2c.o(i.I2C_Init) refers to stm32f10x_rcc.o(i.RCC_GetClocksFreq) for RCC_GetClocksFreq
    stm32f10x_pwr.o(i.PWR_DeInit) refers to stm32f10x_rcc.o(i.RCC_APB1PeriphResetCmd) for RCC_APB1PeriphResetCmd
    stm32f10x_rcc.o(i.RCC_GetClocksFreq) refers to stm32f10x_rcc.o(.data) for APBAHBPrescTable
[...]
    CPU_WaitForExcept                        0x08000183   Thumb Code     0  cpu_a.o(.text)
    CPU_CntLeadZeros                         0x08000187   Thumb Code     0  cpu_a.o(.text)
    CPU_CntTrailZeros                        0x0800018d   Thumb Code     0  cpu_a.o(.text)
    CPU_RevBits                              0x08000197   Thumb Code     0  cpu_a.o(.text)
    __aeabi_memcpy                           0x0800019d   Thumb Code    36  memcpya.o(.text)
    __aeabi_memcpy4                          0x0800019d   Thumb Code     0  memcpya.o(.text)
    __aeabi_memcpy8                          0x0800019d   Thumb Code     0  memcpya.o(.text)
    __aeabi_memset                           0x080001c1   Thumb Code    14  memseta.o(.text)
    __aeabi_memset4                          0x080001c1   Thumb Code     0  memseta.o(.text)
    __aeabi_memset8                          0x080001c1   Thumb Code     0  memseta.o(.text)
    __aeabi_memclr                           0x080001cf   Thumb Code     4  memseta.o(.text)
    __aeabi_memclr4                          0x080001cf   Thumb Code     0  memseta.o(.text)
    __aeabi_memclr8                          0x080001cf   Thumb Code     0  memseta.o(.text)
    memset                                   0x080001d3   Thumb Code    18  memseta.o(.text)
    strchr                                   0x080001e5   Thumb Code    20  strchr.o(.text)
    memcmp                                   0x080001f9   Thumb Code    26  memcmp.o(.text)
    __aeabi_dmul                             0x08000213   Thumb Code   228  dmul.o(.text)
    __aeabi_ddiv                             0x080002f7   Thumb Code   222  ddiv.o(.text)
    __aeabi_ui2d                             0x080003d5   Thumb Code    26  dfltui.o(.text)
    __aeabi_f2d                              0x080003ef   Thumb Code    38  f2d.o(.text)
    __aeabi_d2f                              0x08000415   Thumb Code    56  d2f.o(.text)
    __aeabi_uidiv                            0x0800044d   Thumb Code     0  uidiv.o(.text)
    __aeabi_uidivmod                         0x0800044d   Thumb Code    44  uidiv.o(.text)
    __aeabi_uldivmod                         0x08000479   Thumb Code    98  uldiv.o(.text)
    __I$use$fp                               0x080004db   Thumb Code     0  iusefp.o(.text)
    _float_round                             0x080004db   Thumb Code    18  fepilogue.o(.text)
    _float_epilogue                          0x080004ed   Thumb Code    92  fepilogue.o(.text)
    _double_round                            0x08000549   Thumb Code    30  depilogue.o(.text)
    _double_epilogue                         0x08000567   Thumb Code   156  depilogue.o(.text)
    __aeabi_dadd                             0x08000603   Thumb Code   322  dadd.o(.text)
    __aeabi_dsub                             0x08000745   Thumb Code     6  dadd.o(.text)
    __aeabi_drsub                            0x0800074b   Thumb Code     6  dadd.o(.text)
    __aeabi_d2ulz                            0x08000751   Thumb Code    48  dfixul.o(.text)
    __aeabi_cdrcmple                         0x08000781   Thumb Code    48  cdrcmple.o(.text)
    __scatterload                            0x080007b1   Thumb Code    28  init.o(.text)
    __scatterload_rt2                        0x080007b1   Thumb Code     0  init.o(.text)
    __aeabi_llsl                             0x080007d5   Thumb Code    30  llshl.o(.text)
    _ll_shift_l                              0x080007d5   Thumb Code     0  llshl.o(.text)
    __aeabi_llsr                             0x080007f3   Thumb Code    32  llushr.o(.text)
    _ll_ushift_r                             0x080007f3   Thumb Code     0  llushr.o(.text)
    __aeabi_lasr                             0x08000813   Thumb Code    36  llsshr.o(.text)
    _ll_sshift_r                             0x08000813   Thumb Code     0  llsshr.o(.text)
    __decompress                             0x08000837   Thumb Code     0  __dczerorl2.o(.text)
    __decompress1                            0x08000837   Thumb Code    86  __dczerorl2.o(.text)
    OSStartHighRdy                           0x0800088d   Thumb Code     0  os_cpu_a.o(CODE)
    OS_CPU_PendSVHandler                     0x080008af   Thumb Code     0  os_cpu_a.o(CODE)
    AppTask_Download                         0x08000ac1   Thumb Code  2136  task_download.o(i.AppTask_Download)
    AppTask_Key                              0x0800153d   Thumb Code    72  task_key.o(i.AppTask_Key)
    AppTask_LED_WDG                          0x0800158d   Thumb Code   398  task_led_wdg.o(i.AppTask_LED_WDG)
    BSP_Buzzer_Off                           0x08001739   Thumb Code    12  bsp_gpio.o(i.BSP_Buzzer_Off)
    BSP_Buzzer_On                            0x08001749   Thumb Code    12  bsp_gpio.o(i.BSP_Buzzer_On)
    BSP_CPU_ClkFreq                          0x08001759   Thumb Code    28  bsp.o(i.BSP_CPU_ClkFreq)
    BSP_GPIO_Init                            0x08001779   Thumb Code   182  bsp_gpio.o(i.BSP_GPIO_Init)
    BSP_IWDG_Feed                            0x08001845   Thumb Code     8  bsp_iwdg.o(i.BSP_IWDG_Feed)
    BSP_Init                                 0x0800184d   Thumb Code    16  bsp.o(i.BSP_Init)
    BSP_Key_Read                             0x0800185d   Thumb Code    36  bsp_gpio.o(i.BSP_Key_Read)
    BSP_LED_Off                              0x08001889   Thumb Code    16  bsp_gpio.o(i.BSP_LED_Off)
    BSP_LED_On                               0x08001899   Thumb Code    16  bsp_gpio.o(i.BSP_LED_On)
    BSP_LED_Toggle                           0x080018a9   Thumb Code     8  bsp_gpio.o(i.BSP_LED_Toggle)
    BSP_SD_CS_High                           0x080018b1   Thumb Code    14  bsp_gpio.o(i.BSP_SD_CS_High)
    BSP_SD_CS_Low                            0x080018c5   Thumb Code    14  bsp_gpio.o(i.BSP_SD_CS_Low)
    BSP_SPI2_Init                            0x080018d9   Thumb Code   136  bsp_spi_sd.o(i.BSP_SPI2_Init)
    BSP_USART1_GetRecvBuf                    0x08001969   Thumb Code     4  bsp_usart.o(i.BSP_USART1_GetRecvBuf)
    BSP_USART1_GetRecvLen                    0x08001971   Thumb Code     6  bsp_usart.o(i.BSP_USART1_GetRecvLen)
    BSP_USART1_IRQHandler                    0x0800197d   Thumb Code    96  bsp_usart.o(i.BSP_USART1_IRQHandler)
    BSP_USART1_RecvStart                     0x080019f1   Thumb Code    22  bsp_usart.o(i.BSP_USART1_RecvStart)
    BSP_USART1_Send                          0x08001a11   Thumb Code    56  bsp_usart.o(i.BSP_USART1_Send)
    BSP_USART2_Printf                        0x08001a4d   Thumb Code    88  bsp_usart.o(i.BSP_USART2_Printf)
    BSP_USART_Init                           0x08001aa9   Thumb Code   270  bsp_usart.o(i.BSP_USART_Init)
    BusFault_Handler                         0x08001bd9   Thumb Code     4  stm32f10x_it.o(i.BusFault_Handler)
    Buzzer_Request                           0x08001bdd   Thumb Code     6  task_led_wdg.o(i.Buzzer_Request)
    CPU_Init                                 0x08001be9   Thumb Code    16  cpu_core.o(i.CPU_Init)
    CPU_IntDisMeasMaxCurGet                  0x08001c99   Thumb Code    40  cpu_core.o(i.CPU_IntDisMeasMaxCurGet)
    CPU_IntDisMeasMaxCurReset                0x08001cc5   Thumb Code    40  cpu_core.o(i.CPU_IntDisMeasMaxCurReset)
    CPU_IntDisMeasMaxGet                     0x08001cf1   Thumb Code    40  cpu_core.o(i.CPU_IntDisMeasMaxGet)
    CPU_IntDisMeasStart                      0x08001d1d   Thumb Code    38  cpu_core.o(i.CPU_IntDisMeasStart)
    CPU_IntDisMeasStop                       0x08001d51   Thumb Code    62  cpu_core.o(i.CPU_IntDisMeasStop)
    CPU_NameClr                              0x08001da5   Thumb Code    50  cpu_core.o(i.CPU_NameClr)
    CPU_TS_TmrFreqSet                        0x08001df9   Thumb Code     6  cpu_core.o(i.CPU_TS_TmrFreqSet)
    CPU_TS_TmrInit                           0x08001e05   Thumb Code    44  bsp.o(i.CPU_TS_TmrInit)
    CPU_TS_TmrRd                             0x08001e39   Thumb Code     6  bsp.o(i.CPU_TS_TmrRd)
    CRC32_Calc                               0x08001e45   Thumb Code    58  crc32.o(i.CRC32_Calc)
    CRC32_GetResult                          0x08001e81   Thumb Code     8  crc32.o(i.CRC32_GetResult)
    CRC32_Reset                              0x08001e8d   Thumb Code    10  crc32.o(i.CRC32_Reset)
    CRC32_Update                             0x08001e9d   Thumb Code    44  crc32.o(i.CRC32_Update)
    DebugMon_Handler                         0x08001fc1   Thumb Code     2  stm32f10x_it.o(i.DebugMon_Handler)
    GPIO_Init                                0x08001fc3   Thumb Code   278  stm32f10x_gpio.o(i.GPIO_Init)
    GPIO_PinRemapConfig                      0x080020d9   Thumb Code   138  stm32f10x_gpio.o(i.GPIO_PinRemapConfig)
    GPIO_ReadInputDataBit                    0x08002169   Thumb Code    18  stm32f10x_gpio.o(i.GPIO_ReadInputDataBit)
    GPIO_ResetBits                           0x0800217b   Thumb Code     4  stm32f10x_gpio.o(i.GPIO_ResetBits)
    GPIO_SetBits                             0x0800217f   Thumb Code     4  stm32f10x_gpio.o(i.GPIO_SetBits)
    HardFault_Handler                        0x08002183   Thumb Code     4  stm32f10x_it.o(i.HardFault_Handler)
    IWDG_ReloadCounter                       0x08002189   Thumb Code    10  stm32f10x_iwdg.o(i.IWDG_ReloadCounter)
    MemManage_Handler                        0x08002251   Thumb Code     4  stm32f10x_it.o(i.MemManage_Handler)
    Mem_Clr                                  0x08002255   Thumb Code    18  lib_mem.o(i.Mem_Clr)
    Mem_Init                                 0x08002269   Thumb Code    54  lib_mem.o(i.Mem_Init)
    Mem_Set                                  0x080022b1   Thumb Code    98  lib_mem.o(i.Mem_Set)
    NMI_Handler                              0x08002313   Thumb Code     2  stm32f10x_it.o(i.NMI_Handler)
    NVIC_Init                                0x08002315   Thumb Code   100  misc.o(i.NVIC_Init)
    OSCfg_Init                               0x08002385   Thumb Code     2  os_cfg_app.o(i.OSCfg_Init)
    OSIdleTaskHook                           0x08002389   Thumb Code    16  os_cpu_c.o(i.OSIdleTaskHook)
    OSInit                                   0x0800239d   Thumb Code   288  os_core.o(i.OSInit)
    OSInitHook                               0x0800251d   Thumb Code    42  os_cpu_c.o(i.OSInitHook)
    OSIntEnter                               0x08002555   Thumb Code    34  os_core.o(i.OSIntEnter)
    OSIntExit                                0x08002581   Thumb Code   192  os_core.o(i.OSIntExit)
    OSMutexCreate                            0x08002665   Thumb Code   216  os_mutex.o(i.OSMutexCreate)
    OSMutexDel                               0x0800274d   Thumb Code   918  os_mutex.o(i.OSMutexDel)
    OSMutexPend                              0x08002af9   Thumb Code   788  os_mutex.o(i.OSMutexPend)
    OSMutexPost                              0x08002e21   Thumb Code   646  os_mutex.o(i.OSMutexPost)
    OSQCreate                                0x080030c1   Thumb Code   224  os_q.o(i.OSQCreate)
    OSQPend                                  0x080031b1   Thumb Code   560  os_q.o(i.OSQPend)
    OSQPost                                  0x080033f1   Thumb Code   176  os_q.o(i.OSQPost)
    OSSched                                  0x080034a9   Thumb Code   134  os_core.o(i.OSSched)
    OSSchedLock                              0x08003551   Thumb Code   112  os_core.o(i.OSSchedLock)
    OSSchedRoundRobinCfg                     0x080035cd   Thumb Code    96  os_core.o(i.OSSchedRoundRobinCfg)
    OSSchedUnlock                            0x08003639   Thumb Code   148  os_core.o(i.OSSchedUnlock)
    OSSemCreate                              0x080036d9   Thumb Code   210  os_sem.o(i.OSSemCreate)
    OSSemPend                                0x080037bd   Thumb Code   524  os_sem.o(i.OSSemPend)
    OSSemPost                                0x080039d9   Thumb Code   144  os_sem.o(i.OSSemPost)
    OSStart                                  0x08003a71   Thumb Code    78  os_core.o(i.OSStart)
    OSStatReset                              0x08003ad9   Thumb Code   316  os_stat.o(i.OSStatReset)
    OSStatTaskCPUUsageInit                   0x08003c41   Thumb Code   228  os_stat.o(i.OSStatTaskCPUUsageInit)
    OSStatTaskHook                           0x08003d41   Thumb Code    16  os_cpu_c.o(i.OSStatTaskHook)
    OSTaskCreate                             0x08003d55   Thumb Code   624  os_task.o(i.OSTaskCreate)
    OSTaskCreateHook                         0x08003fe9   Thumb Code    20  os_cpu_c.o(i.OSTaskCreateHook)
    OSTaskDel                                0x08004001   Thumb Code   490  os_task.o(i.OSTaskDel)
    OSTaskDelHook                            0x08004209   Thumb Code    20  os_cpu_c.o(i.OSTaskDelHook)
    OSTaskResume                             0x08004221   Thumb Code   124  os_task.o(i.OSTaskResume)
    OSTaskReturnHook                         0x080042a9   Thumb Code    20  os_cpu_c.o(i.OSTaskReturnHook)
    OSTaskSemPend                            0x080042c1   Thumb Code   578  os_task.o(i.OSTaskSemPend)
    OSTaskStkChk                             0x08004511   Thumb Code   220  os_task.o(i.OSTaskStkChk)
    OSTaskStkInit                            0x080045f5   Thumb Code   188  os_cpu_c.o(i.OSTaskStkInit)
    OSTaskSuspend                            0x080046b5   Thumb Code    78  os_task.o(i.OSTaskSuspend)
    OSTaskSwHook                             0x08004715   Thumb Code   146  os_cpu_c.o(i.OSTaskSwHook)
    OSTimeDly                                0x080047b9   Thumb Code   322  os_time.o(i.OSTimeDly)
    OSTimeDlyHMSM                            0x08004909   Thumb Code   538  os_time.o(i.OSTimeDlyHMSM)
    OSTimeGet                                0x08004b35   Thumb Code    54  os_time.o(i.OSTimeGet)
    OSTimeTick                               0x08004b71   Thumb Code    54  os_time.o(i.OSTimeTick)
    OSTimeTickHook                           0x08004bb5   Thumb Code    16  os_cpu_c.o(i.OSTimeTickHook)
    OS_CPU_SysTickHandler                    0x08004bc9   Thumb Code    60  os_cpu_c.o(i.OS_CPU_SysTickHandler)
    OS_CPU_SysTickInit                       0x08004c09   Thumb Code    46  os_cpu_c.o(i.OS_CPU_SysTickInit)
    OS_Dbg_Init                              0x08004c3d   Thumb Code   148  os_dbg.o(i.OS_Dbg_Init)
    OS_FlagInit                              0x08004de9   Thumb Code    14  os_flag.o(i.OS_FlagInit)
    OS_FlagPost                              0x08004e01   Thumb Code   626  os_flag.o(i.OS_FlagPost)
    OS_FlagTaskRdy                           0x0800507d   Thumb Code    86  os_flag.o(i.OS_FlagTaskRdy)
    OS_IdleTask                              0x080050d5   Thumb Code    68  os_core.o(i.OS_IdleTask)
    OS_IdleTaskInit                          0x08005121   Thumb Code    66  os_core.o(i.OS_IdleTaskInit)
    OS_IntQPost                              0x08005191   Thumb Code   224  os_int.o(i.OS_IntQPost)
    OS_IntQRePost                            0x08005295   Thumb Code   360  os_int.o(i.OS_IntQRePost)
    OS_IntQTask                              0x08005439   Thumb Code   182  os_int.o(i.OS_IntQTask)
    OS_IntQTaskInit                          0x08005501   Thumb Code   206  os_int.o(i.OS_IntQTaskInit)
    OS_MsgPoolInit                           0x08005629   Thumb Code   110  os_msg.o(i.OS_MsgPoolInit)
    OS_MsgQFreeAll                           0x080056a5   Thumb Code    62  os_msg.o(i.OS_MsgQFreeAll)
    OS_MsgQGet                               0x080056e9   Thumb Code    98  os_msg.o(i.OS_MsgQGet)
    OS_MsgQInit                              0x08005751   Thumb Code    14  os_msg.o(i.OS_MsgQInit)
    OS_MsgQPut                               0x08005761   Thumb Code   254  os_msg.o(i.OS_MsgQPut)
    OS_MutexClr                              0x08005865   Thumb Code    38  os_mutex.o(i.OS_MutexClr)
    OS_MutexDbgListAdd                       0x08005899   Thumb Code    38  os_mutex.o(i.OS_MutexDbgListAdd)
    OS_MutexDbgListRemove                    0x080058c9   Thumb Code    44  os_mutex.o(i.OS_MutexDbgListRemove)
    OS_MutexInit                             0x080058f9   Thumb Code    14  os_mutex.o(i.OS_MutexInit)
    OS_Pend                                  0x08005911   Thumb Code    98  os_core.o(i.OS_Pend)
    OS_PendDataInit                          0x08005979   Thumb Code    38  os_core.o(i.OS_PendDataInit)
    OS_PendDbgNameAdd                        0x080059a1   Thumb Code    66  os_core.o(i.OS_PendDbgNameAdd)
    OS_PendDbgNameRemove                     0x080059fd   Thumb Code    30  os_core.o(i.OS_PendDbgNameRemove)
    OS_PendListChangePrio                    0x08005a21   Thumb Code    70  os_core.o(i.OS_PendListChangePrio)
    OS_PendListInit                          0x08005a67   Thumb Code    10  os_core.o(i.OS_PendListInit)
    OS_PendListInsertPrio                    0x08005a71   Thumb Code   102  os_core.o(i.OS_PendListInsertPrio)
    OS_PendListRemove                        0x08005ad7   Thumb Code    48  os_core.o(i.OS_PendListRemove)
    OS_PendListRemove1                       0x08005b07   Thumb Code    66  os_core.o(i.OS_PendListRemove1)
    OS_PendObjDel                            0x08005b49   Thumb Code   162  os_core.o(i.OS_PendObjDel)
    OS_PendObjDel1                           0x08005beb   Thumb Code    36  os_core.o(i.OS_PendObjDel1)
    OS_Post                                  0x08005c0f   Thumb Code   192  os_core.o(i.OS_Post)
    OS_Post1                                 0x08005ccf   Thumb Code    42  os_core.o(i.OS_Post1)
    OS_PrioGetHighest                        0x08005cf9   Thumb Code    36  os_prio.o(i.OS_PrioGetHighest)
    OS_PrioInit                              0x08005d21   Thumb Code    20  os_prio.o(i.OS_PrioInit)
    OS_PrioInsert                            0x08005d39   Thumb Code    32  os_prio.o(i.OS_PrioInsert)
    OS_PrioRemove                            0x08005d5d   Thumb Code    32  os_prio.o(i.OS_PrioRemove)
    OS_QDbgListAdd                           0x08005d81   Thumb Code    38  os_q.o(i.OS_QDbgListAdd)
    OS_QInit                                 0x08005db1   Thumb Code    14  os_q.o(i.OS_QInit)
    OS_QPost                                 0x08005dc9   Thumb Code   382  os_q.o(i.OS_QPost)
    OS_RdyListInit                           0x08005f51   Thumb Code    32  os_core.o(i.OS_RdyListInit)
    OS_RdyListInsert                         0x08005f75   Thumb Code    40  os_core.o(i.OS_RdyListInsert)
    OS_RdyListInsertHead                     0x08005fa1   Thumb Code    58  os_core.o(i.OS_RdyListInsertHead)
    OS_RdyListInsertTail                     0x08005fe1   Thumb Code    56  os_core.o(i.OS_RdyListInsertTail)
    OS_RdyListMoveHeadToTail                 0x0800601d   Thumb Code    68  os_core.o(i.OS_RdyListMoveHeadToTail)
    OS_RdyListRemove                         0x08006061   Thumb Code    86  os_core.o(i.OS_RdyListRemove)
    OS_Sched0                                0x080060bd   Thumb Code    72  os_core.o(i.OS_Sched0)
    OS_SchedLockTimeMeasStart                0x08006119   Thumb Code    20  os_core.o(i.OS_SchedLockTimeMeasStart)
    OS_SchedLockTimeMeasStop                 0x08006135   Thumb Code    44  os_core.o(i.OS_SchedLockTimeMeasStop)
    OS_SchedRoundRobin                       0x08006171   Thumb Code   218  os_core.o(i.OS_SchedRoundRobin)
    OS_SemDbgListAdd                         0x0800625d   Thumb Code    38  os_sem.o(i.OS_SemDbgListAdd)
    OS_SemInit                               0x0800628d   Thumb Code    14  os_sem.o(i.OS_SemInit)
    OS_SemPost                               0x080062a5   Thumb Code   404  os_sem.o(i.OS_SemPost)
    OS_StatTask                              0x0800643d   Thumb Code   878  os_stat.o(i.OS_StatTask)
    OS_StatTaskInit                          0x080067f5   Thumb Code   136  os_stat.o(i.OS_StatTaskInit)
    OS_TaskBlock                             0x080068c1   Thumb Code    56  os_core.o(i.OS_TaskBlock)
    OS_TaskDbgListAdd                        0x080068f9   Thumb Code    42  os_task.o(i.OS_TaskDbgListAdd)
    OS_TaskDbgListRemove                     0x08006929   Thumb Code    64  os_task.o(i.OS_TaskDbgListRemove)
    OS_TaskInit                              0x0800696d   Thumb Code    18  os_task.o(i.OS_TaskInit)
    OS_TaskInitTCB                           0x0800698d   Thumb Code   194  os_task.o(i.OS_TaskInitTCB)
    OS_TaskQPost                             0x08006a5d   Thumb Code   606  os_task.o(i.OS_TaskQPost)
    OS_TaskRdy                               0x08006cc9   Thumb Code    28  os_core.o(i.OS_TaskRdy)
    OS_TaskResume                            0x08006ce5   Thumb Code   374  os_task.o(i.OS_TaskResume)
    OS_TaskReturn                            0x08006e61   Thumb Code    20  os_task.o(i.OS_TaskReturn)
    OS_TaskSemPost                           0x08006e79   Thumb Code  1438  os_task.o(i.OS_TaskSemPost)
    OS_TaskSuspend                           0x08007421   Thumb Code   392  os_task.o(i.OS_TaskSuspend)
    OS_TickListInit                          0x080075b1   Thumb Code    32  os_tick.o(i.OS_TickListInit)
    OS_TickListInsert                        0x080075d9   Thumb Code   430  os_tick.o(i.OS_TickListInsert)
    OS_TickListRemove                        0x08007795   Thumb Code    56  os_tick.o(i.OS_TickListRemove)
    OS_TickListResetPeak                     0x080077cd   Thumb Code    28  os_tick.o(i.OS_TickListResetPeak)
    OS_TickListUpdate                        0x080077f1   Thumb Code   520  os_tick.o(i.OS_TickListUpdate)
    OS_TickTask                              0x08007a11   Thumb Code    38  os_tick.o(i.OS_TickTask)
    OS_TickTaskInit                          0x08007a3d   Thumb Code   128  os_tick.o(i.OS_TickTaskInit)
    OS_TmrInit                               0x08007af5   Thumb Code   206  os_tmr.o(i.OS_TmrInit)
    OS_TmrLink                               0x08007c1d   Thumb Code   196  os_tmr.o(i.OS_TmrLink)
    OS_TmrResetPeak                          0x08007ced   Thumb Code    28  os_tmr.o(i.OS_TmrResetPeak)
    OS_TmrTask                               0x08007d11   Thumb Code   176  os_tmr.o(i.OS_TmrTask)
    OS_TmrUnlink                             0x08007dd1   Thumb Code    72  os_tmr.o(i.OS_TmrUnlink)
    Proto_BuildCompleteCmd                   0x08007e21   Thumb Code   102  protocol.o(i.Proto_BuildCompleteCmd)
    Proto_BuildDataCmd                       0x08007e87   Thumb Code   212  protocol.o(i.Proto_BuildDataCmd)
    Proto_BuildFrame                         0x08007f5d   Thumb Code   218  protocol.o(i.Proto_BuildFrame)
    Proto_BuildStartCmd                      0x0800803d   Thumb Code   116  protocol.o(i.Proto_BuildStartCmd)
    Proto_BuildTerminateCmd                  0x080080b1   Thumb Code    72  protocol.o(i.Proto_BuildTerminateCmd)
    Proto_BuildUpdateCmd                     0x080080f9   Thumb Code    32  protocol.o(i.Proto_BuildUpdateCmd)
    Proto_Checksum                           0x08008119   Thumb Code    32  protocol.o(i.Proto_Checksum)
    Proto_ParseFrame                         0x08008139   Thumb Code   220  protocol.o(i.Proto_ParseFrame)
    Proto_ParseReply                         0x08008215   Thumb Code   120  protocol.o(i.Proto_ParseReply)
    RCC_APB1PeriphClockCmd                   0x0800828d   Thumb Code    26  stm32f10x_rcc.o(i.RCC_APB1PeriphClockCmd)
    RCC_APB2PeriphClockCmd                   0x080082ad   Thumb Code    26  stm32f10x_rcc.o(i.RCC_APB2PeriphClockCmd)
    RCC_GetClocksFreq                        0x080082cd   Thumb Code   192  stm32f10x_rcc.o(i.RCC_GetClocksFreq)
    SD_FileClose                             0x080083a1   Thumb Code    22  sd_card.o(i.SD_FileClose)
    SD_FileGetSize                           0x080083c1   Thumb Code    16  sd_card.o(i.SD_FileGetSize)
    SD_FileOpen                              0x080083d9   Thumb Code    68  sd_card.o(i.SD_FileOpen)
    SD_FileRead                              0x08008431   Thumb Code    64  sd_card.o(i.SD_FileRead)
    SD_FileSeek                              0x08008479   Thumb Code    42  sd_card.o(i.SD_FileSeek)
    SD_Init                                  0x080084b1   Thumb Code    56  sd_card.o(i.SD_Init)
    SD_IsPresent                             0x080084f5   Thumb Code    26  sd_card.o(i.SD_IsPresent)
    SD_SPI_Init                              0x08008515   Thumb Code   318  bsp_spi_sd.o(i.SD_SPI_Init)
    SD_SPI_ReadBlock                         0x08008653   Thumb Code   158  bsp_spi_sd.o(i.SD_SPI_ReadBlock)
    SD_SPI_SetHighSpeed                      0x080086f1   Thumb Code    38  bsp_spi_sd.o(i.SD_SPI_SetHighSpeed)
    SPI_Cmd                                  0x08008755   Thumb Code    24  stm32f10x_spi.o(i.SPI_Cmd)
    SPI_I2S_GetFlagStatus                    0x0800876d   Thumb Code    18  stm32f10x_spi.o(i.SPI_I2S_GetFlagStatus)
    SPI_I2S_ReceiveData                      0x0800877f   Thumb Code     6  stm32f10x_spi.o(i.SPI_I2S_ReceiveData)
    SPI_I2S_SendData                         0x08008785   Thumb Code     4  stm32f10x_spi.o(i.SPI_I2S_SendData)
    SPI_Init                                 0x08008789   Thumb Code    60  stm32f10x_spi.o(i.SPI_Init)
    SVC_Handler                              0x080087c5   Thumb Code     2  stm32f10x_it.o(i.SVC_Handler)
    SoftReset                                0x080088b1   Thumb Code    34  bsp.o(i.SoftReset)
    SysState_GetDataSource                   0x080088dd   Thumb Code    36  sys_state.o(i.SysState_GetDataSource)
    SysState_GetFwType                       0x08008909   Thumb Code    36  sys_state.o(i.SysState_GetFwType)
    SysState_GetLEDBlinkPeriod               0x08008935   Thumb Code    48  sys_state.o(i.SysState_GetLEDBlinkPeriod)
    SysState_Init                            0x0800896d   Thumb Code    28  sys_state.o(i.SysState_Init)
    SysState_IsTransferLocked                0x080089a5   Thumb Code    36  sys_state.o(i.SysState_IsTransferLocked)
    SysState_SetDataSource                   0x080089d1   Thumb Code    36  sys_state.o(i.SysState_SetDataSource)
    SysState_SetFwType                       0x080089fd   Thumb Code    36  sys_state.o(i.SysState_SetFwType)
    SysState_SetTransferLock                 0x08008a29   Thumb Code    36  sys_state.o(i.SysState_SetTransferLock)
    SystemInit                               0x08008a55   Thumb Code    78  system_stm32f10x.o(i.SystemInit)
    USART1_IRQHandler                        0x08008ab5   Thumb Code    16  stm32f10x_it.o(i.USART1_IRQHandler)
    USART_Cmd                                0x08008ac5   Thumb Code    24  stm32f10x_usart.o(i.USART_Cmd)
    USART_GetFlagStatus                      0x08008add   Thumb Code    26  stm32f10x_usart.o(i.USART_GetFlagStatus)
    USART_GetITStatus                        0x08008af7   Thumb Code    84  stm32f10x_usart.o(i.USART_GetITStatus)
    USART_ITConfig                           0x08008b4b   Thumb Code    74  stm32f10x_usart.o(i.USART_ITConfig)
    USART_Init                               0x08008b95   Thumb Code   210  stm32f10x_usart.o(i.USART_Init)
    USART_ReceiveData                        0x08008c6d   Thumb Code    10  stm32f10x_usart.o(i.USART_ReceiveData)
    USART_SendData                           0x08008c77   Thumb Code     8  stm32f10x_usart.o(i.USART_SendData)
    UsageFault_Handler                       0x08008c7f   Thumb Code     4  stm32f10x_it.o(i.UsageFault_Handler)
    __0snprintf                              0x08008c85   Thumb Code    44  printfa.o(i.__0snprintf)
    __1snprintf                              0x08008c85   Thumb Code     0  printfa.o(i.__0snprintf)
    __2snprintf                              0x08008c85   Thumb Code     0  printfa.o(i.__0snprintf)
    __c89snprintf                            0x08008c85   Thumb Code     0  printfa.o(i.__0snprintf)
    snprintf                                 0x08008c85   Thumb Code     0  printfa.o(i.__0snprintf)
    __0vsnprintf                             0x08008cb5   Thumb Code    40  printfa.o(i.__0vsnprintf)
    __1vsnprintf                             0x08008cb5   Thumb Code     0  printfa.o(i.__0vsnprintf)
    __2vsnprintf                             0x08008cb5   Thumb Code     0  printfa.o(i.__0vsnprintf)
    __c89vsnprintf                           0x08008cb5   Thumb Code     0  printfa.o(i.__0vsnprintf)
    vsnprintf                                0x08008cb5   Thumb Code     0  printfa.o(i.__0vsnprintf)
    __scatterload_copy                       0x08008ce1   Thumb Code    14  handlers.o(i.__scatterload_copy)
    __scatterload_null                       0x08008cef   Thumb Code     2  handlers.o(i.__scatterload_null)
    __scatterload_zeroinit                   0x08008cf1   Thumb Code    14  handlers.o(i.__scatterload_zeroinit)
    disk_initialize                          0x0800999d   Thumb Code    52  diskio.o(i.disk_initialize)
    disk_read                                0x080099d5   Thumb Code    74  diskio.o(i.disk_read)
    disk_status                              0x08009a25   Thumb Code    14  diskio.o(i.disk_status)
    f_close                                  0x08009a39   Thumb Code    32  ff.o(i.f_close)
    f_lseek                                  0x08009a59   Thumb Code   318  ff.o(i.f_lseek)
    f_mount                                  0x08009b99   Thumb Code   122  ff.o(i.f_mount)
    f_open                                   0x08009c19   Thumb Code   138  ff.o(i.f_open)
    f_read                                   0x08009ca3   Thumb Code   418  ff.o(i.f_read)
    ff_mutex_create                          0x08009e45   Thumb Code    92  ff_ucos3.o(i.ff_mutex_create)
    ff_mutex_delete                          0x08009ebd   Thumb Code    54  ff_ucos3.o(i.ff_mutex_delete)
    ff_mutex_give                            0x08009efd   Thumb Code    48  ff_ucos3.o(i.ff_mutex_give)
    ff_mutex_take                            0x08009f35   Thumb Code    68  ff_ucos3.o(i.ff_mutex_take)
    main                                     0x0800a22d   Thumb Code    66  app.o(i.main)
    crc32_table_flash                        0x0800a548   Data        1024  crc32.o(.constdata)
    OSCfg_IdleTaskStkBasePtr                 0x0800a948   Data           4  os_cfg_app.o(.constdata)
    OSCfg_IdleTaskStkLimit                   0x0800a94c   Data           4  os_cfg_app.o(.constdata)
    OSCfg_IdleTaskStkSize                    0x0800a950   Data           4  os_cfg_app.o(.constdata)
    OSCfg_IdleTaskStkSizeRAM                 0x0800a954   Data           4  os_cfg_app.o(.constdata)
    OSCfg_IntQBasePtr                        0x0800a958   Data           4  os_cfg_app.o(.constdata)
    OSCfg_IntQSize                           0x0800a95c   Data           2  os_cfg_app.o(.constdata)
    OSCfg_IntQSizeRAM                        0x0800a960   Data           4  os_cfg_app.o(.constdata)
    OSCfg_IntQTaskStkBasePtr                 0x0800a964   Data           4  os_cfg_app.o(.constdata)
    OSCfg_IntQTaskStkLimit                   0x0800a968   Data           4  os_cfg_app.o(.constdata)
    OSCfg_IntQTaskStkSize                    0x0800a96c   Data           4  os_cfg_app.o(.constdata)
    OSCfg_IntQTaskStkSizeRAM                 0x0800a970   Data           4  os_cfg_app.o(.constdata)
    OSCfg_ISRStkBasePtr                      0x0800a974   Data           4  os_cfg_app.o(.constdata)
    OSCfg_ISRStkSize                         0x0800a978   Data           4  os_cfg_app.o(.constdata)
    OSCfg_ISRStkSizeRAM                      0x0800a97c   Data           4  os_cfg_app.o(.constdata)
    OSCfg_MsgPoolSize                        0x0800a980   Data           2  os_cfg_app.o(.constdata)
    OSCfg_MsgPoolSizeRAM                     0x0800a984   Data           4  os_cfg_app.o(.constdata)
    OSCfg_MsgPoolBasePtr                     0x0800a988   Data           4  os_cfg_app.o(.constdata)
    OSCfg_StatTaskPrio                       0x0800a98c   Data           1  os_cfg_app.o(.constdata)
    OSCfg_StatTaskRate_Hz                    0x0800a990   Data           4  os_cfg_app.o(.constdata)
    OSCfg_StatTaskStkBasePtr                 0x0800a994   Data           4  os_cfg_app.o(.constdata)
    OSCfg_StatTaskStkLimit                   0x0800a998   Data           4  os_cfg_app.o(.constdata)
    OSCfg_StatTaskStkSize                    0x0800a99c   Data           4  os_cfg_app.o(.constdata)
    OSCfg_StatTaskStkSizeRAM                 0x0800a9a0   Data           4  os_cfg_app.o(.constdata)
    OSCfg_StkSizeMin                         0x0800a9a4   Data           4  os_cfg_app.o(.constdata)
    OSCfg_TickRate_Hz                        0x0800a9a8   Data           4  os_cfg_app.o(.constdata)
    OSCfg_TickTaskPrio                       0x0800a9ac   Data           1  os_cfg_app.o(.constdata)
    OSCfg_TickTaskStkBasePtr                 0x0800a9b0   Data           4  os_cfg_app.o(.constdata)
    OSCfg_TickTaskStkLimit                   0x0800a9b4   Data           4  os_cfg_app.o(.constdata)
    OSCfg_TickTaskStkSize                    0x0800a9b8   Data           4  os_cfg_app.o(.constdata)
    OSCfg_TickTaskStkSizeRAM                 0x0800a9bc   Data           4  os_cfg_app.o(.constdata)
    OSCfg_TickWheelSize                      0x0800a9c0   Data           2  os_cfg_app.o(.constdata)
    OSCfg_TickWheelSizeRAM                   0x0800a9c4   Data           4  os_cfg_app.o(.constdata)
    OSCfg_TmrTaskPrio                        0x0800a9c8   Data           1  os_cfg_app.o(.constdata)
    OSCfg_TmrTaskRate_Hz                     0x0800a9cc   Data           4  os_cfg_app.o(.constdata)
    OSCfg_TmrTaskStkBasePtr                  0x0800a9d0   Data           4  os_cfg_app.o(.constdata)
    OSCfg_TmrTaskStkLimit                    0x0800a9d4   Data           4  os_cfg_app.o(.constdata)
    OSCfg_TmrTaskStkSize                     0x0800a9d8   Data           4  os_cfg_app.o(.constdata)
    OSCfg_TmrTaskStkSizeRAM                  0x0800a9dc   Data           4  os_cfg_app.o(.constdata)
    OSCfg_TmrWheelSize                       0x0800a9e0   Data           2  os_cfg_app.o(.constdata)
    OSCfg_TmrWheelSizeRAM                    0x0800a9e4   Data           4  os_cfg_app.o(.constdata)
    OSCfg_DataSizeRAM                        0x0800a9e8   Data           4  os_cfg_app.o(.constdata)
    OSDbg_DbgEn                              0x0800a9ec   Data           1  os_dbg.o(.constdata)
    OSDbg_ArgChkEn                           0x0800a9ed   Data           1  os_dbg.o(.constdata)
    OSDbg_AppHooksEn                         0x0800a9ee   Data           1  os_dbg.o(.constdata)
    OSDbg_EndiannessTest                     0x0800a9f0   Data           4  os_dbg.o(.constdata)
    OSDbg_CalledFromISRChkEn                 0x0800a9f4   Data           1  os_dbg.o(.constdata)
    OSDbg_FlagEn                             0x0800a9f5   Data           1  os_dbg.o(.constdata)
    OSDbg_FlagGrp                            0x0800a9f8   Data          40  os_dbg.o(.constdata)
    OSDbg_FlagDelEn                          0x0800aa20   Data           1  os_dbg.o(.constdata)
    OSDbg_FlagModeClrEn                      0x0800aa21   Data           1  os_dbg.o(.constdata)
    OSDbg_FlagPendAbortEn                    0x0800aa22   Data           1  os_dbg.o(.constdata)
    OSDbg_FlagGrpSize                        0x0800aa24   Data           2  os_dbg.o(.constdata)
    OSDbg_FlagWidth                          0x0800aa26   Data           2  os_dbg.o(.constdata)
    OSDbg_IntQ                               0x0800aa28   Data           2  os_dbg.o(.constdata)
    OSDbg_ISRPostDeferredEn                  0x0800aa2a   Data           1  os_dbg.o(.constdata)
    OSDbg_Mem                                0x0800aa2c   Data          32  os_dbg.o(.constdata)
    OSDbg_MemEn                              0x0800aa4c   Data           1  os_dbg.o(.constdata)
    OSDbg_MemSize                            0x0800aa4e   Data           2  os_dbg.o(.constdata)
    OSDbg_MsgEn                              0x0800aa50   Data           1  os_dbg.o(.constdata)
    OSDbg_MsgSize                            0x0800aa52   Data           2  os_dbg.o(.constdata)
    OSDbg_MsgPoolSize                        0x0800aa54   Data           2  os_dbg.o(.constdata)
    OSDbg_MsgQSize                           0x0800aa56   Data           2  os_dbg.o(.constdata)
    OSDbg_Mutex                              0x0800aa58   Data          44  os_dbg.o(.constdata)
    OSDbg_MutexEn                            0x0800aa84   Data           1  os_dbg.o(.constdata)
    OSDbg_MutexDelEn                         0x0800aa85   Data           1  os_dbg.o(.constdata)
    OSDbg_MutexPendAbortEn                   0x0800aa86   Data           1  os_dbg.o(.constdata)
    OSDbg_MutexSize                          0x0800aa88   Data           2  os_dbg.o(.constdata)
    OSDbg_ObjTypeChkEn                       0x0800aa8a   Data           1  os_dbg.o(.constdata)
    OSDbg_PendMultiEn                        0x0800aa8b   Data           1  os_dbg.o(.constdata)
    OSDbg_PendDataSize                       0x0800aa8c   Data           2  os_dbg.o(.constdata)
    OSDbg_PendListSize                       0x0800aa8e   Data           2  os_dbg.o(.constdata)
    OSDbg_PendObjSize                        0x0800aa90   Data           2  os_dbg.o(.constdata)
    OSDbg_PrioMax                            0x0800aa92   Data           2  os_dbg.o(.constdata)
    OSDbg_PrioTblSize                        0x0800aa94   Data           2  os_dbg.o(.constdata)
    OSDbg_PtrSize                            0x0800aa96   Data           2  os_dbg.o(.constdata)
    OSDbg_Q                                  0x0800aa98   Data          48  os_dbg.o(.constdata)
    OSDbg_QEn                                0x0800aac8   Data           1  os_dbg.o(.constdata)
    OSDbg_QDelEn                             0x0800aac9   Data           1  os_dbg.o(.constdata)
    OSDbg_QFlushEn                           0x0800aaca   Data           1  os_dbg.o(.constdata)
    OSDbg_QPendAbortEn                       0x0800aacb   Data           1  os_dbg.o(.constdata)
    OSDbg_QSize                              0x0800aacc   Data           2  os_dbg.o(.constdata)
    OSDbg_SchedRoundRobinEn                  0x0800aace   Data           1  os_dbg.o(.constdata)
    OSDbg_Sem                                0x0800aad0   Data          40  os_dbg.o(.constdata)
    OSDbg_SemEn                              0x0800aaf8   Data           1  os_dbg.o(.constdata)
    OSDbg_SemDelEn                           0x0800aaf9   Data           1  os_dbg.o(.constdata)
    OSDbg_SemPendAbortEn                     0x0800aafa   Data           1  os_dbg.o(.constdata)
    OSDbg_SemSetEn                           0x0800aafb   Data           1  os_dbg.o(.constdata)
    OSDbg_SemSize                            0x0800aafc   Data           2  os_dbg.o(.constdata)
    OSDbg_RdyList                            0x0800aafe   Data           2  os_dbg.o(.constdata)
    OSDbg_RdyListSize                        0x0800ab00   Data           4  os_dbg.o(.constdata)
    OSDbg_StkWidth                           0x0800ab04   Data           1  os_dbg.o(.constdata)
    OSDbg_StatTaskEn                         0x0800ab05   Data           1  os_dbg.o(.constdata)
    OSDbg_StatTaskStkChkEn                   0x0800ab06   Data           1  os_dbg.o(.constdata)
    OSDbg_TaskChangePrioEn                   0x0800ab07   Data           1  os_dbg.o(.constdata)
    OSDbg_TaskDelEn                          0x0800ab08   Data           1  os_dbg.o(.constdata)
    OSDbg_TaskQEn                            0x0800ab09   Data           1  os_dbg.o(.constdata)
    OSDbg_TaskQPendAbortEn                   0x0800ab0a   Data           1  os_dbg.o(.constdata)
    OSDbg_TaskProfileEn                      0x0800ab0b   Data           1  os_dbg.o(.constdata)
    OSDbg_TaskRegTblSize                     0x0800ab0c   Data           2  os_dbg.o(.constdata)
    OSDbg_TaskSemPendAbortEn                 0x0800ab0e   Data           1  os_dbg.o(.constdata)
    OSDbg_TaskSuspendEn                      0x0800ab0f   Data           1  os_dbg.o(.constdata)
    OSDbg_TCBSize                            0x0800ab10   Data           2  os_dbg.o(.constdata)
    OSDbg_TickSpokeSize                      0x0800ab12   Data           2  os_dbg.o(.constdata)
    OSDbg_TimeDlyHMSMEn                      0x0800ab14   Data           1  os_dbg.o(.constdata)
    OSDbg_TimeDlyResumeEn                    0x0800ab15   Data           1  os_dbg.o(.constdata)
    OSDbg_TLS_TblSize                        0x0800ab16   Data           2  os_dbg.o(.constdata)
    OSDbg_Tmr                                0x0800ab18   Data          52  os_dbg.o(.constdata)
    OSDbg_TmrEn                              0x0800ab4c   Data           1  os_dbg.o(.constdata)
    OSDbg_TmrDelEn                           0x0800ab4d   Data           1  os_dbg.o(.constdata)
    OSDbg_TmrSize                            0x0800ab4e   Data           2  os_dbg.o(.constdata)
    OSDbg_TmrSpokeSize                       0x0800ab50   Data           2  os_dbg.o(.constdata)
    OSDbg_VersionNbr                         0x0800ab52   Data           2  os_dbg.o(.constdata)
    OSDbg_DataSize                           0x0800ab54   Data           4  os_dbg.o(.constdata)
    Region$$Table$$Base                      0x0800ac24   Number         0  anon$$obj.o(Region$$Table)
    Region$$Table$$Limit                     0x0800ac44   Number         0  anon$$obj.o(Region$$Table)
    g_crc_state                              0x2000001c   Data           4  crc32.o(.data)
    CPU_TS_TmrFreq_Hz                        0x20000028   Data           4  cpu_core.o(.data)
    CPU_IntDisMeasCtr                        0x2000002c   Data           2  cpu_core.o(.data)
    CPU_IntDisNestCtr                        0x2000002e   Data           2  cpu_core.o(.data)
    CPU_IntDisMeasStart_cnts                 0x20000030   Data           4  cpu_core.o(.data)
    CPU_IntDisMeasStop_cnts                  0x20000034   Data           4  cpu_core.o(.data)
    CPU_IntDisMeasOvrhd_cnts                 0x20000038   Data           4  cpu_core.o(.data)
    CPU_IntDisMeasMaxCur_cnts                0x2000003c   Data           4  cpu_core.o(.data)
    CPU_IntDisMeasMax_cnts                   0x20000040   Data           4  cpu_core.o(.data)
    Mem_PoolTbl                              0x20000044   Data           4  lib_mem.o(.data)
    OSPrioTbl                                0x20000048   Data           4  os_prio.o(.data)
    OS_AppTaskCreateHookPtr                  0x2000004c   Data           4  os_var.o(.data)
    OS_AppTaskDelHookPtr                     0x20000050   Data           4  os_var.o(.data)
    OS_AppTaskReturnHookPtr                  0x20000054   Data           4  os_var.o(.data)
    OS_AppIdleTaskHookPtr                    0x20000058   Data           4  os_var.o(.data)
    OS_AppStatTaskHookPtr                    0x2000005c   Data           4  os_var.o(.data)
    OS_AppTaskSwHookPtr                      0x20000060   Data           4  os_var.o(.data)
    OS_AppTimeTickHookPtr                    0x20000064   Data           4  os_var.o(.data)
    OSIdleTaskCtr                            0x20000068   Data           4  os_var.o(.data)
    OSIntNestingCtr                          0x2000006c   Data           1  os_var.o(.data)
    OSIntDisTimeMax                          0x20000070   Data           4  os_var.o(.data)
    OSRunning                                0x20000074   Data           1  os_var.o(.data)
    OSIntQInPtr                              0x20000078   Data           4  os_var.o(.data)
    OSIntQOutPtr                             0x2000007c   Data           4  os_var.o(.data)
    OSIntQNbrEntries                         0x20000080   Data           2  os_var.o(.data)
    OSIntQNbrEntriesMax                      0x20000082   Data           2  os_var.o(.data)
    OSIntQOvfCtr                             0x20000084   Data           2  os_var.o(.data)
    OSIntQTaskTimeMax                        0x20000088   Data           4  os_var.o(.data)
    OSFlagDbgListPtr                         0x2000008c   Data           4  os_var.o(.data)
    OSFlagQty                                0x20000090   Data           2  os_var.o(.data)
    OSMutexDbgListPtr                        0x20000094   Data           4  os_var.o(.data)
    OSMutexQty                               0x20000098   Data           2  os_var.o(.data)
    OSPrioCur                                0x2000009a   Data           1  os_var.o(.data)
    OSPrioHighRdy                            0x2000009b   Data           1  os_var.o(.data)
    OSPrioSaved                              0x2000009c   Data           1  os_var.o(.data)
    OSQDbgListPtr                            0x200000a0   Data           4  os_var.o(.data)
    OSQQty                                   0x200000a4   Data           2  os_var.o(.data)
    OSSchedLockTimeBegin                     0x200000a8   Data           4  os_var.o(.data)
    OSSchedLockTimeMax                       0x200000ac   Data           4  os_var.o(.data)
    OSSchedLockTimeMaxCur                    0x200000b0   Data           4  os_var.o(.data)
    OSSchedLockNestingCtr                    0x200000b4   Data           1  os_var.o(.data)
    OSSchedRoundRobinDfltTimeQuanta          0x200000b8   Data           4  os_var.o(.data)
    OSSchedRoundRobinEn                      0x200000bc   Data           1  os_var.o(.data)
    OSSemDbgListPtr                          0x200000c0   Data           4  os_var.o(.data)
    OSSemQty                                 0x200000c4   Data           2  os_var.o(.data)
    OSStatResetFlag                          0x200000c6   Data           1  os_var.o(.data)
    OSStatTaskCPUUsage                       0x200000c8   Data           2  os_var.o(.data)
    OSStatTaskCPUUsageMax                    0x200000ca   Data           2  os_var.o(.data)
    OSStatTaskCtr                            0x200000cc   Data           4  os_var.o(.data)
    OSStatTaskCtrMax                         0x200000d0   Data           4  os_var.o(.data)
    OSStatTaskCtrRun                         0x200000d4   Data           4  os_var.o(.data)
    OSStatTaskRdy                            0x200000d8   Data           1  os_var.o(.data)
    OSStatTaskTimeMax                        0x200000dc   Data           4  os_var.o(.data)
    OSTaskCtxSwCtr                           0x200000e0   Data           4  os_var.o(.data)
    OSTaskDbgListPtr                         0x200000e4   Data           4  os_var.o(.data)
    OSTaskQty                                0x200000e8   Data           2  os_var.o(.data)
    OSTaskRegNextAvailID                     0x200000ea   Data           1  os_var.o(.data)
    OSTickCtr                                0x200000ec   Data           4  os_var.o(.data)
    OSTickTaskTimeMax                        0x200000f0   Data           4  os_var.o(.data)
    OSTmrDbgListPtr                          0x200000f4   Data           4  os_var.o(.data)
    OSTmrQty                                 0x200000f8   Data           2  os_var.o(.data)
    OSTmrTaskTimeMax                         0x200000fc   Data           4  os_var.o(.data)
    OSTmrTickCtr                             0x20000100   Data           4  os_var.o(.data)
    OSTmrUpdateCnt                           0x20000104   Data           4  os_var.o(.data)
    OSTmrUpdateCtr                           0x20000108   Data           4  os_var.o(.data)
    OSTCBCurPtr                              0x2000010c   Data           4  os_var.o(.data)
    OSTCBHighRdyPtr                          0x20000110   Data           4  os_var.o(.data)
    OS_CPU_ExceptStkBase                     0x20000114   Data           4  os_cpu_c.o(.data)
    AppTaskStartTCB                          0x20000140   Data         200  app.o(.bss)
    AppTaskKeyTCB                            0x20000208   Data         200  app.o(.bss)
    AppTaskLedWdgTCB                         0x200002d0   Data         200  app.o(.bss)
    AppTaskDownloadTCB                       0x20000398   Data         200  app.o(.bss)
    g_usart1_rx_sem                          0x20002514   Data          40  bsp_usart.o(.bss)
    CPU_Name                                 0x2000273c   Data          16  cpu_core.o(.bss)
    Mem_PoolHeap                             0x2000274c   Data          72  lib_mem.o(.bss)
    Mem_Heap                                 0x20002794   Data        4096  lib_mem.o(.bss)
    OSCfg_IdleTaskStk                        0x20003794   Data         512  os_cfg_app.o(.bss)
    OSCfg_IntQ                               0x20003994   Data        1024  os_cfg_app.o(.bss)
    OSCfg_IntQTaskStk                        0x20003d94   Data        2048  os_cfg_app.o(.bss)
    OSCfg_ISRStk                             0x20004594   Data        1024  os_cfg_app.o(.bss)
    OSCfg_MsgPool                            0x20004994   Data        1600  os_cfg_app.o(.bss)
    OSCfg_StatTaskStk                        0x20004fd4   Data         512  os_cfg_app.o(.bss)
    OSCfg_TickTaskStk                        0x200051d4   Data         512  os_cfg_app.o(.bss)
    OSCfg_TickWheel                          0x200053d4   Data          88  os_cfg_app.o(.bss)
    OSCfg_TmrTaskStk                         0x2000542c   Data        1024  os_cfg_app.o(.bss)
    OSCfg_TmrWheel                           0x2000582c   Data          88  os_cfg_app.o(.bss)
    OSIdleTaskTCB                            0x20005884   Data         200  os_var.o(.bss)
    OSIntQTaskTCB                            0x2000594c   Data         200  os_var.o(.bss)
    OSMsgPool                                0x20005a14   Data          12  os_var.o(.bss)
    OSRdyList                                0x20005a20   Data         384  os_var.o(.bss)
    OSStatTaskTCB                            0x20005ba0   Data         200  os_var.o(.bss)
    OSTickTaskTCB                            0x20005c68   Data         200  os_var.o(.bss)
    OSTmrTaskTCB                             0x20005d30   Data         200  os_var.o(.bss)
    g_key_event_q                            0x20006164   Data          48  task_key.o(.bss)
    __initial_sp                             0x200065f0   Data           0  startup_stm32f10x_hd.o(STACK)



==============================================================================

Memory Map of the image

  Image Entry point : 0x08000131

  Load Region LR_VECTOR (Base: 0x08000000, Size: 0x0000ad80, Max: 0x00020000, ABSOLUTE, COMPRESSED[0x0000ac60])

    Execution Region ER_VECTOR (Exec base: 0x08000000, Load base: 0x08000000, Size: 0x0000ac44, Max: 0x00020000, ABSOLUTE)

    Exec Addr    Load Addr    Size         Type   Attr      Idx    E Section Name        Object

    0x08000000   0x08000000   0x00000130   Data   RO            3    RESET               startup_stm32f10x_hd.o
    0x08000130   0x08000130   0x00000000   Code   RO         6558  * .ARM.Collect$$$$00000000  mc_w.l(entry.o)
    0x08000130   0x08000130   0x00000004   Code   RO         6876    .ARM.Collect$$$$00000001  mc_w.l(entry2.o)
    0x08000134   0x08000134   0x00000004   Code   RO         6879    .ARM.Collect$$$$00000004  mc_w.l(entry5.o)
    0x08000138   0x08000138   0x00000000   Code   RO         6881    .ARM.Collect$$$$00000008  mc_w.l(entry7b.o)
    0x08000138   0x08000138   0x00000000   Code   RO         6883    .ARM.Collect$$$$0000000A  mc_w.l(entry8b.o)
    0x08000138   0x08000138   0x00000008   Code   RO         6884    .ARM.Collect$$$$0000000B  mc_w.l(entry9a.o)
    0x08000140   0x08000140   0x00000000   Code   RO         6886    .ARM.Collect$$$$0000000D  mc_w.l(entry10a.o)
    0x08000140   0x08000140   0x00000000   Code   RO         6888    .ARM.Collect$$$$0000000F  mc_w.l(entry11a.o)
    0x08000140   0x08000140   0x00000004   Code   RO         6877    .ARM.Collect$$$$00002712  mc_w.l(entry2.o)
    0x08000144   0x08000144   0x00000024   Code   RO            4    .text               startup_stm32f10x_hd.o
    0x08000168   0x08000168   0x00000034   Code   RO         4162    .text               cpu_a.o
    0x0800019c   0x0800019c   0x00000024   Code   RO         6561    .text               mc_w.l(memcpya.o)
    0x080001c0   0x080001c0   0x00000024   Code   RO         6565    .text               mc_w.l(memseta.o)
    0x080001e4   0x080001e4   0x00000014   Code   RO         6567    .text               mc_w.l(strchr.o)
    0x080001f8   0x080001f8   0x0000001a   Code   RO         6571    .text               mc_w.l(memcmp.o)
    0x08000212   0x08000212   0x000000e4   Code   RO         6866    .text               mf_w.l(dmul.o)
    0x080002f6   0x080002f6   0x000000de   Code   RO         6868    .text               mf_w.l(ddiv.o)
    0x080003d4   0x080003d4   0x0000001a   Code   RO         6870    .text               mf_w.l(dfltui.o)
    0x080003ee   0x080003ee   0x00000026   Code   RO         6872    .text               mf_w.l(f2d.o)
    0x08000414   0x08000414   0x00000038   Code   RO         6874    .text               mf_w.l(d2f.o)
    0x0800044c   0x0800044c   0x0000002c   Code   RO         6893    .text               mc_w.l(uidiv.o)
    0x08000478   0x08000478   0x00000062   Code   RO         6895    .text               mc_w.l(uldiv.o)
    0x080004da   0x080004da   0x00000000   Code   RO         6899    .text               mc_w.l(iusefp.o)
    0x080004da   0x080004da   0x0000006e   Code   RO         6900    .text               mf_w.l(fepilogue.o)
    0x08000548   0x08000548   0x000000ba   Code   RO         6902    .text               mf_w.l(depilogue.o)
    0x08000602   0x08000602   0x0000014e   Code   RO         6904    .text               mf_w.l(dadd.o)
    0x08000750   0x08000750   0x00000030   Code   RO         6906    .text               mf_w.l(dfixul.o)
    0x08000780   0x08000780   0x00000030   Code   RO         6908    .text               mf_w.l(cdrcmple.o)
    0x080007b0   0x080007b0   0x00000024   Code   RO         6910    .text               mc_w.l(init.o)
    0x080007d4   0x080007d4   0x0000001e   Code   RO         6913    .text               mc_w.l(llshl.o)
    0x080007f2   0x080007f2   0x00000020   Code   RO         6915    .text               mc_w.l(llushr.o)
    0x08000812   0x08000812   0x00000024   Code   RO         6917    .text               mc_w.l(llsshr.o)
    0x08000836   0x08000836   0x00000056   Code   RO         6928    .text               mc_w.l(__dczerorl2.o)
    0x0800088c   0x0800088c   0x00000084   Code   RO         5728    CODE                os_cpu_a.o
    0x08000910   0x08000910   0x000001b0   Code   RO         3354    i.AppTaskStart      app.o
    0x08000ac0   0x08000ac0   0x00000a7c   Code   RO         5809    i.AppTask_Download  task_download.o
    0x0800153c   0x0800153c   0x00000050   Code   RO         5862    i.AppTask_Key       task_key.o
    0x0800158c   0x0800158c   0x000001ac   Code   RO         5842    i.AppTask_LED_WDG   task_led_wdg.o
    0x08001738   0x08001738   0x00000010   Code   RO         3809    i.BSP_Buzzer_Off    bsp_gpio.o
    0x08001748   0x08001748   0x00000010   Code   RO         3810    i.BSP_Buzzer_On     bsp_gpio.o
    0x08001758   0x08001758   0x00000020   Code   RO         3759    i.BSP_CPU_ClkFreq   bsp.o
    0x08001778   0x08001778   0x000000cc   Code   RO         3811    i.BSP_GPIO_Init     bsp_gpio.o
    0x08001844   0x08001844   0x00000008   Code   RO         3872    i.BSP_IWDG_Feed     bsp_iwdg.o
    0x0800184c   0x0800184c   0x00000010   Code   RO         3760    i.BSP_Init          bsp.o
    0x0800185c   0x0800185c   0x0000002c   Code   RO         3812    i.BSP_Key_Read      bsp_gpio.o
    0x08001888   0x08001888   0x00000010   Code   RO         3813    i.BSP_LED_Off       bsp_gpio.o
    0x08001898   0x08001898   0x00000010   Code   RO         3814    i.BSP_LED_On        bsp_gpio.o
    0x080018a8   0x080018a8   0x00000008   Code   RO         3815    i.BSP_LED_Toggle    bsp_gpio.o
    0x080018b0   0x080018b0   0x00000014   Code   RO         3816    i.BSP_SD_CS_High    bsp_gpio.o
    0x080018c4   0x080018c4   0x00000014   Code   RO         3817    i.BSP_SD_CS_Low     bsp_gpio.o
    0x080018d8   0x080018d8   0x00000090   Code   RO         3955    i.BSP_SPI2_Init     bsp_spi_sd.o
    0x08001968   0x08001968   0x00000008   Code   RO         3893    i.BSP_USART1_GetRecvBuf  bsp_usart.o
    0x08001970   0x08001970   0x0000000c   Code   RO         3894    i.BSP_USART1_GetRecvLen  bsp_usart.o
    0x0800197c   0x0800197c   0x00000074   Code   RO         3895    i.BSP_USART1_IRQHandler  bsp_usart.o
    0x080019f0   0x080019f0   0x00000020   Code   RO         3896    i.BSP_USART1_RecvStart  bsp_usart.o
    0x08001a10   0x08001a10   0x0000003c   Code   RO         3897    i.BSP_USART1_Send   bsp_usart.o
    0x08001a4c   0x08001a4c   0x0000005c   Code   RO         3898    i.BSP_USART2_Printf  bsp_usart.o
    0x08001aa8   0x08001aa8   0x00000130   Code   RO         3899    i.BSP_USART_Init    bsp_usart.o
    0x08001bd8   0x08001bd8   0x00000004   Code   RO         3225    i.BusFault_Handler  stm32f10x_it.o
    0x08001bdc   0x08001bdc   0x0000000c   Code   RO         5843    i.Buzzer_Request    task_led_wdg.o
    0x08001be8   0x08001be8   0x00000010   Code   RO         3998    i.CPU_Init          cpu_core.o
    0x08001bf8   0x08001bf8   0x00000084   Code   RO         3999    i.CPU_IntDisMeasInit  cpu_core.o
    0x08001c7c   0x08001c7c   0x0000001c   Code   RO         4000    i.CPU_IntDisMeasMaxCalc  cpu_core.o
    0x08001c98   0x08001c98   0x0000002c   Code   RO         4001    i.CPU_IntDisMeasMaxCurGet  cpu_core.o
    0x08001cc4   0x08001cc4   0x0000002c   Code   RO         4002    i.CPU_IntDisMeasMaxCurReset  cpu_core.o
    0x08001cf0   0x08001cf0   0x0000002c   Code   RO         4003    i.CPU_IntDisMeasMaxGet  cpu_core.o
    0x08001d1c   0x08001d1c   0x00000034   Code   RO         4004    i.CPU_IntDisMeasStart  cpu_core.o
    0x08001d50   0x08001d50   0x00000054   Code   RO         4005    i.CPU_IntDisMeasStop  cpu_core.o
    0x08001da4   0x08001da4   0x00000038   Code   RO         4006    i.CPU_NameClr       cpu_core.o
    0x08001ddc   0x08001ddc   0x00000008   Code   RO         4008    i.CPU_NameInit      cpu_core.o
    0x08001de4   0x08001de4   0x00000014   Code   RO         4012    i.CPU_TS_Init       cpu_core.o
    0x08001df8   0x08001df8   0x0000000c   Code   RO         4014    i.CPU_TS_TmrFreqSet  cpu_core.o
    0x08001e04   0x08001e04   0x00000034   Code   RO         3761    i.CPU_TS_TmrInit    bsp.o
    0x08001e38   0x08001e38   0x0000000c   Code   RO         3762    i.CPU_TS_TmrRd      bsp.o
    0x08001e44   0x08001e44   0x0000003a   Code   RO         3657    i.CRC32_Calc        crc32.o
    0x08001e7e   0x08001e7e   0x00000002   PAD
    0x08001e80   0x08001e80   0x0000000c   Code   RO         3658    i.CRC32_GetResult   crc32.o
    0x08001e8c   0x08001e8c   0x00000010   Code   RO         3659    i.CRC32_Reset       crc32.o
    0x08001e9c   0x08001e9c   0x00000034   Code   RO         3660    i.CRC32_Update      crc32.o
    0x08001ed0   0x08001ed0   0x00000020   Code   RO         5810    i.DL_CheckGlobalTimeout  task_download.o
    0x08001ef0   0x08001ef0   0x00000094   Code   RO         5811    i.DL_SendAndWait    task_download.o
    0x08001f84   0x08001f84   0x0000003c   Code   RO         5812    i.DL_SendTerminate  task_download.o
    0x08001fc0   0x08001fc0   0x00000002   Code   RO         3226    i.DebugMon_Handler  stm32f10x_it.o
    0x08001fc2   0x08001fc2   0x00000116   Code   RO         1388    i.GPIO_Init         stm32f10x_gpio.o
    0x080020d8   0x080020d8   0x00000090   Code   RO         1390    i.GPIO_PinRemapConfig  stm32f10x_gpio.o
    0x08002168   0x08002168   0x00000012   Code   RO         1392    i.GPIO_ReadInputDataBit  stm32f10x_gpio.o
    0x0800217a   0x0800217a   0x00000004   Code   RO         1395    i.GPIO_ResetBits    stm32f10x_gpio.o
    0x0800217e   0x0800217e   0x00000004   Code   RO         1396    i.GPIO_SetBits      stm32f10x_gpio.o
    0x08002182   0x08002182   0x00000004   Code   RO         3227    i.HardFault_Handler  stm32f10x_it.o
    0x08002186   0x08002186   0x00000002   PAD
    0x08002188   0x08002188   0x00000010   Code   RO         1708    i.IWDG_ReloadCounter  stm32f10x_iwdg.o
    0x08002198   0x08002198   0x000000b8   Code   RO         5863    i.Key_Scan          task_key.o
    0x08002250   0x08002250   0x00000004   Code   RO         3228    i.MemManage_Handler  stm32f10x_it.o
    0x08002254   0x08002254   0x00000012   Code   RO         4354    i.Mem_Clr           lib_mem.o
    0x08002266   0x08002266   0x00000002   PAD
    0x08002268   0x08002268   0x00000048   Code   RO         4358    i.Mem_Init          lib_mem.o
    0x080022b0   0x080022b0   0x00000062   Code   RO         4371    i.Mem_Set           lib_mem.o
    0x08002312   0x08002312   0x00000002   Code   RO         3229    i.NMI_Handler       stm32f10x_it.o
    0x08002314   0x08002314   0x00000070   Code   RO          137    i.NVIC_Init         misc.o
    0x08002384   0x08002384   0x00000002   Code   RO         4628    i.OSCfg_Init        os_cfg_app.o
    0x08002386   0x08002386   0x00000002   PAD
    0x08002388   0x08002388   0x00000014   Code   RO         5731    i.OSIdleTaskHook    os_cpu_c.o
    0x0800239c   0x0800239c   0x00000180   Code   RO         4648    i.OSInit            os_core.o
    0x0800251c   0x0800251c   0x00000038   Code   RO         5732    i.OSInitHook        os_cpu_c.o
    0x08002554   0x08002554   0x0000002c   Code   RO         4649    i.OSIntEnter        os_core.o
    0x08002580   0x08002580   0x000000e4   Code   RO         4650    i.OSIntExit         os_core.o
    0x08002664   0x08002664   0x000000e8   Code   RO         5065    i.OSMutexCreate     os_mutex.o
    0x0800274c   0x0800274c   0x000003ac   Code   RO         5066    i.OSMutexDel        os_mutex.o
    0x08002af8   0x08002af8   0x00000328   Code   RO         5067    i.OSMutexPend       os_mutex.o
    0x08002e20   0x08002e20   0x000002a0   Code   RO         5069    i.OSMutexPost       os_mutex.o
    0x080030c0   0x080030c0   0x000000f0   Code   RO         5192    i.OSQCreate         os_q.o
    0x080031b0   0x080031b0   0x00000240   Code   RO         5195    i.OSQPend           os_q.o
    0x080033f0   0x080033f0   0x000000b8   Code   RO         5197    i.OSQPost           os_q.o
    0x080034a8   0x080034a8   0x000000a8   Code   RO         4651    i.OSSched           os_core.o
    0x08003550   0x08003550   0x0000007c   Code   RO         4652    i.OSSchedLock       os_core.o
    0x080035cc   0x080035cc   0x0000006c   Code   RO         4653    i.OSSchedRoundRobinCfg  os_core.o
    0x08003638   0x08003638   0x000000a0   Code   RO         4655    i.OSSchedUnlock     os_core.o
    0x080036d8   0x080036d8   0x000000e4   Code   RO         5264    i.OSSemCreate       os_sem.o
    0x080037bc   0x080037bc   0x0000021c   Code   RO         5266    i.OSSemPend         os_sem.o
    0x080039d8   0x080039d8   0x00000098   Code   RO         5268    i.OSSemPost         os_sem.o
    0x08003a70   0x08003a70   0x00000068   Code   RO         4656    i.OSStart           os_core.o
    0x08003ad8   0x08003ad8   0x00000168   Code   RO         5336    i.OSStatReset       os_stat.o
    0x08003c40   0x08003c40   0x00000100   Code   RO         5337    i.OSStatTaskCPUUsageInit  os_stat.o
    0x08003d40   0x08003d40   0x00000014   Code   RO         5733    i.OSStatTaskHook    os_cpu_c.o
    0x08003d54   0x08003d54   0x00000294   Code   RO         5367    i.OSTaskCreate      os_task.o
    0x08003fe8   0x08003fe8   0x00000018   Code   RO         5734    i.OSTaskCreateHook  os_cpu_c.o
    0x08004000   0x08004000   0x00000208   Code   RO         5368    i.OSTaskDel         os_task.o
    0x08004208   0x08004208   0x00000018   Code   RO         5735    i.OSTaskDelHook     os_cpu_c.o
    0x08004220   0x08004220   0x00000088   Code   RO         5376    i.OSTaskResume      os_task.o
    0x080042a8   0x080042a8   0x00000018   Code   RO         5736    i.OSTaskReturnHook  os_cpu_c.o
    0x080042c0   0x080042c0   0x00000250   Code   RO         5377    i.OSTaskSemPend     os_task.o
    0x08004510   0x08004510   0x000000e4   Code   RO         5381    i.OSTaskStkChk      os_task.o
    0x080045f4   0x080045f4   0x000000c0   Code   RO         5737    i.OSTaskStkInit     os_cpu_c.o
    0x080046b4   0x080046b4   0x00000060   Code   RO         5382    i.OSTaskSuspend     os_task.o
    0x08004714   0x08004714   0x000000a4   Code   RO         5738    i.OSTaskSwHook      os_cpu_c.o
    0x080047b8   0x080047b8   0x00000150   Code   RO         5582    i.OSTimeDly         os_time.o
    0x08004908   0x08004908   0x0000022c   Code   RO         5583    i.OSTimeDlyHMSM     os_time.o
    0x08004b34   0x08004b34   0x0000003c   Code   RO         5585    i.OSTimeGet         os_time.o
    0x08004b70   0x08004b70   0x00000044   Code   RO         5587    i.OSTimeTick        os_time.o
    0x08004bb4   0x08004bb4   0x00000014   Code   RO         5739    i.OSTimeTickHook    os_cpu_c.o
    0x08004bc8   0x08004bc8   0x00000040   Code   RO         5740    i.OS_CPU_SysTickHandler  os_cpu_c.o
    0x08004c08   0x08004c08   0x00000034   Code   RO         5741    i.OS_CPU_SysTickInit  os_cpu_c.o
    0x08004c3c   0x08004c3c   0x000001ac   Code   RO         4894    i.OS_Dbg_Init       os_dbg.o
    0x08004de8   0x08004de8   0x00000018   Code   RO         4919    i.OS_FlagInit       os_flag.o
    0x08004e00   0x08004e00   0x0000027c   Code   RO         4920    i.OS_FlagPost       os_flag.o
    0x0800507c   0x0800507c   0x00000056   Code   RO         4921    i.OS_FlagTaskRdy    os_flag.o
    0x080050d2   0x080050d2   0x00000002   PAD
    0x080050d4   0x080050d4   0x0000004c   Code   RO         4658    i.OS_IdleTask       os_core.o
    0x08005120   0x08005120   0x00000070   Code   RO         4659    i.OS_IdleTaskInit   os_core.o
    0x08005190   0x08005190   0x00000104   Code   RO         4993    i.OS_IntQPost       os_int.o
    0x08005294   0x08005294   0x000001a4   Code   RO         4994    i.OS_IntQRePost     os_int.o
    0x08005438   0x08005438   0x000000c8   Code   RO         4995    i.OS_IntQTask       os_int.o
    0x08005500   0x08005500   0x00000128   Code   RO         4996    i.OS_IntQTaskInit   os_int.o
    0x08005628   0x08005628   0x0000007c   Code   RO         5029    i.OS_MsgPoolInit    os_msg.o
    0x080056a4   0x080056a4   0x00000044   Code   RO         5030    i.OS_MsgQFreeAll    os_msg.o
    0x080056e8   0x080056e8   0x00000068   Code   RO         5031    i.OS_MsgQGet        os_msg.o
    0x08005750   0x08005750   0x0000000e   Code   RO         5032    i.OS_MsgQInit       os_msg.o
    0x0800575e   0x0800575e   0x00000002   PAD
    0x08005760   0x08005760   0x00000104   Code   RO         5033    i.OS_MsgQPut        os_msg.o
    0x08005864   0x08005864   0x00000034   Code   RO         5070    i.OS_MutexClr       os_mutex.o
    0x08005898   0x08005898   0x00000030   Code   RO         5071    i.OS_MutexDbgListAdd  os_mutex.o
    0x080058c8   0x080058c8   0x00000030   Code   RO         5072    i.OS_MutexDbgListRemove  os_mutex.o
    0x080058f8   0x080058f8   0x00000018   Code   RO         5073    i.OS_MutexInit      os_mutex.o
    0x08005910   0x08005910   0x00000068   Code   RO         4660    i.OS_Pend           os_core.o
    0x08005978   0x08005978   0x00000026   Code   RO         4663    i.OS_PendDataInit   os_core.o
    0x0800599e   0x0800599e   0x00000002   PAD
    0x080059a0   0x080059a0   0x0000005c   Code   RO         4664    i.OS_PendDbgNameAdd  os_core.o
    0x080059fc   0x080059fc   0x00000024   Code   RO         4665    i.OS_PendDbgNameRemove  os_core.o
    0x08005a20   0x08005a20   0x00000046   Code   RO         4666    i.OS_PendListChangePrio  os_core.o
    0x08005a66   0x08005a66   0x0000000a   Code   RO         4667    i.OS_PendListInit   os_core.o
    0x08005a70   0x08005a70   0x00000066   Code   RO         4669    i.OS_PendListInsertPrio  os_core.o
    0x08005ad6   0x08005ad6   0x00000030   Code   RO         4670    i.OS_PendListRemove  os_core.o
    0x08005b06   0x08005b06   0x00000042   Code   RO         4671    i.OS_PendListRemove1  os_core.o
    0x08005b48   0x08005b48   0x000000a2   Code   RO         4672    i.OS_PendObjDel     os_core.o
    0x08005bea   0x08005bea   0x00000024   Code   RO         4673    i.OS_PendObjDel1    os_core.o
    0x08005c0e   0x08005c0e   0x000000c0   Code   RO         4674    i.OS_Post           os_core.o
    0x08005cce   0x08005cce   0x0000002a   Code   RO         4675    i.OS_Post1          os_core.o
    0x08005cf8   0x08005cf8   0x00000028   Code   RO         5155    i.OS_PrioGetHighest  os_prio.o
    0x08005d20   0x08005d20   0x00000018   Code   RO         5156    i.OS_PrioInit       os_prio.o
    0x08005d38   0x08005d38   0x00000024   Code   RO         5157    i.OS_PrioInsert     os_prio.o
    0x08005d5c   0x08005d5c   0x00000024   Code   RO         5158    i.OS_PrioRemove     os_prio.o
    0x08005d80   0x08005d80   0x00000030   Code   RO         5199    i.OS_QDbgListAdd    os_q.o
    0x08005db0   0x08005db0   0x00000018   Code   RO         5201    i.OS_QInit          os_q.o
    0x08005dc8   0x08005dc8   0x00000188   Code   RO         5202    i.OS_QPost          os_q.o
    0x08005f50   0x08005f50   0x00000024   Code   RO         4676    i.OS_RdyListInit    os_core.o
    0x08005f74   0x08005f74   0x0000002c   Code   RO         4677    i.OS_RdyListInsert  os_core.o
    0x08005fa0   0x08005fa0   0x00000040   Code   RO         4678    i.OS_RdyListInsertHead  os_core.o
    0x08005fe0   0x08005fe0   0x0000003c   Code   RO         4679    i.OS_RdyListInsertTail  os_core.o
    0x0800601c   0x0800601c   0x00000044   Code   RO         4680    i.OS_RdyListMoveHeadToTail  os_core.o
    0x08006060   0x08006060   0x0000005c   Code   RO         4681    i.OS_RdyListRemove  os_core.o
    0x080060bc   0x080060bc   0x0000005c   Code   RO         4682    i.OS_Sched0         os_core.o
    0x08006118   0x08006118   0x0000001c   Code   RO         4683    i.OS_SchedLockTimeMeasStart  os_core.o
    0x08006134   0x08006134   0x0000003c   Code   RO         4684    i.OS_SchedLockTimeMeasStop  os_core.o
    0x08006170   0x08006170   0x000000ec   Code   RO         4685    i.OS_SchedRoundRobin  os_core.o
    0x0800625c   0x0800625c   0x00000030   Code   RO         5271    i.OS_SemDbgListAdd  os_sem.o
    0x0800628c   0x0800628c   0x00000018   Code   RO         5273    i.OS_SemInit        os_sem.o
    0x080062a4   0x080062a4   0x00000198   Code   RO         5274    i.OS_SemPost        os_sem.o
    0x0800643c   0x0800643c   0x000003b8   Code   RO         5338    i.OS_StatTask       os_stat.o
    0x080067f4   0x080067f4   0x000000cc   Code   RO         5339    i.OS_StatTaskInit   os_stat.o
    0x080068c0   0x080068c0   0x00000038   Code   RO         4686    i.OS_TaskBlock      os_core.o
    0x080068f8   0x080068f8   0x00000030   Code   RO         5384    i.OS_TaskDbgListAdd  os_task.o
    0x08006928   0x08006928   0x00000044   Code   RO         5385    i.OS_TaskDbgListRemove  os_task.o
    0x0800696c   0x0800696c   0x00000020   Code   RO         5386    i.OS_TaskInit       os_task.o
    0x0800698c   0x0800698c   0x000000d0   Code   RO         5387    i.OS_TaskInitTCB    os_task.o
    0x08006a5c   0x08006a5c   0x0000026c   Code   RO         5388    i.OS_TaskQPost      os_task.o
    0x08006cc8   0x08006cc8   0x0000001c   Code   RO         4687    i.OS_TaskRdy        os_core.o
    0x08006ce4   0x08006ce4   0x0000017c   Code   RO         5389    i.OS_TaskResume     os_task.o
    0x08006e60   0x08006e60   0x00000018   Code   RO         5390    i.OS_TaskReturn     os_task.o
    0x08006e78   0x08006e78   0x000005a8   Code   RO         5391    i.OS_TaskSemPost    os_task.o
    0x08007420   0x08007420   0x00000190   Code   RO         5392    i.OS_TaskSuspend    os_task.o
    0x080075b0   0x080075b0   0x00000028   Code   RO         5534    i.OS_TickListInit   os_tick.o
    0x080075d8   0x080075d8   0x000001bc   Code   RO         5535    i.OS_TickListInsert  os_tick.o
    0x08007794   0x08007794   0x00000038   Code   RO         5536    i.OS_TickListRemove  os_tick.o
    0x080077cc   0x080077cc   0x00000024   Code   RO         5537    i.OS_TickListResetPeak  os_tick.o
    0x080077f0   0x080077f0   0x00000220   Code   RO         5538    i.OS_TickListUpdate  os_tick.o
    0x08007a10   0x08007a10   0x0000002c   Code   RO         5539    i.OS_TickTask       os_tick.o
    0x08007a3c   0x08007a3c   0x000000b8   Code   RO         5540    i.OS_TickTaskInit   os_tick.o
    0x08007af4   0x08007af4   0x00000128   Code   RO         5633    i.OS_TmrInit        os_tmr.o
    0x08007c1c   0x08007c1c   0x000000d0   Code   RO         5634    i.OS_TmrLink        os_tmr.o
    0x08007cec   0x08007cec   0x00000024   Code   RO         5635    i.OS_TmrResetPeak   os_tmr.o
    0x08007d10   0x08007d10   0x000000c0   Code   RO         5636    i.OS_TmrTask        os_tmr.o
    0x08007dd0   0x08007dd0   0x00000050   Code   RO         5637    i.OS_TmrUnlink      os_tmr.o
    0x08007e20   0x08007e20   0x00000066   Code   RO         3694    i.Proto_BuildCompleteCmd  protocol.o
    0x08007e86   0x08007e86   0x000000d4   Code   RO         3695    i.Proto_BuildDataCmd  protocol.o
    0x08007f5a   0x08007f5a   0x00000002   PAD
    0x08007f5c   0x08007f5c   0x000000e0   Code   RO         3696    i.Proto_BuildFrame  protocol.o
    0x0800803c   0x0800803c   0x00000074   Code   RO         3697    i.Proto_BuildStartCmd  protocol.o
    0x080080b0   0x080080b0   0x00000048   Code   RO         3698    i.Proto_BuildTerminateCmd  protocol.o
    0x080080f8   0x080080f8   0x00000020   Code   RO         3699    i.Proto_BuildUpdateCmd  protocol.o
    0x08008118   0x08008118   0x00000020   Code   RO         3700    i.Proto_Checksum    protocol.o
    0x08008138   0x08008138   0x000000dc   Code   RO         3701    i.Proto_ParseFrame  protocol.o
    0x08008214   0x08008214   0x00000078   Code   RO         3702    i.Proto_ParseReply  protocol.o
    0x0800828c   0x0800828c   0x00000020   Code   RO         1810    i.RCC_APB1PeriphClockCmd  stm32f10x_rcc.o
    0x080082ac   0x080082ac   0x00000020   Code   RO         1812    i.RCC_APB2PeriphClockCmd  stm32f10x_rcc.o
    0x080082cc   0x080082cc   0x000000d4   Code   RO         1820    i.RCC_GetClocksFreq  stm32f10x_rcc.o
    0x080083a0   0x080083a0   0x00000020   Code   RO         3525    i.SD_FileClose      sd_card.o
    0x080083c0   0x080083c0   0x00000018   Code   RO         3527    i.SD_FileGetSize    sd_card.o
    0x080083d8   0x080083d8   0x00000058   Code   RO         3528    i.SD_FileOpen       sd_card.o
    0x08008430   0x08008430   0x00000048   Code   RO         3529    i.SD_FileRead       sd_card.o
    0x08008478   0x08008478   0x00000038   Code   RO         3530    i.SD_FileSeek       sd_card.o
    0x080084b0   0x080084b0   0x00000044   Code   RO         3531    i.SD_Init           sd_card.o
    0x080084f4   0x080084f4   0x00000020   Code   RO         3532    i.SD_IsPresent      sd_card.o
    0x08008514   0x08008514   0x0000013e   Code   RO         3956    i.SD_SPI_Init       bsp_spi_sd.o
    0x08008652   0x08008652   0x0000009e   Code   RO         3957    i.SD_SPI_ReadBlock  bsp_spi_sd.o
    0x080086f0   0x080086f0   0x0000002c   Code   RO         3958    i.SD_SPI_SetHighSpeed  bsp_spi_sd.o
    0x0800871c   0x0800871c   0x00000038   Code   RO         3959    i.SPI2_SendRecv     bsp_spi_sd.o
    0x08008754   0x08008754   0x00000018   Code   RO         2295    i.SPI_Cmd           stm32f10x_spi.o
    0x0800876c   0x0800876c   0x00000012   Code   RO         2303    i.SPI_I2S_GetFlagStatus  stm32f10x_spi.o
    0x0800877e   0x0800877e   0x00000006   Code   RO         2306    i.SPI_I2S_ReceiveData  stm32f10x_spi.o
    0x08008784   0x08008784   0x00000004   Code   RO         2307    i.SPI_I2S_SendData  stm32f10x_spi.o
    0x08008788   0x08008788   0x0000003c   Code   RO         2308    i.SPI_Init          stm32f10x_spi.o
    0x080087c4   0x080087c4   0x00000002   Code   RO         3230    i.SVC_Handler       stm32f10x_it.o
    0x080087c6   0x080087c6   0x00000008   Code   RO           24    i.SetSysClock       system_stm32f10x.o
    0x080087ce   0x080087ce   0x00000002   PAD
    0x080087d0   0x080087d0   0x000000e0   Code   RO           25    i.SetSysClockTo72   system_stm32f10x.o
    0x080088b0   0x080088b0   0x0000002c   Code   RO         3763    i.SoftReset         bsp.o
    0x080088dc   0x080088dc   0x0000002c   Code   RO         3594    i.SysState_GetDataSource  sys_state.o
    0x08008908   0x08008908   0x0000002c   Code   RO         3595    i.SysState_GetFwType  sys_state.o
    0x08008934   0x08008934   0x00000038   Code   RO         3596    i.SysState_GetLEDBlinkPeriod  sys_state.o
    0x0800896c   0x0800896c   0x00000038   Code   RO         3597    i.SysState_Init     sys_state.o
    0x080089a4   0x080089a4   0x0000002c   Code   RO         3598    i.SysState_IsTransferLocked  sys_state.o
    0x080089d0   0x080089d0   0x0000002c   Code   RO         3599    i.SysState_SetDataSource  sys_state.o
    0x080089fc   0x080089fc   0x0000002c   Code   RO         3600    i.SysState_SetFwType  sys_state.o
    0x08008a28   0x08008a28   0x0000002c   Code   RO         3601    i.SysState_SetTransferLock  sys_state.o
    0x08008a54   0x08008a54   0x00000060   Code   RO           27    i.SystemInit        system_stm32f10x.o
    0x08008ab4   0x08008ab4   0x00000010   Code   RO         3231    i.USART1_IRQHandler  stm32f10x_it.o
    0x08008ac4   0x08008ac4   0x00000018   Code   RO         2992    i.USART_Cmd         stm32f10x_usart.o
    0x08008adc   0x08008adc   0x0000001a   Code   RO         2995    i.USART_GetFlagStatus  stm32f10x_usart.o
    0x08008af6   0x08008af6   0x00000054   Code   RO         2996    i.USART_GetITStatus  stm32f10x_usart.o
    0x08008b4a   0x08008b4a   0x0000004a   Code   RO         2998    i.USART_ITConfig    stm32f10x_usart.o
    0x08008b94   0x08008b94   0x000000d8   Code   RO         2999    i.USART_Init        stm32f10x_usart.o
    0x08008c6c   0x08008c6c   0x0000000a   Code   RO         3006    i.USART_ReceiveData  stm32f10x_usart.o
    0x08008c76   0x08008c76   0x00000008   Code   RO         3009    i.USART_SendData    stm32f10x_usart.o
    0x08008c7e   0x08008c7e   0x00000004   Code   RO         3232    i.UsageFault_Handler  stm32f10x_it.o
    0x08008c82   0x08008c82   0x00000002   PAD
    0x08008c84   0x08008c84   0x00000030   Code   RO         6809    i.__0snprintf       mc_w.l(printfa.o)
    0x08008cb4   0x08008cb4   0x0000002c   Code   RO         6813    i.__0vsnprintf      mc_w.l(printfa.o)
    0x08008ce0   0x08008ce0   0x0000000e   Code   RO         6922    i.__scatterload_copy  mc_w.l(handlers.o)
    0x08008cee   0x08008cee   0x00000002   Code   RO         6923    i.__scatterload_null  mc_w.l(handlers.o)
    0x08008cf0   0x08008cf0   0x0000000e   Code   RO         6924    i.__scatterload_zeroinit  mc_w.l(handlers.o)
    0x08008cfe   0x08008cfe   0x00000002   PAD
    0x08008d00   0x08008d00   0x00000184   Code   RO         6815    i._fp_digits        mc_w.l(printfa.o)
    0x08008e84   0x08008e84   0x000006dc   Code   RO         6816    i._printf_core      mc_w.l(printfa.o)
    0x08009560   0x08009560   0x00000024   Code   RO         6817    i._printf_post_padding  mc_w.l(printfa.o)
    0x08009584   0x08009584   0x0000002e   Code   RO         6818    i._printf_pre_padding  mc_w.l(printfa.o)
    0x080095b2   0x080095b2   0x00000016   Code   RO         6819    i._snputc           mc_w.l(printfa.o)
    0x080095c8   0x080095c8   0x000000e0   Code   RO         6289    i.check_fs          ff.o
    0x080096a8   0x080096a8   0x0000001a   Code   RO         6290    i.clst2sect         ff.o
    0x080096c2   0x080096c2   0x00000002   PAD
    0x080096c4   0x080096c4   0x0000011c   Code   RO         6291    i.create_name       ff.o
    0x080097e0   0x080097e0   0x0000000c   Code   RO         6292    i.dbc_1st           ff.o
    0x080097ec   0x080097ec   0x0000000c   Code   RO         6293    i.dbc_2nd           ff.o
    0x080097f8   0x080097f8   0x0000006c   Code   RO         6294    i.dir_find          ff.o
    0x08009864   0x08009864   0x0000009e   Code   RO         6295    i.dir_next          ff.o
    0x08009902   0x08009902   0x0000009a   Code   RO         6297    i.dir_sdi           ff.o
    0x0800999c   0x0800999c   0x00000038   Code   RO         6474    i.disk_initialize   diskio.o
    0x080099d4   0x080099d4   0x00000050   Code   RO         6476    i.disk_read         diskio.o
    0x08009a24   0x08009a24   0x00000014   Code   RO         6477    i.disk_status       diskio.o
    0x08009a38   0x08009a38   0x00000020   Code   RO         6298    i.f_close           ff.o
    0x08009a58   0x08009a58   0x0000013e   Code   RO         6300    i.f_lseek           ff.o
    0x08009b96   0x08009b96   0x00000002   PAD
    0x08009b98   0x08009b98   0x00000080   Code   RO         6301    i.f_mount           ff.o
    0x08009c18   0x08009c18   0x0000008a   Code   RO         6302    i.f_open            ff.o
    0x08009ca2   0x08009ca2   0x000001a2   Code   RO         6304    i.f_read            ff.o
    0x08009e44   0x08009e44   0x00000078   Code   RO         6521    i.ff_mutex_create   ff_ucos3.o
    0x08009ebc   0x08009ebc   0x00000040   Code   RO         6522    i.ff_mutex_delete   ff_ucos3.o
    0x08009efc   0x08009efc   0x00000038   Code   RO         6523    i.ff_mutex_give     ff_ucos3.o
    0x08009f34   0x08009f34   0x0000004c   Code   RO         6524    i.ff_mutex_take     ff_ucos3.o
    0x08009f80   0x08009f80   0x00000078   Code   RO         6307    i.find_volume       ff.o
    0x08009ff8   0x08009ff8   0x0000009e   Code   RO         6308    i.follow_path       ff.o
    0x0800a096   0x0800a096   0x000000e0   Code   RO         6309    i.get_fat           ff.o
    0x0800a176   0x0800a176   0x0000004e   Code   RO         6311    i.get_ldnumber      ff.o
    0x0800a1c4   0x0800a1c4   0x00000026   Code   RO         6312    i.ld_clust          ff.o
    0x0800a1ea   0x0800a1ea   0x00000018   Code   RO         6313    i.ld_dword          ff.o
    0x0800a202   0x0800a202   0x0000000c   Code   RO         6314    i.ld_word           ff.o
    0x0800a20e   0x0800a20e   0x0000001c   Code   RO         6315    i.lock_volume       ff.o
    0x0800a22a   0x0800a22a   0x00000002   PAD
    0x0800a22c   0x0800a22c   0x00000060   Code   RO         3355    i.main              app.o
    0x0800a28c   0x0800a28c   0x00000220   Code   RO         6316    i.mount_volume      ff.o
    0x0800a4ac   0x0800a4ac   0x0000002a   Code   RO         6317    i.move_window       ff.o
    0x0800a4d6   0x0800a4d6   0x0000001c   Code   RO         6318    i.unlock_volume     ff.o
    0x0800a4f2   0x0800a4f2   0x00000054   Code   RO         6319    i.validate          ff.o
    0x0800a546   0x0800a546   0x00000002   PAD
    0x0800a548   0x0800a548   0x00000400   Data   RO         3661    .constdata          crc32.o
    0x0800a948   0x0800a948   0x000000a4   Data   RO         4630    .constdata          os_cfg_app.o
    0x0800a9ec   0x0800a9ec   0x0000016c   Data   RO         4895    .constdata          os_dbg.o
    0x0800ab58   0x0800ab58   0x00000080   Data   RO         6320    .constdata          ff.o
    0x0800abd8   0x0800abd8   0x0000004c   Data   RO         5814    .conststring        task_download.o
    0x0800ac24   0x0800ac24   0x00000020   Data   RO         6920    Region$$Table       anon$$obj.o


    Execution Region RW_IRAM1 (Exec base: 0x20000000, Load base: 0x0800ac44, Size: 0x000065f0, Max: 0x00010000, ABSOLUTE, COMPRESSED[0x0000001c])

    Exec Addr    Load Addr    Size         Type   Attr      Idx    E Section Name        Object

    0x20000000   COMPRESSED   0x00000014   Data   RW         1840    .data               stm32f10x_rcc.o
    0x20000014   COMPRESSED   0x00000002   Data   RW         3534    .data               sd_card.o
    0x20000016   COMPRESSED   0x00000003   Data   RW         3603    .data               sys_state.o
    0x20000019   COMPRESSED   0x00000003   PAD
    0x2000001c   COMPRESSED   0x00000004   Data   RW         3662    .data               crc32.o
    0x20000020   COMPRESSED   0x00000002   Data   RW         3703    .data               protocol.o
    0x20000022   COMPRESSED   0x00000003   Data   RW         3901    .data               bsp_usart.o
    0x20000025   COMPRESSED   0x00000003   PAD
    0x20000028   COMPRESSED   0x0000001c   Data   RW         4018    .data               cpu_core.o
    0x20000044   COMPRESSED   0x00000004   Data   RW         4373    .data               lib_mem.o
    0x20000048   COMPRESSED   0x00000004   Data   RW         5159    .data               os_prio.o
    0x2000004c   COMPRESSED   0x000000c8   Data   RW         5715    .data               os_var.o
    0x20000114   COMPRESSED   0x00000004   Data   RW         5742    .data               os_cpu_c.o
    0x20000118   COMPRESSED   0x00000008   Data   RW         5844    .data               task_led_wdg.o
    0x20000120   COMPRESSED   0x00000010   Data   RW         5865    .data               task_key.o
    0x20000130   COMPRESSED   0x00000006   Data   RW         6321    .data               ff.o
    0x20000136   COMPRESSED   0x00000001   Data   RW         6479    .data               diskio.o
    0x20000137   COMPRESSED   0x00000002   Data   RW         6526    .data               ff_ucos3.o
    0x20000139   COMPRESSED   0x00000007   PAD
    0x20000140        -       0x00001f60   Zero   RW         3356    .bss                app.o
    0x200020a0        -       0x00000448   Zero   RW         3533    .bss                sd_card.o
    0x200024e8        -       0x0000002c   Zero   RW         3602    .bss                sys_state.o
    0x20002514        -       0x00000228   Zero   RW         3900    .bss                bsp_usart.o
    0x2000273c        -       0x00000010   Zero   RW         4016    .bss                cpu_core.o
    0x2000274c        -       0x00001048   Zero   RW         4372    .bss                lib_mem.o
    0x20003794        -       0x000020f0   Zero   RW         4629    .bss                os_cfg_app.o
    0x20005884        -       0x00000574   Zero   RW         5714    .bss                os_var.o
    0x20005df8        -       0x0000036c   Zero   RW         5813    .bss                task_download.o
    0x20006164        -       0x00000030   Zero   RW         5864    .bss                task_key.o
    0x20006194        -       0x00000058   Zero   RW         6525    .bss                ff_ucos3.o
    0x200061ec   COMPRESSED   0x00000004   PAD
    0x200061f0        -       0x00000400   Zero   RW            1    STACK               startup_stm32f10x_hd.o


==============================================================================

Image component sizes


      Code (inc. data)   RO Data    RW Data    ZI Data      Debug   Object Name

       528        190          0          0       8032      31589   app.o
       156         28          0          0          0      17288   bsp.o
       360         50          0          0          0       4449   bsp_gpio.o
         8          0          0          0          0        416   bsp_iwdg.o
       720         20          0          0          0       3451   bsp_spi_sd.o
       624         82          0          3        552       4888   bsp_usart.o
         0          0          0          0          0       4508   core_cm3.o
        52          0          0          0          0        304   cpu_a.o
       540         98          0         28         16      15601   cpu_core.o
       138         18       1024          4          0       2604   crc32.o
       156         16          0          1          0       4956   diskio.o
      3392         54        128          6          0      34312   ff.o
       316         54          0          2         88       2972   ff_ucos3.o
       188         18          0          4       4168      13275   lib_mem.o
       112         12          0          0          0      11400   misc.o
         2          0        164          0       8432      20645   os_cfg_app.o
      3370        432          0          0          0      21535   os_core.o
       132         32          0          0          0        348   os_cpu_a.o
       660         70          0          4          0       7513   os_cpu_c.o
       428        280        364          0          0       4661   os_dbg.o
       746         28          0          0          0       2897   os_flag.o
      1176        204          0          0          0       3246   os_int.o
       570         32          0          0          0       3806   os_msg.o
      2824        138          0          0          0       7163   os_mutex.o
       136         16          0          4          0       2538   os_prio.o
      1464         70          0          0          0       5403   os_q.o
      1400         66          0          0          0       5403   os_sem.o
      1772        214          0          0          0       3807   os_stat.o
      5460        260          0          0          0      13056   os_task.o
      1348        124          0          0          0       5073   os_tick.o
      1020         52          0          0          0       3485   os_time.o
       812        134          0          0          0       3844   os_tmr.o
         0          0          0        200       1396      19276   os_var.o
      1130          6          0          2          0       8091   protocol.o
       372         78          0          2       1096       6539   sd_card.o
        36          8        304          0       1024        852   startup_stm32f10x_hd.o
       448          6          0          0          0      12730   stm32f10x_gpio.o
        38          0          0          0          0      43445   stm32f10x_it.o
        16          6          0          0          0        449   stm32f10x_iwdg.o
       276         32          0         20          0      13066   stm32f10x_rcc.o
       112          0          0          0          0      10618   stm32f10x_spi.o
       442          6          0          0          0      12037   stm32f10x_usart.o
       376         84          0          3         44       4628   sys_state.o
       328         28          0          0          0     236661   system_stm32f10x.o
      2924       1022         76          0        876       5911   task_download.o
       264         14          0         16         48       1870   task_key.o
       440         42          0          8          0       1903   task_led_wdg.o

    ----------------------------------------------------------------------
     37840       4124       2092        316      25780     644512   Object Totals
         0          0         32          0          0          0   (incl. Generated)
        28          0          0          9          8          0   (incl. Padding)

    ----------------------------------------------------------------------

      Code (inc. data)   RO Data    RW Data    ZI Data      Debug   Library Member Name

        86          0          0          0          0          0   __dczerorl2.o
         0          0          0          0          0          0   entry.o
         0          0          0          0          0          0   entry10a.o
         0          0          0          0          0          0   entry11a.o
         8          4          0          0          0          0   entry2.o
         4          0          0          0          0          0   entry5.o
         0          0          0          0          0          0   entry7b.o
         0          0          0          0          0          0   entry8b.o
         8          4          0          0          0          0   entry9a.o
        30          0          0          0          0          0   handlers.o
        36          8          0          0          0         68   init.o
         0          0          0          0          0          0   iusefp.o
        30          0          0          0          0         68   llshl.o
        36          0          0          0          0         68   llsshr.o
        32          0          0          0          0         68   llushr.o
        26          0          0          0          0         80   memcmp.o
        36          0          0          0          0         68   memcpya.o
        36          0          0          0          0        108   memseta.o
      2340         88          0          0          0        600   printfa.o
        20          0          0          0          0         68   strchr.o
        44          0          0          0          0         80   uidiv.o
        98          0          0          0          0         92   uldiv.o
        48          0          0          0          0         68   cdrcmple.o
        56          0          0          0          0         88   d2f.o
       334          0          0          0          0        148   dadd.o
       222          0          0          0          0        100   ddiv.o
       186          0          0          0          0        176   depilogue.o
        48          0          0          0          0         68   dfixul.o
        26          0          0          0          0         76   dfltui.o
       228          0          0          0          0         96   dmul.o
        38          0          0          0          0         68   f2d.o
       110          0          0          0          0        168   fepilogue.o

    ----------------------------------------------------------------------
      4168        104          0          0          0       2424   Library Totals
         2          0          0          0          0          0   (incl. Padding)

    ----------------------------------------------------------------------

      Code (inc. data)   RO Data    RW Data    ZI Data      Debug   Library Name

      2870        104          0          0          0       1368   mc_w.l
      1296          0          0          0          0       1056   mf_w.l

    ----------------------------------------------------------------------
      4168        104          0          0          0       2424   Library Totals

    ----------------------------------------------------------------------

==============================================================================


      Code (inc. data)   RO Data    RW Data    ZI Data      Debug   

     42008       4228       2092        316      25780     632400   Grand Totals
     42008       4228       2092         28      25780     632400   ELF Image Totals (compressed)
     42008       4228       2092         28          0          0   ROM Totals

==============================================================================

    Total RO  Size (Code + RO Data)                44100 (  43.07kB)
    Total RW  Size (RW Data + ZI Data)             26096 (  25.48kB)
    Total ROM Size (Code + RO Data + RW Data)      44128 (  43.09kB)

==============================================================================

