Component: ARM Compiler 5.06 update 6 (build 750) Tool: armlink [4d35ed]

==============================================================================

Section Cross References

    startup_stm32f10x_hd.o(RESET) refers to startup_stm32f10x_hd.o(STACK) for __initial_sp
    startup_stm32f10x_hd.o(RESET) refers to startup_stm32f10x_hd.o(.text) for Reset_Handler
    startup_stm32f10x_hd.o(RESET) refers to stm32f10x_it.o(i.NMI_Handler) for NMI_Handler
    startup_stm32f10x_hd.o(RESET) refers to stm32f10x_it.o(i.HardFault_Handler) for HardFault_Handler
    startup_stm32f10x_hd.o(RESET) refers to stm32f10x_it.o(i.MemManage_Handler) for MemManage_Handler
    startup_stm32f10x_hd.o(RESET) refers to stm32f10x_it.o(i.BusFault_Handler) for BusFault_Handler
    startup_stm32f10x_hd.o(RESET) refers to stm32f10x_it.o(i.UsageFault_Handler) for UsageFault_Handler
    startup_stm32f10x_hd.o(RESET) refers to stm32f10x_it.o(i.SVC_Handler) for SVC_Handler
    startup_stm32f10x_hd.o(RESET) refers to stm32f10x_it.o(i.DebugMon_Handler) for DebugMon_Handler
    startup_stm32f10x_hd.o(RESET) refers to os_cpu_a.o(CODE) for OS_CPU_PendSVHandler
    startup_stm32f10x_hd.o(RESET) refers to os_cpu_c.o(i.OS_CPU_SysTickHandler) for OS_CPU_SysTickHandler
    startup_stm32f10x_hd.o(RESET) refers to stm32f10x_it.o(i.USART1_IRQHandler) for USART1_IRQHandler
    startup_stm32f10x_hd.o(.text) refers to system_stm32f10x.o(i.SystemInit) for SystemInit
    startup_stm32f10x_hd.o(.text) refers to entry.o(.ARM.Collect$$$$00000000) for __main
    system_stm32f10x.o(i.SetSysClock) refers to system_stm32f10x.o(i.SetSysClockTo72) for SetSysClockTo72
    system_stm32f10x.o(i.SystemCoreClockUpdate) refers to system_stm32f10x.o(.data) for SystemCoreClock
    system_stm32f10x.o(i.SystemInit) refers to system_stm32f10x.o(i.SetSysClock) for SetSysClock
    stm32f10x_adc.o(i.ADC_DeInit) refers to stm32f10x_rcc.o(i.RCC_APB2PeriphResetCmd) for RCC_APB2PeriphResetCmd
    stm32f10x_bkp.o(i.BKP_DeInit) refers to stm32f10x_rcc.o(i.RCC_BackupResetCmd) for RCC_BackupResetCmd
    stm32f10x_can.o(i.CAN_DeInit) refers to stm32f10x_rcc.o(i.RCC_APB1PeriphResetCmd) for RCC_APB1PeriphResetCmd
    stm32f10x_can.o(i.CAN_GetITStatus) refers to stm32f10x_can.o(i.CheckITStatus) for CheckITStatus
    stm32f10x_cec.o(i.CEC_DeInit) refers to stm32f10x_rcc.o(i.RCC_APB1PeriphResetCmd) for RCC_APB1PeriphResetCmd
    stm32f10x_dac.o(i.DAC_DeInit) refers to stm32f10x_rcc.o(i.RCC_APB1PeriphResetCmd) for RCC_APB1PeriphResetCmd
    stm32f10x_flash.o(i.FLASH_EnableWriteProtection) refers to stm32f10x_flash.o(i.FLASH_WaitForLastOperation) for FLASH_WaitForLastOperation
    stm32f10x_flash.o(i.FLASH_EraseAllBank1Pages) refers to stm32f10x_flash.o(i.FLASH_WaitForLastBank1Operation) for FLASH_WaitForLastBank1Operation
    stm32f10x_flash.o(i.FLASH_EraseAllPages) refers to stm32f10x_flash.o(i.FLASH_WaitForLastOperation) for FLASH_WaitForLastOperation
    stm32f10x_flash.o(i.FLASH_EraseOptionBytes) refers to stm32f10x_flash.o(i.FLASH_GetReadOutProtectionStatus) for FLASH_GetReadOutProtectionStatus
    stm32f10x_flash.o(i.FLASH_EraseOptionBytes) refers to stm32f10x_flash.o(i.FLASH_WaitForLastOperation) for FLASH_WaitForLastOperation
    stm32f10x_flash.o(i.FLASH_ErasePage) refers to stm32f10x_flash.o(i.FLASH_WaitForLastOperation) for FLASH_WaitForLastOperation
    stm32f10x_flash.o(i.FLASH_ProgramHalfWord) refers to stm32f10x_flash.o(i.FLASH_WaitForLastOperation) for FLASH_WaitForLastOperation
    stm32f10x_flash.o(i.FLASH_ProgramOptionByteData) refers to stm32f10x_flash.o(i.FLASH_WaitForLastOperation) for FLASH_WaitForLastOperation
    stm32f10x_flash.o(i.FLASH_ProgramWord) refers to stm32f10x_flash.o(i.FLASH_WaitForLastOperation) for FLASH_WaitForLastOperation
    stm32f10x_flash.o(i.FLASH_ReadOutProtection) refers to stm32f10x_flash.o(i.FLASH_WaitForLastOperation) for FLASH_WaitForLastOperation
    stm32f10x_flash.o(i.FLASH_UserOptionByteConfig) refers to stm32f10x_flash.o(i.FLASH_WaitForLastOperation) for FLASH_WaitForLastOperation
    stm32f10x_flash.o(i.FLASH_WaitForLastBank1Operation) refers to stm32f10x_flash.o(i.FLASH_GetBank1Status) for FLASH_GetBank1Status
    stm32f10x_flash.o(i.FLASH_WaitForLastOperation) refers to stm32f10x_flash.o(i.FLASH_GetBank1Status) for FLASH_GetBank1Status
    stm32f10x_gpio.o(i.GPIO_AFIODeInit) refers to stm32f10x_rcc.o(i.RCC_APB2PeriphResetCmd) for RCC_APB2PeriphResetCmd
    stm32f10x_gpio.o(i.GPIO_DeInit) refers to stm32f10x_rcc.o(i.RCC_APB2PeriphResetCmd) for RCC_APB2PeriphResetCmd
    stm32f10x_i2c.o(i.I2C_DeInit) refers to stm32f10x_rcc.o(i.RCC_APB1PeriphResetCmd) for RCC_APB1PeriphResetCmd
    stm32f10x_i2c.o(i.I2C_Init) refers to stm32f10x_rcc.o(i.RCC_GetClocksFreq) for RCC_GetClocksFreq
    stm32f10x_pwr.o(i.PWR_DeInit) refers to stm32f10x_rcc.o(i.RCC_APB1PeriphResetCmd) for RCC_APB1PeriphResetCmd
    stm32f10x_rcc.o(i.RCC_GetClocksFreq) refers to stm32f10x_rcc.o(.data) for APBAHBPrescTable
[...]
    DMA1_Channel1_IRQHandler                 0x0800015f   Thumb Code     0  startup_stm32f10x_hd.o(.text)
    DMA1_Channel2_IRQHandler                 0x0800015f   Thumb Code     0  startup_stm32f10x_hd.o(.text)
    DMA1_Channel3_IRQHandler                 0x0800015f   Thumb Code     0  startup_stm32f10x_hd.o(.text)
    DMA1_Channel4_IRQHandler                 0x0800015f   Thumb Code     0  startup_stm32f10x_hd.o(.text)
    DMA1_Channel5_IRQHandler                 0x0800015f   Thumb Code     0  startup_stm32f10x_hd.o(.text)
    DMA1_Channel6_IRQHandler                 0x0800015f   Thumb Code     0  startup_stm32f10x_hd.o(.text)
    DMA1_Channel7_IRQHandler                 0x0800015f   Thumb Code     0  startup_stm32f10x_hd.o(.text)
    DMA2_Channel1_IRQHandler                 0x0800015f   Thumb Code     0  startup_stm32f10x_hd.o(.text)
    DMA2_Channel2_IRQHandler                 0x0800015f   Thumb Code     0  startup_stm32f10x_hd.o(.text)
    DMA2_Channel3_IRQHandler                 0x0800015f   Thumb Code     0  startup_stm32f10x_hd.o(.text)
    DMA2_Channel4_5_IRQHandler               0x0800015f   Thumb Code     0  startup_stm32f10x_hd.o(.text)
    EXTI0_IRQHandler                         0x0800015f   Thumb Code     0  startup_stm32f10x_hd.o(.text)
    EXTI15_10_IRQHandler                     0x0800015f   Thumb Code     0  startup_stm32f10x_hd.o(.text)
    EXTI1_IRQHandler                         0x0800015f   Thumb Code     0  startup_stm32f10x_hd.o(.text)
    EXTI2_IRQHandler                         0x0800015f   Thumb Code     0  startup_stm32f10x_hd.o(.text)
    EXTI3_IRQHandler                         0x0800015f   Thumb Code     0  startup_stm32f10x_hd.o(.text)
    EXTI4_IRQHandler                         0x0800015f   Thumb Code     0  startup_stm32f10x_hd.o(.text)
    EXTI9_5_IRQHandler                       0x0800015f   Thumb Code     0  startup_stm32f10x_hd.o(.text)
    FLASH_IRQHandler                         0x0800015f   Thumb Code     0  startup_stm32f10x_hd.o(.text)
    FSMC_IRQHandler                          0x0800015f   Thumb Code     0  startup_stm32f10x_hd.o(.text)
    I2C1_ER_IRQHandler                       0x0800015f   Thumb Code     0  startup_stm32f10x_hd.o(.text)
    I2C1_EV_IRQHandler                       0x0800015f   Thumb Code     0  startup_stm32f10x_hd.o(.text)
    I2C2_ER_IRQHandler                       0x0800015f   Thumb Code     0  startup_stm32f10x_hd.o(.text)
    I2C2_EV_IRQHandler                       0x0800015f   Thumb Code     0  startup_stm32f10x_hd.o(.text)
    PVD_IRQHandler                           0x0800015f   Thumb Code     0  startup_stm32f10x_hd.o(.text)
    RCC_IRQHandler                           0x0800015f   Thumb Code     0  startup_stm32f10x_hd.o(.text)
    RTCAlarm_IRQHandler                      0x0800015f   Thumb Code     0  startup_stm32f10x_hd.o(.text)
    RTC_IRQHandler                           0x0800015f   Thumb Code     0  startup_stm32f10x_hd.o(.text)
    SDIO_IRQHandler                          0x0800015f   Thumb Code     0  startup_stm32f10x_hd.o(.text)
    SPI1_IRQHandler                          0x0800015f   Thumb Code     0  startup_stm32f10x_hd.o(.text)
    SPI2_IRQHandler                          0x0800015f   Thumb Code     0  startup_stm32f10x_hd.o(.text)
    SPI3_IRQHandler                          0x0800015f   Thumb Code     0  startup_stm32f10x_hd.o(.text)
    TAMPER_IRQHandler                        0x0800015f   Thumb Code     0  startup_stm32f10x_hd.o(.text)
    TIM1_BRK_IRQHandler                      0x0800015f   Thumb Code     0  startup_stm32f10x_hd.o(.text)
    TIM1_CC_IRQHandler                       0x0800015f   Thumb Code     0  startup_stm32f10x_hd.o(.text)
    TIM1_TRG_COM_IRQHandler                  0x0800015f   Thumb Code     0  startup_stm32f10x_hd.o(.text)
    TIM1_UP_IRQHandler                       0x0800015f   Thumb Code     0  startup_stm32f10x_hd.o(.text)
    TIM2_IRQHandler                          0x0800015f   Thumb Code     0  startup_stm32f10x_hd.o(.text)
    TIM3_IRQHandler                          0x0800015f   Thumb Code     0  startup_stm32f10x_hd.o(.text)
    TIM4_IRQHandler                          0x0800015f   Thumb Code     0  startup_stm32f10x_hd.o(.text)
    TIM5_IRQHandler                          0x0800015f   Thumb Code     0  startup_stm32f10x_hd.o(.text)
    TIM6_IRQHandler                          0x0800015f   Thumb Code     0  startup_stm32f10x_hd.o(.text)
    TIM7_IRQHandler                          0x0800015f   Thumb Code     0  startup_stm32f10x_hd.o(.text)
    TIM8_BRK_IRQHandler                      0x0800015f   Thumb Code     0  startup_stm32f10x_hd.o(.text)
    TIM8_CC_IRQHandler                       0x0800015f   Thumb Code     0  startup_stm32f10x_hd.o(.text)
    TIM8_TRG_COM_IRQHandler                  0x0800015f   Thumb Code     0  startup_stm32f10x_hd.o(.text)
    TIM8_UP_IRQHandler                       0x0800015f   Thumb Code     0  startup_stm32f10x_hd.o(.text)
    UART4_IRQHandler                         0x0800015f   Thumb Code     0  startup_stm32f10x_hd.o(.text)
    UART5_IRQHandler                         0x0800015f   Thumb Code     0  startup_stm32f10x_hd.o(.text)
    USART2_IRQHandler                        0x0800015f   Thumb Code     0  startup_stm32f10x_hd.o(.text)
    USART3_IRQHandler                        0x0800015f   Thumb Code     0  startup_stm32f10x_hd.o(.text)
    USBWakeUp_IRQHandler                     0x0800015f   Thumb Code     0  startup_stm32f10x_hd.o(.text)
    USB_HP_CAN1_TX_IRQHandler                0x0800015f   Thumb Code     0  startup_stm32f10x_hd.o(.text)
    USB_LP_CAN1_RX0_IRQHandler               0x0800015f   Thumb Code     0  startup_stm32f10x_hd.o(.text)
    WWDG_IRQHandler                          0x0800015f   Thumb Code     0  startup_stm32f10x_hd.o(.text)
    CPU_IntDis                               0x08000169   Thumb Code     0  cpu_a.o(.text)
    CPU_IntEn                                0x0800016d   Thumb Code     0  cpu_a.o(.text)
    CPU_SR_Save                              0x08000171   Thumb Code     0  cpu_a.o(.text)
    CPU_SR_Restore                           0x08000179   Thumb Code     0  cpu_a.o(.text)
    CPU_WaitForInt                           0x0800017f   Thumb Code     0  cpu_a.o(.text)
    CPU_WaitForExcept                        0x08000183   Thumb Code     0  cpu_a.o(.text)
    CPU_CntLeadZeros                         0x08000187   Thumb Code     0  cpu_a.o(.text)
    CPU_CntTrailZeros                        0x0800018d   Thumb Code     0  cpu_a.o(.text)
    CPU_RevBits                              0x08000197   Thumb Code     0  cpu_a.o(.text)
    __aeabi_memcpy                           0x0800019d   Thumb Code    36  memcpya.o(.text)
    __aeabi_memcpy4                          0x0800019d   Thumb Code     0  memcpya.o(.text)
    __aeabi_memcpy8                          0x0800019d   Thumb Code     0  memcpya.o(.text)
    __aeabi_uidiv                            0x080001c1   Thumb Code     0  uidiv.o(.text)
    __aeabi_uidivmod                         0x080001c1   Thumb Code    44  uidiv.o(.text)
    __aeabi_uldivmod                         0x080001ed   Thumb Code    98  uldiv.o(.text)
    __I$use$fp                               0x0800024f   Thumb Code     0  iusefp.o(.text)
    __aeabi_dadd                             0x0800024f   Thumb Code   322  dadd.o(.text)
    __aeabi_dsub                             0x08000391   Thumb Code     6  dadd.o(.text)
    __aeabi_drsub                            0x08000397   Thumb Code     6  dadd.o(.text)
    __aeabi_dmul                             0x0800039d   Thumb Code   228  dmul.o(.text)
    __aeabi_ddiv                             0x08000481   Thumb Code   222  ddiv.o(.text)
    __aeabi_d2ulz                            0x0800055f   Thumb Code    48  dfixul.o(.text)
    __aeabi_cdrcmple                         0x08000591   Thumb Code    48  cdrcmple.o(.text)
    __scatterload                            0x080005c1   Thumb Code    28  init.o(.text)
    __scatterload_rt2                        0x080005c1   Thumb Code     0  init.o(.text)
    __aeabi_llsl                             0x080005e5   Thumb Code    30  llshl.o(.text)
    _ll_shift_l                              0x080005e5   Thumb Code     0  llshl.o(.text)
    __aeabi_llsr                             0x08000603   Thumb Code    32  llushr.o(.text)
    _ll_ushift_r                             0x08000603   Thumb Code     0  llushr.o(.text)
    __aeabi_lasr                             0x08000623   Thumb Code    36  llsshr.o(.text)
    _ll_sshift_r                             0x08000623   Thumb Code     0  llsshr.o(.text)
    _double_round                            0x08000647   Thumb Code    30  depilogue.o(.text)
    _double_epilogue                         0x08000665   Thumb Code   156  depilogue.o(.text)
    __decompress                             0x08000701   Thumb Code     0  __dczerorl.o(.text)
    __decompress0                            0x08000701   Thumb Code    58  __dczerorl.o(.text)
    OSStartHighRdy                           0x0800073d   Thumb Code     0  os_cpu_a.o(CODE)
    OS_CPU_PendSVHandler                     0x0800075f   Thumb Code     0  os_cpu_a.o(CODE)
    AppTask_Buzzer                           0x080009b9   Thumb Code   116  task_buzzer.o(i.AppTask_Buzzer)
    AppTask_Download                         0x08000a31   Thumb Code  1324  task_download.o(i.AppTask_Download)
    AppTask_Key                              0x08000f65   Thumb Code    72  task_key.o(i.AppTask_Key)
    AppTask_LED_WDG                          0x08000fb5   Thumb Code   124  task_led_wdg.o(i.AppTask_LED_WDG)
    BSP_Buzzer_Off                           0x08001039   Thumb Code    12  bsp_gpio.o(i.BSP_Buzzer_Off)
    BSP_Buzzer_On                            0x08001049   Thumb Code    12  bsp_gpio.o(i.BSP_Buzzer_On)
    BSP_CPU_ClkFreq                          0x08001059   Thumb Code    28  bsp.o(i.BSP_CPU_ClkFreq)
    BSP_GPIO_Init                            0x08001079   Thumb Code   182  bsp_gpio.o(i.BSP_GPIO_Init)
    BSP_IWDG_Feed                            0x08001145   Thumb Code     8  bsp_iwdg.o(i.BSP_IWDG_Feed)
    BSP_IWDG_Init                            0x0800114d   Thumb Code    34  bsp_iwdg.o(i.BSP_IWDG_Init)
    BSP_Init                                 0x0800116f   Thumb Code    20  bsp.o(i.BSP_Init)
    BSP_Key_Read                             0x08001185   Thumb Code    36  bsp_gpio.o(i.BSP_Key_Read)
    BSP_LED_Off                              0x080011b1   Thumb Code    16  bsp_gpio.o(i.BSP_LED_Off)
    BSP_LED_On                               0x080011c1   Thumb Code    16  bsp_gpio.o(i.BSP_LED_On)
    BSP_LED_Toggle                           0x080011d1   Thumb Code     8  bsp_gpio.o(i.BSP_LED_Toggle)
    BSP_SD_CS_High                           0x080011d9   Thumb Code    14  bsp_gpio.o(i.BSP_SD_CS_High)
    BSP_SD_CS_Low                            0x080011ed   Thumb Code    14  bsp_gpio.o(i.BSP_SD_CS_Low)
    BSP_SPI2_Init                            0x08001201   Thumb Code   138  bsp_spi_sd.o(i.BSP_SPI2_Init)
    BSP_USART1_GetRecvBuf                    0x08001295   Thumb Code     4  bsp_usart.o(i.BSP_USART1_GetRecvBuf)
    BSP_USART1_GetRecvLen                    0x0800129d   Thumb Code     6  bsp_usart.o(i.BSP_USART1_GetRecvLen)
    BSP_USART1_IRQHandler                    0x080012a9   Thumb Code    96  bsp_usart.o(i.BSP_USART1_IRQHandler)
    BSP_USART1_RecvStart                     0x0800131d   Thumb Code    22  bsp_usart.o(i.BSP_USART1_RecvStart)
    BSP_USART1_Send                          0x0800133d   Thumb Code    56  bsp_usart.o(i.BSP_USART1_Send)
    BSP_USART2_Printf                        0x08001379   Thumb Code    88  bsp_usart.o(i.BSP_USART2_Printf)
    BSP_USART_Init                           0x080013d5   Thumb Code   270  bsp_usart.o(i.BSP_USART_Init)
    BusFault_Handler                         0x08001505   Thumb Code     4  stm32f10x_it.o(i.BusFault_Handler)
    CPU_Init                                 0x0800153f   Thumb Code    16  cpu_core.o(i.CPU_Init)
    CPU_IntDisMeasMaxCurGet                  0x080015f1   Thumb Code    40  cpu_core.o(i.CPU_IntDisMeasMaxCurGet)
    CPU_IntDisMeasMaxCurReset                0x0800161d   Thumb Code    40  cpu_core.o(i.CPU_IntDisMeasMaxCurReset)
    CPU_IntDisMeasMaxGet                     0x08001649   Thumb Code    40  cpu_core.o(i.CPU_IntDisMeasMaxGet)
    CPU_IntDisMeasStart                      0x08001675   Thumb Code    38  cpu_core.o(i.CPU_IntDisMeasStart)
    CPU_IntDisMeasStop                       0x080016a9   Thumb Code    62  cpu_core.o(i.CPU_IntDisMeasStop)
    CPU_NameClr                              0x080016fd   Thumb Code    50  cpu_core.o(i.CPU_NameClr)
    CPU_TS_TmrFreqSet                        0x08001751   Thumb Code     6  cpu_core.o(i.CPU_TS_TmrFreqSet)
    CPU_TS_TmrInit                           0x0800175d   Thumb Code    44  bsp.o(i.CPU_TS_TmrInit)
    CPU_TS_TmrRd                             0x08001791   Thumb Code     6  bsp.o(i.CPU_TS_TmrRd)
    CRC32_Calc                               0x0800179d   Thumb Code    58  crc32.o(i.CRC32_Calc)
    CRC32_GetResult                          0x080017d9   Thumb Code     8  crc32.o(i.CRC32_GetResult)
    CRC32_Reset                              0x080017e5   Thumb Code    10  crc32.o(i.CRC32_Reset)
    CRC32_Update                             0x080017f5   Thumb Code    44  crc32.o(i.CRC32_Update)
    DebugMon_Handler                         0x08001935   Thumb Code     2  stm32f10x_it.o(i.DebugMon_Handler)
    GPIO_Init                                0x08001937   Thumb Code   278  stm32f10x_gpio.o(i.GPIO_Init)
    GPIO_PinRemapConfig                      0x08001a4d   Thumb Code   138  stm32f10x_gpio.o(i.GPIO_PinRemapConfig)
    GPIO_ReadInputDataBit                    0x08001add   Thumb Code    18  stm32f10x_gpio.o(i.GPIO_ReadInputDataBit)
    GPIO_ResetBits                           0x08001aef   Thumb Code     4  stm32f10x_gpio.o(i.GPIO_ResetBits)
    GPIO_SetBits                             0x08001af3   Thumb Code     4  stm32f10x_gpio.o(i.GPIO_SetBits)
    HardFault_Handler                        0x08001af7   Thumb Code     4  stm32f10x_it.o(i.HardFault_Handler)
    IWDG_Enable                              0x08001afd   Thumb Code    10  stm32f10x_iwdg.o(i.IWDG_Enable)
    IWDG_ReloadCounter                       0x08001b0d   Thumb Code    10  stm32f10x_iwdg.o(i.IWDG_ReloadCounter)
    IWDG_SetPrescaler                        0x08001b1d   Thumb Code     6  stm32f10x_iwdg.o(i.IWDG_SetPrescaler)
    IWDG_SetReload                           0x08001b29   Thumb Code     6  stm32f10x_iwdg.o(i.IWDG_SetReload)
    IWDG_WriteAccessCmd                      0x08001b35   Thumb Code     6  stm32f10x_iwdg.o(i.IWDG_WriteAccessCmd)
    MemManage_Handler                        0x08001c11   Thumb Code     4  stm32f10x_it.o(i.MemManage_Handler)
    Mem_Clr                                  0x08001c15   Thumb Code    18  lib_mem.o(i.Mem_Clr)
    Mem_Init                                 0x08001c29   Thumb Code    54  lib_mem.o(i.Mem_Init)
    Mem_Set                                  0x08001c71   Thumb Code    98  lib_mem.o(i.Mem_Set)
    NMI_Handler                              0x08001cd3   Thumb Code     2  stm32f10x_it.o(i.NMI_Handler)
    NVIC_Init                                0x08001cd5   Thumb Code   100  misc.o(i.NVIC_Init)
    OSCfg_Init                               0x08001d45   Thumb Code     2  os_cfg_app.o(i.OSCfg_Init)
    OSIdleTaskHook                           0x08001d49   Thumb Code    16  os_cpu_c.o(i.OSIdleTaskHook)
    OSInit                                   0x08001d5d   Thumb Code   288  os_core.o(i.OSInit)
    OSInitHook                               0x08001edd   Thumb Code    42  os_cpu_c.o(i.OSInitHook)
    OSIntEnter                               0x08001f15   Thumb Code    34  os_core.o(i.OSIntEnter)
    OSIntExit                                0x08001f41   Thumb Code   192  os_core.o(i.OSIntExit)
    OSMutexCreate                            0x08002025   Thumb Code   216  os_mutex.o(i.OSMutexCreate)
    OSMutexPend                              0x0800210d   Thumb Code   788  os_mutex.o(i.OSMutexPend)
    OSMutexPost                              0x08002435   Thumb Code   646  os_mutex.o(i.OSMutexPost)
    OSQCreate                                0x080026d5   Thumb Code   224  os_q.o(i.OSQCreate)
    OSQPend                                  0x080027c5   Thumb Code   560  os_q.o(i.OSQPend)
    OSQPost                                  0x08002a05   Thumb Code   176  os_q.o(i.OSQPost)
    OSSched                                  0x08002abd   Thumb Code   134  os_core.o(i.OSSched)
    OSSchedLock                              0x08002b65   Thumb Code   112  os_core.o(i.OSSchedLock)
    OSSchedRoundRobinCfg                     0x08002be1   Thumb Code    96  os_core.o(i.OSSchedRoundRobinCfg)
    OSSchedUnlock                            0x08002c4d   Thumb Code   148  os_core.o(i.OSSchedUnlock)
    OSSemCreate                              0x08002ced   Thumb Code   210  os_sem.o(i.OSSemCreate)
    OSSemPend                                0x08002dd1   Thumb Code   524  os_sem.o(i.OSSemPend)
    OSSemPost                                0x08002fed   Thumb Code   144  os_sem.o(i.OSSemPost)
    OSStart                                  0x08003085   Thumb Code    78  os_core.o(i.OSStart)
    OSStatReset                              0x080030ed   Thumb Code   316  os_stat.o(i.OSStatReset)
    OSStatTaskCPUUsageInit                   0x08003255   Thumb Code   228  os_stat.o(i.OSStatTaskCPUUsageInit)
    OSStatTaskHook                           0x08003355   Thumb Code    16  os_cpu_c.o(i.OSStatTaskHook)
    OSTaskCreate                             0x08003369   Thumb Code   624  os_task.o(i.OSTaskCreate)
    OSTaskCreateHook                         0x080035fd   Thumb Code    20  os_cpu_c.o(i.OSTaskCreateHook)
    OSTaskDel                                0x08003615   Thumb Code   490  os_task.o(i.OSTaskDel)
    OSTaskDelHook                            0x0800381d   Thumb Code    20  os_cpu_c.o(i.OSTaskDelHook)
    OSTaskResume                             0x08003835   Thumb Code   124  os_task.o(i.OSTaskResume)
    OSTaskReturnHook                         0x080038bd   Thumb Code    20  os_cpu_c.o(i.OSTaskReturnHook)
    OSTaskSemPend                            0x080038d5   Thumb Code   578  os_task.o(i.OSTaskSemPend)
    OSTaskStkChk                             0x08003b25   Thumb Code   220  os_task.o(i.OSTaskStkChk)
    OSTaskStkInit                            0x08003c09   Thumb Code   188  os_cpu_c.o(i.OSTaskStkInit)
    OSTaskSuspend                            0x08003cc9   Thumb Code    78  os_task.o(i.OSTaskSuspend)
    OSTaskSwHook                             0x08003d29   Thumb Code   146  os_cpu_c.o(i.OSTaskSwHook)
    OSTimeDly                                0x08003dcd   Thumb Code   322  os_time.o(i.OSTimeDly)
    OSTimeDlyHMSM                            0x08003f1d   Thumb Code   538  os_time.o(i.OSTimeDlyHMSM)
    OSTimeGet                                0x08004149   Thumb Code    54  os_time.o(i.OSTimeGet)
    OSTimeTick                               0x08004185   Thumb Code    54  os_time.o(i.OSTimeTick)
    OSTimeTickHook                           0x080041c9   Thumb Code    16  os_cpu_c.o(i.OSTimeTickHook)
    OS_CPU_SysTickHandler                    0x080041dd   Thumb Code    60  os_cpu_c.o(i.OS_CPU_SysTickHandler)
    OS_CPU_SysTickInit                       0x0800421d   Thumb Code    46  os_cpu_c.o(i.OS_CPU_SysTickInit)
    OS_Dbg_Init                              0x08004251   Thumb Code   148  os_dbg.o(i.OS_Dbg_Init)
    OS_FlagInit                              0x080043fd   Thumb Code    14  os_flag.o(i.OS_FlagInit)
    OS_FlagPost                              0x08004415   Thumb Code   626  os_flag.o(i.OS_FlagPost)
    OS_FlagTaskRdy                           0x08004691   Thumb Code    86  os_flag.o(i.OS_FlagTaskRdy)
    OS_IdleTask                              0x080046e9   Thumb Code    68  os_core.o(i.OS_IdleTask)
    OS_IdleTaskInit                          0x08004735   Thumb Code    66  os_core.o(i.OS_IdleTaskInit)
    OS_IntQPost                              0x080047a5   Thumb Code   224  os_int.o(i.OS_IntQPost)
    OS_IntQRePost                            0x080048a9   Thumb Code   360  os_int.o(i.OS_IntQRePost)
    OS_IntQTask                              0x08004a4d   Thumb Code   182  os_int.o(i.OS_IntQTask)
    OS_IntQTaskInit                          0x08004b15   Thumb Code   206  os_int.o(i.OS_IntQTaskInit)
    OS_MsgPoolInit                           0x08004c3d   Thumb Code   110  os_msg.o(i.OS_MsgPoolInit)
    OS_MsgQFreeAll                           0x08004cb9   Thumb Code    62  os_msg.o(i.OS_MsgQFreeAll)
    OS_MsgQGet                               0x08004cfd   Thumb Code    98  os_msg.o(i.OS_MsgQGet)
    OS_MsgQInit                              0x08004d65   Thumb Code    14  os_msg.o(i.OS_MsgQInit)
    OS_MsgQPut                               0x08004d75   Thumb Code   254  os_msg.o(i.OS_MsgQPut)
    OS_MutexDbgListAdd                       0x08004e79   Thumb Code    38  os_mutex.o(i.OS_MutexDbgListAdd)
    OS_MutexInit                             0x08004ea9   Thumb Code    14  os_mutex.o(i.OS_MutexInit)
    OS_Pend                                  0x08004ec1   Thumb Code    98  os_core.o(i.OS_Pend)
    OS_PendDataInit                          0x08004f29   Thumb Code    38  os_core.o(i.OS_PendDataInit)
    OS_PendDbgNameAdd                        0x08004f51   Thumb Code    66  os_core.o(i.OS_PendDbgNameAdd)
    OS_PendDbgNameRemove                     0x08004fad   Thumb Code    30  os_core.o(i.OS_PendDbgNameRemove)
    OS_PendListChangePrio                    0x08004fd1   Thumb Code    70  os_core.o(i.OS_PendListChangePrio)
    OS_PendListInit                          0x08005017   Thumb Code    10  os_core.o(i.OS_PendListInit)
    OS_PendListInsertPrio                    0x08005021   Thumb Code   102  os_core.o(i.OS_PendListInsertPrio)
    OS_PendListRemove                        0x08005087   Thumb Code    48  os_core.o(i.OS_PendListRemove)
    OS_PendListRemove1                       0x080050b7   Thumb Code    66  os_core.o(i.OS_PendListRemove1)
    OS_Post                                  0x080050f9   Thumb Code   192  os_core.o(i.OS_Post)
    OS_Post1                                 0x080051b9   Thumb Code    42  os_core.o(i.OS_Post1)
    OS_PrioGetHighest                        0x080051e5   Thumb Code    36  os_prio.o(i.OS_PrioGetHighest)
    OS_PrioInit                              0x0800520d   Thumb Code    20  os_prio.o(i.OS_PrioInit)
    OS_PrioInsert                            0x08005225   Thumb Code    32  os_prio.o(i.OS_PrioInsert)
    OS_PrioRemove                            0x08005249   Thumb Code    32  os_prio.o(i.OS_PrioRemove)
    OS_QDbgListAdd                           0x0800526d   Thumb Code    38  os_q.o(i.OS_QDbgListAdd)
    OS_QInit                                 0x0800529d   Thumb Code    14  os_q.o(i.OS_QInit)
    OS_QPost                                 0x080052b5   Thumb Code   382  os_q.o(i.OS_QPost)
    OS_RdyListInit                           0x0800543d   Thumb Code    32  os_core.o(i.OS_RdyListInit)
    OS_RdyListInsert                         0x08005461   Thumb Code    40  os_core.o(i.OS_RdyListInsert)
    OS_RdyListInsertHead                     0x0800548d   Thumb Code    58  os_core.o(i.OS_RdyListInsertHead)
    OS_RdyListInsertTail                     0x080054cd   Thumb Code    56  os_core.o(i.OS_RdyListInsertTail)
    OS_RdyListMoveHeadToTail                 0x08005509   Thumb Code    68  os_core.o(i.OS_RdyListMoveHeadToTail)
    OS_RdyListRemove                         0x0800554d   Thumb Code    86  os_core.o(i.OS_RdyListRemove)
    OS_Sched0                                0x080055a9   Thumb Code    72  os_core.o(i.OS_Sched0)
    OS_SchedLockTimeMeasStart                0x08005605   Thumb Code    20  os_core.o(i.OS_SchedLockTimeMeasStart)
    OS_SchedLockTimeMeasStop                 0x08005621   Thumb Code    44  os_core.o(i.OS_SchedLockTimeMeasStop)
    OS_SchedRoundRobin                       0x0800565d   Thumb Code   218  os_core.o(i.OS_SchedRoundRobin)
    OS_SemDbgListAdd                         0x08005749   Thumb Code    38  os_sem.o(i.OS_SemDbgListAdd)
    OS_SemInit                               0x08005779   Thumb Code    14  os_sem.o(i.OS_SemInit)
    OS_SemPost                               0x08005791   Thumb Code   404  os_sem.o(i.OS_SemPost)
    OS_StatTask                              0x08005929   Thumb Code   878  os_stat.o(i.OS_StatTask)
    OS_StatTaskInit                          0x08005ce1   Thumb Code   136  os_stat.o(i.OS_StatTaskInit)
    OS_TaskBlock                             0x08005dad   Thumb Code    56  os_core.o(i.OS_TaskBlock)
    OS_TaskDbgListAdd                        0x08005de5   Thumb Code    42  os_task.o(i.OS_TaskDbgListAdd)
    OS_TaskDbgListRemove                     0x08005e15   Thumb Code    64  os_task.o(i.OS_TaskDbgListRemove)
    OS_TaskInit                              0x08005e59   Thumb Code    18  os_task.o(i.OS_TaskInit)
    OS_TaskInitTCB                           0x08005e79   Thumb Code   194  os_task.o(i.OS_TaskInitTCB)
    OS_TaskQPost                             0x08005f49   Thumb Code   606  os_task.o(i.OS_TaskQPost)
    OS_TaskRdy                               0x080061b5   Thumb Code    28  os_core.o(i.OS_TaskRdy)
    OS_TaskResume                            0x080061d1   Thumb Code   374  os_task.o(i.OS_TaskResume)
    OS_TaskReturn                            0x0800634d   Thumb Code    20  os_task.o(i.OS_TaskReturn)
    OS_TaskSemPost                           0x08006365   Thumb Code  1438  os_task.o(i.OS_TaskSemPost)
    OS_TaskSuspend                           0x0800690d   Thumb Code   392  os_task.o(i.OS_TaskSuspend)
    OS_TickListInit                          0x08006a9d   Thumb Code    32  os_tick.o(i.OS_TickListInit)
    OS_TickListInsert                        0x08006ac5   Thumb Code   430  os_tick.o(i.OS_TickListInsert)
    OS_TickListRemove                        0x08006c81   Thumb Code    56  os_tick.o(i.OS_TickListRemove)
    OS_TickListResetPeak                     0x08006cb9   Thumb Code    28  os_tick.o(i.OS_TickListResetPeak)
    OS_TickListUpdate                        0x08006cdd   Thumb Code   520  os_tick.o(i.OS_TickListUpdate)
    OS_TickTask                              0x08006efd   Thumb Code    38  os_tick.o(i.OS_TickTask)
    OS_TickTaskInit                          0x08006f29   Thumb Code   128  os_tick.o(i.OS_TickTaskInit)
    OS_TmrInit                               0x08006fe1   Thumb Code   206  os_tmr.o(i.OS_TmrInit)
    OS_TmrLink                               0x08007109   Thumb Code   196  os_tmr.o(i.OS_TmrLink)
    OS_TmrResetPeak                          0x080071d9   Thumb Code    28  os_tmr.o(i.OS_TmrResetPeak)
    OS_TmrTask                               0x080071fd   Thumb Code   176  os_tmr.o(i.OS_TmrTask)
    OS_TmrUnlink                             0x080072bd   Thumb Code    72  os_tmr.o(i.OS_TmrUnlink)
    Proto_BuildCompleteCmd                   0x0800730d   Thumb Code   102  protocol.o(i.Proto_BuildCompleteCmd)
    Proto_BuildDataCmd                       0x08007373   Thumb Code   212  protocol.o(i.Proto_BuildDataCmd)
    Proto_BuildFrame                         0x08007449   Thumb Code   218  protocol.o(i.Proto_BuildFrame)
    Proto_BuildStartCmd                      0x08007529   Thumb Code   116  protocol.o(i.Proto_BuildStartCmd)
    Proto_BuildTerminateCmd                  0x0800759d   Thumb Code    72  protocol.o(i.Proto_BuildTerminateCmd)
    Proto_BuildUpdateCmd                     0x080075e5   Thumb Code    32  protocol.o(i.Proto_BuildUpdateCmd)
    Proto_Checksum                           0x08007605   Thumb Code    32  protocol.o(i.Proto_Checksum)
    Proto_ParseFrame                         0x08007625   Thumb Code   220  protocol.o(i.Proto_ParseFrame)
    Proto_ParseReply                         0x08007701   Thumb Code   120  protocol.o(i.Proto_ParseReply)
    RCC_APB1PeriphClockCmd                   0x08007779   Thumb Code    26  stm32f10x_rcc.o(i.RCC_APB1PeriphClockCmd)
    RCC_APB2PeriphClockCmd                   0x08007799   Thumb Code    26  stm32f10x_rcc.o(i.RCC_APB2PeriphClockCmd)
    RCC_GetClocksFreq                        0x080077b9   Thumb Code   192  stm32f10x_rcc.o(i.RCC_GetClocksFreq)
    SD_FileClose                             0x0800788d   Thumb Code    22  sd_card.o(i.SD_FileClose)
    SD_FileGetSize                           0x080078ad   Thumb Code    20  sd_card.o(i.SD_FileGetSize)
    SD_FileOpen                              0x080078c9   Thumb Code    68  sd_card.o(i.SD_FileOpen)
    SD_FileRead                              0x08007921   Thumb Code    64  sd_card.o(i.SD_FileRead)
    SD_FileSeek                              0x08007969   Thumb Code    42  sd_card.o(i.SD_FileSeek)
    SD_Init                                  0x080079a1   Thumb Code    56  sd_card.o(i.SD_Init)
    SD_IsPresent                             0x080079e5   Thumb Code     6  sd_card.o(i.SD_IsPresent)
    SD_SPI_Init                              0x080079f1   Thumb Code   294  bsp_spi_sd.o(i.SD_SPI_Init)
    SD_SPI_SetHighSpeed                      0x08007b19   Thumb Code    38  bsp_spi_sd.o(i.SD_SPI_SetHighSpeed)
    SPI_Cmd                                  0x08007b7d   Thumb Code    24  stm32f10x_spi.o(i.SPI_Cmd)
    SPI_I2S_GetFlagStatus                    0x08007b95   Thumb Code    18  stm32f10x_spi.o(i.SPI_I2S_GetFlagStatus)
    SPI_I2S_ReceiveData                      0x08007ba7   Thumb Code     6  stm32f10x_spi.o(i.SPI_I2S_ReceiveData)
    SPI_I2S_SendData                         0x08007bad   Thumb Code     4  stm32f10x_spi.o(i.SPI_I2S_SendData)
    SPI_Init                                 0x08007bb1   Thumb Code    60  stm32f10x_spi.o(i.SPI_Init)
    SVC_Handler                              0x08007bed   Thumb Code     2  stm32f10x_it.o(i.SVC_Handler)
    SoftReset                                0x08007cd9   Thumb Code    34  bsp.o(i.SoftReset)
    SysState_GetDataSource                   0x08007d05   Thumb Code    36  sys_state.o(i.SysState_GetDataSource)
    SysState_GetFwType                       0x08007d31   Thumb Code    36  sys_state.o(i.SysState_GetFwType)
    SysState_GetLEDBlinkPeriod               0x08007d5d   Thumb Code    48  sys_state.o(i.SysState_GetLEDBlinkPeriod)
    SysState_Init                            0x08007d95   Thumb Code    28  sys_state.o(i.SysState_Init)
    SysState_IsTransferLocked                0x08007dcd   Thumb Code    36  sys_state.o(i.SysState_IsTransferLocked)
    SysState_SetDataSource                   0x08007df9   Thumb Code    36  sys_state.o(i.SysState_SetDataSource)
    SysState_SetFwType                       0x08007e25   Thumb Code    36  sys_state.o(i.SysState_SetFwType)
    SysState_SetTransferLock                 0x08007e51   Thumb Code    36  sys_state.o(i.SysState_SetTransferLock)
    SystemInit                               0x08007e7d   Thumb Code    78  system_stm32f10x.o(i.SystemInit)
    USART1_IRQHandler                        0x08007edd   Thumb Code    16  stm32f10x_it.o(i.USART1_IRQHandler)
    USART_Cmd                                0x08007eed   Thumb Code    24  stm32f10x_usart.o(i.USART_Cmd)
    USART_GetFlagStatus                      0x08007f05   Thumb Code    26  stm32f10x_usart.o(i.USART_GetFlagStatus)
    USART_GetITStatus                        0x08007f1f   Thumb Code    84  stm32f10x_usart.o(i.USART_GetITStatus)
    USART_ITConfig                           0x08007f73   Thumb Code    74  stm32f10x_usart.o(i.USART_ITConfig)
    USART_Init                               0x08007fbd   Thumb Code   210  stm32f10x_usart.o(i.USART_Init)
    USART_ReceiveData                        0x08008095   Thumb Code    10  stm32f10x_usart.o(i.USART_ReceiveData)
    USART_SendData                           0x0800809f   Thumb Code     8  stm32f10x_usart.o(i.USART_SendData)
    UsageFault_Handler                       0x080080a7   Thumb Code     4  stm32f10x_it.o(i.UsageFault_Handler)
    __0vsnprintf                             0x080080ad   Thumb Code    40  printfa.o(i.__0vsnprintf)
    __1vsnprintf                             0x080080ad   Thumb Code     0  printfa.o(i.__0vsnprintf)
    __2vsnprintf                             0x080080ad   Thumb Code     0  printfa.o(i.__0vsnprintf)
    __c89vsnprintf                           0x080080ad   Thumb Code     0  printfa.o(i.__0vsnprintf)
    vsnprintf                                0x080080ad   Thumb Code     0  printfa.o(i.__0vsnprintf)
    __scatterload_copy                       0x080080d9   Thumb Code    14  handlers.o(i.__scatterload_copy)
    __scatterload_null                       0x080080e7   Thumb Code     2  handlers.o(i.__scatterload_null)
    __scatterload_zeroinit                   0x080080e9   Thumb Code    14  handlers.o(i.__scatterload_zeroinit)
    disk_initialize                          0x080089c1   Thumb Code    52  diskio.o(i.disk_initialize)
    f_close                                  0x080089f9   Thumb Code     6  ff.o(i.f_close)
    f_lseek                                  0x080089ff   Thumb Code    14  ff.o(i.f_lseek)
    f_mount                                  0x08008a0d   Thumb Code    42  ff.o(i.f_mount)
    f_open                                   0x08008a37   Thumb Code     6  ff.o(i.f_open)
    f_read                                   0x08008a3d   Thumb Code    14  ff.o(i.f_read)
    f_size                                   0x08008a4b   Thumb Code    12  ff.o(i.f_size)
    main                                     0x08008a59   Thumb Code    66  app.o(i.main)
    crc32_table_flash                        0x08008ab8   Data        1024  crc32.o(.constdata)
    OSCfg_IdleTaskStkBasePtr                 0x08008eb8   Data           4  os_cfg_app.o(.constdata)
    OSCfg_IdleTaskStkLimit                   0x08008ebc   Data           4  os_cfg_app.o(.constdata)
    OSCfg_IdleTaskStkSize                    0x08008ec0   Data           4  os_cfg_app.o(.constdata)
    OSCfg_IdleTaskStkSizeRAM                 0x08008ec4   Data           4  os_cfg_app.o(.constdata)
    OSCfg_IntQBasePtr                        0x08008ec8   Data           4  os_cfg_app.o(.constdata)
    OSCfg_IntQSize                           0x08008ecc   Data           2  os_cfg_app.o(.constdata)
    OSCfg_IntQSizeRAM                        0x08008ed0   Data           4  os_cfg_app.o(.constdata)
    OSCfg_IntQTaskStkBasePtr                 0x08008ed4   Data           4  os_cfg_app.o(.constdata)
    OSCfg_IntQTaskStkLimit                   0x08008ed8   Data           4  os_cfg_app.o(.constdata)
    OSCfg_IntQTaskStkSize                    0x08008edc   Data           4  os_cfg_app.o(.constdata)
    OSCfg_IntQTaskStkSizeRAM                 0x08008ee0   Data           4  os_cfg_app.o(.constdata)
    OSCfg_ISRStkBasePtr                      0x08008ee4   Data           4  os_cfg_app.o(.constdata)
    OSCfg_ISRStkSize                         0x08008ee8   Data           4  os_cfg_app.o(.constdata)
    OSCfg_ISRStkSizeRAM                      0x08008eec   Data           4  os_cfg_app.o(.constdata)
    OSCfg_MsgPoolSize                        0x08008ef0   Data           2  os_cfg_app.o(.constdata)
    OSCfg_MsgPoolSizeRAM                     0x08008ef4   Data           4  os_cfg_app.o(.constdata)
    OSCfg_MsgPoolBasePtr                     0x08008ef8   Data           4  os_cfg_app.o(.constdata)
    OSCfg_StatTaskPrio                       0x08008efc   Data           1  os_cfg_app.o(.constdata)
    OSCfg_StatTaskRate_Hz                    0x08008f00   Data           4  os_cfg_app.o(.constdata)
    OSCfg_StatTaskStkBasePtr                 0x08008f04   Data           4  os_cfg_app.o(.constdata)
    OSCfg_StatTaskStkLimit                   0x08008f08   Data           4  os_cfg_app.o(.constdata)
    OSCfg_StatTaskStkSize                    0x08008f0c   Data           4  os_cfg_app.o(.constdata)
    OSCfg_StatTaskStkSizeRAM                 0x08008f10   Data           4  os_cfg_app.o(.constdata)
    OSCfg_StkSizeMin                         0x08008f14   Data           4  os_cfg_app.o(.constdata)
    OSCfg_TickRate_Hz                        0x08008f18   Data           4  os_cfg_app.o(.constdata)
    OSCfg_TickTaskPrio                       0x08008f1c   Data           1  os_cfg_app.o(.constdata)
    OSCfg_TickTaskStkBasePtr                 0x08008f20   Data           4  os_cfg_app.o(.constdata)
    OSCfg_TickTaskStkLimit                   0x08008f24   Data           4  os_cfg_app.o(.constdata)
    OSCfg_TickTaskStkSize                    0x08008f28   Data           4  os_cfg_app.o(.constdata)
    OSCfg_TickTaskStkSizeRAM                 0x08008f2c   Data           4  os_cfg_app.o(.constdata)
    OSCfg_TickWheelSize                      0x08008f30   Data           2  os_cfg_app.o(.constdata)
    OSCfg_TickWheelSizeRAM                   0x08008f34   Data           4  os_cfg_app.o(.constdata)
    OSCfg_TmrTaskPrio                        0x08008f38   Data           1  os_cfg_app.o(.constdata)
    OSCfg_TmrTaskRate_Hz                     0x08008f3c   Data           4  os_cfg_app.o(.constdata)
    OSCfg_TmrTaskStkBasePtr                  0x08008f40   Data           4  os_cfg_app.o(.constdata)
    OSCfg_TmrTaskStkLimit                    0x08008f44   Data           4  os_cfg_app.o(.constdata)
    OSCfg_TmrTaskStkSize                     0x08008f48   Data           4  os_cfg_app.o(.constdata)
    OSCfg_TmrTaskStkSizeRAM                  0x08008f4c   Data           4  os_cfg_app.o(.constdata)
    OSCfg_TmrWheelSize                       0x08008f50   Data           2  os_cfg_app.o(.constdata)
    OSCfg_TmrWheelSizeRAM                    0x08008f54   Data           4  os_cfg_app.o(.constdata)
    OSCfg_DataSizeRAM                        0x08008f58   Data           4  os_cfg_app.o(.constdata)
    OSDbg_DbgEn                              0x08008f5c   Data           1  os_dbg.o(.constdata)
    OSDbg_ArgChkEn                           0x08008f5d   Data           1  os_dbg.o(.constdata)
    OSDbg_AppHooksEn                         0x08008f5e   Data           1  os_dbg.o(.constdata)
    OSDbg_EndiannessTest                     0x08008f60   Data           4  os_dbg.o(.constdata)
    OSDbg_CalledFromISRChkEn                 0x08008f64   Data           1  os_dbg.o(.constdata)
    OSDbg_FlagEn                             0x08008f65   Data           1  os_dbg.o(.constdata)
    OSDbg_FlagGrp                            0x08008f68   Data          40  os_dbg.o(.constdata)
    OSDbg_FlagDelEn                          0x08008f90   Data           1  os_dbg.o(.constdata)
    OSDbg_FlagModeClrEn                      0x08008f91   Data           1  os_dbg.o(.constdata)
    OSDbg_FlagPendAbortEn                    0x08008f92   Data           1  os_dbg.o(.constdata)
    OSDbg_FlagGrpSize                        0x08008f94   Data           2  os_dbg.o(.constdata)
    OSDbg_FlagWidth                          0x08008f96   Data           2  os_dbg.o(.constdata)
    OSDbg_IntQ                               0x08008f98   Data           2  os_dbg.o(.constdata)
    OSDbg_ISRPostDeferredEn                  0x08008f9a   Data           1  os_dbg.o(.constdata)
    OSDbg_Mem                                0x08008f9c   Data          32  os_dbg.o(.constdata)
    OSDbg_MemEn                              0x08008fbc   Data           1  os_dbg.o(.constdata)
    OSDbg_MemSize                            0x08008fbe   Data           2  os_dbg.o(.constdata)
    OSDbg_MsgEn                              0x08008fc0   Data           1  os_dbg.o(.constdata)
    OSDbg_MsgSize                            0x08008fc2   Data           2  os_dbg.o(.constdata)
    OSDbg_MsgPoolSize                        0x08008fc4   Data           2  os_dbg.o(.constdata)
    OSDbg_MsgQSize                           0x08008fc6   Data           2  os_dbg.o(.constdata)
    OSDbg_Mutex                              0x08008fc8   Data          44  os_dbg.o(.constdata)
    OSDbg_MutexEn                            0x08008ff4   Data           1  os_dbg.o(.constdata)
    OSDbg_MutexDelEn                         0x08008ff5   Data           1  os_dbg.o(.constdata)
    OSDbg_MutexPendAbortEn                   0x08008ff6   Data           1  os_dbg.o(.constdata)
    OSDbg_MutexSize                          0x08008ff8   Data           2  os_dbg.o(.constdata)
    OSDbg_ObjTypeChkEn                       0x08008ffa   Data           1  os_dbg.o(.constdata)
    OSDbg_PendMultiEn                        0x08008ffb   Data           1  os_dbg.o(.constdata)
    OSDbg_PendDataSize                       0x08008ffc   Data           2  os_dbg.o(.constdata)
    OSDbg_PendListSize                       0x08008ffe   Data           2  os_dbg.o(.constdata)
    OSDbg_PendObjSize                        0x08009000   Data           2  os_dbg.o(.constdata)
    OSDbg_PrioMax                            0x08009002   Data           2  os_dbg.o(.constdata)
    OSDbg_PrioTblSize                        0x08009004   Data           2  os_dbg.o(.constdata)
    OSDbg_PtrSize                            0x08009006   Data           2  os_dbg.o(.constdata)
    OSDbg_Q                                  0x08009008   Data          48  os_dbg.o(.constdata)
    OSDbg_QEn                                0x08009038   Data           1  os_dbg.o(.constdata)
    OSDbg_QDelEn                             0x08009039   Data           1  os_dbg.o(.constdata)
    OSDbg_QFlushEn                           0x0800903a   Data           1  os_dbg.o(.constdata)
    OSDbg_QPendAbortEn                       0x0800903b   Data           1  os_dbg.o(.constdata)
    OSDbg_QSize                              0x0800903c   Data           2  os_dbg.o(.constdata)
    OSDbg_SchedRoundRobinEn                  0x0800903e   Data           1  os_dbg.o(.constdata)
    OSDbg_Sem                                0x08009040   Data          40  os_dbg.o(.constdata)
    OSDbg_SemEn                              0x08009068   Data           1  os_dbg.o(.constdata)
    OSDbg_SemDelEn                           0x08009069   Data           1  os_dbg.o(.constdata)
    OSDbg_SemPendAbortEn                     0x0800906a   Data           1  os_dbg.o(.constdata)
    OSDbg_SemSetEn                           0x0800906b   Data           1  os_dbg.o(.constdata)
    OSDbg_SemSize                            0x0800906c   Data           2  os_dbg.o(.constdata)
    OSDbg_RdyList                            0x0800906e   Data           2  os_dbg.o(.constdata)
    OSDbg_RdyListSize                        0x08009070   Data           4  os_dbg.o(.constdata)
    OSDbg_StkWidth                           0x08009074   Data           1  os_dbg.o(.constdata)
    OSDbg_StatTaskEn                         0x08009075   Data           1  os_dbg.o(.constdata)
    OSDbg_StatTaskStkChkEn                   0x08009076   Data           1  os_dbg.o(.constdata)
    OSDbg_TaskChangePrioEn                   0x08009077   Data           1  os_dbg.o(.constdata)
    OSDbg_TaskDelEn                          0x08009078   Data           1  os_dbg.o(.constdata)
    OSDbg_TaskQEn                            0x08009079   Data           1  os_dbg.o(.constdata)
    OSDbg_TaskQPendAbortEn                   0x0800907a   Data           1  os_dbg.o(.constdata)
    OSDbg_TaskProfileEn                      0x0800907b   Data           1  os_dbg.o(.constdata)
    OSDbg_TaskRegTblSize                     0x0800907c   Data           2  os_dbg.o(.constdata)
    OSDbg_TaskSemPendAbortEn                 0x0800907e   Data           1  os_dbg.o(.constdata)
    OSDbg_TaskSuspendEn                      0x0800907f   Data           1  os_dbg.o(.constdata)
    OSDbg_TCBSize                            0x08009080   Data           2  os_dbg.o(.constdata)
    OSDbg_TickSpokeSize                      0x08009082   Data           2  os_dbg.o(.constdata)
    OSDbg_TimeDlyHMSMEn                      0x08009084   Data           1  os_dbg.o(.constdata)
    OSDbg_TimeDlyResumeEn                    0x08009085   Data           1  os_dbg.o(.constdata)
    OSDbg_TLS_TblSize                        0x08009086   Data           2  os_dbg.o(.constdata)
    OSDbg_Tmr                                0x08009088   Data          52  os_dbg.o(.constdata)
    OSDbg_TmrEn                              0x080090bc   Data           1  os_dbg.o(.constdata)
    OSDbg_TmrDelEn                           0x080090bd   Data           1  os_dbg.o(.constdata)
    OSDbg_TmrSize                            0x080090be   Data           2  os_dbg.o(.constdata)
    OSDbg_TmrSpokeSize                       0x080090c0   Data           2  os_dbg.o(.constdata)
    OSDbg_VersionNbr                         0x080090c2   Data           2  os_dbg.o(.constdata)
    OSDbg_DataSize                           0x080090c4   Data           4  os_dbg.o(.constdata)
    Region$$Table$$Base                      0x080090c8   Number         0  anon$$obj.o(Region$$Table)
    Region$$Table$$Limit                     0x080090e8   Number         0  anon$$obj.o(Region$$Table)
    g_crc_state                              0x2000001c   Data           4  crc32.o(.data)
    CPU_TS_TmrFreq_Hz                        0x20000038   Data           4  cpu_core.o(.data)
    CPU_IntDisMeasCtr                        0x2000003c   Data           2  cpu_core.o(.data)
    CPU_IntDisNestCtr                        0x2000003e   Data           2  cpu_core.o(.data)
    CPU_IntDisMeasStart_cnts                 0x20000040   Data           4  cpu_core.o(.data)
    CPU_IntDisMeasStop_cnts                  0x20000044   Data           4  cpu_core.o(.data)
    CPU_IntDisMeasOvrhd_cnts                 0x20000048   Data           4  cpu_core.o(.data)
    CPU_IntDisMeasMaxCur_cnts                0x2000004c   Data           4  cpu_core.o(.data)
    CPU_IntDisMeasMax_cnts                   0x20000050   Data           4  cpu_core.o(.data)
    Mem_PoolTbl                              0x20000054   Data           4  lib_mem.o(.data)
    OSPrioTbl                                0x20000058   Data           4  os_prio.o(.data)
    OS_AppTaskCreateHookPtr                  0x2000005c   Data           4  os_var.o(.data)
    OS_AppTaskDelHookPtr                     0x20000060   Data           4  os_var.o(.data)
    OS_AppTaskReturnHookPtr                  0x20000064   Data           4  os_var.o(.data)
    OS_AppIdleTaskHookPtr                    0x20000068   Data           4  os_var.o(.data)
    OS_AppStatTaskHookPtr                    0x2000006c   Data           4  os_var.o(.data)
    OS_AppTaskSwHookPtr                      0x20000070   Data           4  os_var.o(.data)
    OS_AppTimeTickHookPtr                    0x20000074   Data           4  os_var.o(.data)
    OSIdleTaskCtr                            0x20000078   Data           4  os_var.o(.data)
    OSIntNestingCtr                          0x2000007c   Data           1  os_var.o(.data)
    OSIntDisTimeMax                          0x20000080   Data           4  os_var.o(.data)
    OSRunning                                0x20000084   Data           1  os_var.o(.data)
    OSIntQInPtr                              0x20000088   Data           4  os_var.o(.data)
    OSIntQOutPtr                             0x2000008c   Data           4  os_var.o(.data)
    OSIntQNbrEntries                         0x20000090   Data           2  os_var.o(.data)
    OSIntQNbrEntriesMax                      0x20000092   Data           2  os_var.o(.data)
    OSIntQOvfCtr                             0x20000094   Data           2  os_var.o(.data)
    OSIntQTaskTimeMax                        0x20000098   Data           4  os_var.o(.data)
    OSFlagDbgListPtr                         0x2000009c   Data           4  os_var.o(.data)
    OSFlagQty                                0x200000a0   Data           2  os_var.o(.data)
    OSMutexDbgListPtr                        0x200000a4   Data           4  os_var.o(.data)
    OSMutexQty                               0x200000a8   Data           2  os_var.o(.data)
    OSPrioCur                                0x200000aa   Data           1  os_var.o(.data)
    OSPrioHighRdy                            0x200000ab   Data           1  os_var.o(.data)
    OSPrioSaved                              0x200000ac   Data           1  os_var.o(.data)
    OSQDbgListPtr                            0x200000b0   Data           4  os_var.o(.data)
    OSQQty                                   0x200000b4   Data           2  os_var.o(.data)
    OSSchedLockTimeBegin                     0x200000b8   Data           4  os_var.o(.data)
    OSSchedLockTimeMax                       0x200000bc   Data           4  os_var.o(.data)
    OSSchedLockTimeMaxCur                    0x200000c0   Data           4  os_var.o(.data)
    OSSchedLockNestingCtr                    0x200000c4   Data           1  os_var.o(.data)
    OSSchedRoundRobinDfltTimeQuanta          0x200000c8   Data           4  os_var.o(.data)
    OSSchedRoundRobinEn                      0x200000cc   Data           1  os_var.o(.data)
    OSSemDbgListPtr                          0x200000d0   Data           4  os_var.o(.data)
    OSSemQty                                 0x200000d4   Data           2  os_var.o(.data)
    OSStatResetFlag                          0x200000d6   Data           1  os_var.o(.data)
    OSStatTaskCPUUsage                       0x200000d8   Data           2  os_var.o(.data)
    OSStatTaskCPUUsageMax                    0x200000da   Data           2  os_var.o(.data)
    OSStatTaskCtr                            0x200000dc   Data           4  os_var.o(.data)
    OSStatTaskCtrMax                         0x200000e0   Data           4  os_var.o(.data)
    OSStatTaskCtrRun                         0x200000e4   Data           4  os_var.o(.data)
    OSStatTaskRdy                            0x200000e8   Data           1  os_var.o(.data)
    OSStatTaskTimeMax                        0x200000ec   Data           4  os_var.o(.data)
    OSTaskCtxSwCtr                           0x200000f0   Data           4  os_var.o(.data)
    OSTaskDbgListPtr                         0x200000f4   Data           4  os_var.o(.data)
    OSTaskQty                                0x200000f8   Data           2  os_var.o(.data)
    OSTaskRegNextAvailID                     0x200000fa   Data           1  os_var.o(.data)
    OSTickCtr                                0x200000fc   Data           4  os_var.o(.data)
    OSTickTaskTimeMax                        0x20000100   Data           4  os_var.o(.data)
    OSTmrDbgListPtr                          0x20000104   Data           4  os_var.o(.data)
    OSTmrQty                                 0x20000108   Data           2  os_var.o(.data)
    OSTmrTaskTimeMax                         0x2000010c   Data           4  os_var.o(.data)
    OSTmrTickCtr                             0x20000110   Data           4  os_var.o(.data)
    OSTmrUpdateCnt                           0x20000114   Data           4  os_var.o(.data)
    OSTmrUpdateCtr                           0x20000118   Data           4  os_var.o(.data)
    OSTCBCurPtr                              0x2000011c   Data           4  os_var.o(.data)
    OSTCBHighRdyPtr                          0x20000120   Data           4  os_var.o(.data)
    OS_CPU_ExceptStkBase                     0x20000124   Data           4  os_cpu_c.o(.data)
    AppTaskStartTCB                          0x20000130   Data         200  app.o(.bss)
    AppTaskKeyTCB                            0x200001f8   Data         200  app.o(.bss)
    AppTaskBuzzerTCB                         0x200002c0   Data         200  app.o(.bss)
    AppTaskLedWdgTCB                         0x20000388   Data         200  app.o(.bss)
    AppTaskDownloadTCB                       0x20000450   Data         200  app.o(.bss)
    g_buzzer_cmd_q                           0x200027c8   Data          48  task_buzzer.o(.bss)
    g_key_event_q                            0x200027f8   Data          48  task_key.o(.bss)
    g_usart1_rx_sem                          0x20002b94   Data          40  bsp_usart.o(.bss)
    CPU_Name                                 0x20002dbc   Data          16  cpu_core.o(.bss)
    Mem_PoolHeap                             0x20002dcc   Data          72  lib_mem.o(.bss)
    Mem_Heap                                 0x20002e14   Data        4096  lib_mem.o(.bss)
    OSCfg_IdleTaskStk                        0x20003e14   Data         512  os_cfg_app.o(.bss)
    OSCfg_IntQ                               0x20004014   Data        1024  os_cfg_app.o(.bss)
    OSCfg_IntQTaskStk                        0x20004414   Data        2048  os_cfg_app.o(.bss)
    OSCfg_ISRStk                             0x20004c14   Data        1024  os_cfg_app.o(.bss)
    OSCfg_MsgPool                            0x20005014   Data        1600  os_cfg_app.o(.bss)
    OSCfg_StatTaskStk                        0x20005654   Data         512  os_cfg_app.o(.bss)
    OSCfg_TickTaskStk                        0x20005854   Data         512  os_cfg_app.o(.bss)
    OSCfg_TickWheel                          0x20005a54   Data          88  os_cfg_app.o(.bss)
    OSCfg_TmrTaskStk                         0x20005aac   Data        1024  os_cfg_app.o(.bss)
    OSCfg_TmrWheel                           0x20005eac   Data          88  os_cfg_app.o(.bss)
    OSIdleTaskTCB                            0x20005f04   Data         200  os_var.o(.bss)
    OSIntQTaskTCB                            0x20005fcc   Data         200  os_var.o(.bss)
    OSMsgPool                                0x20006094   Data          12  os_var.o(.bss)
    OSRdyList                                0x200060a0   Data         384  os_var.o(.bss)
    OSStatTaskTCB                            0x20006220   Data         200  os_var.o(.bss)
    OSTickTaskTCB                            0x200062e8   Data         200  os_var.o(.bss)
    OSTmrTaskTCB                             0x200063b0   Data         200  os_var.o(.bss)
    __initial_sp                             0x20006878   Data           0  startup_stm32f10x_hd.o(STACK)



==============================================================================

Memory Map of the image

  Image Entry point : 0x08000131

  Load Region LR_VECTOR (Base: 0x08000000, Size: 0x00009214, Max: 0x00020000, ABSOLUTE, COMPRESSED[0x00009104])

    Execution Region ER_VECTOR (Exec base: 0x08000000, Load base: 0x08000000, Size: 0x000090e8, Max: 0x00020000, ABSOLUTE)

    Exec Addr    Load Addr    Size         Type   Attr      Idx    E Section Name        Object

    0x08000000   0x08000000   0x00000130   Data   RO            3    RESET               startup_stm32f10x_hd.o
    0x08000130   0x08000130   0x00000000   Code   RO         6413  * .ARM.Collect$$$$00000000  mc_w.l(entry.o)
    0x08000130   0x08000130   0x00000004   Code   RO         6484    .ARM.Collect$$$$00000001  mc_w.l(entry2.o)
    0x08000134   0x08000134   0x00000004   Code   RO         6487    .ARM.Collect$$$$00000004  mc_w.l(entry5.o)
    0x08000138   0x08000138   0x00000000   Code   RO         6489    .ARM.Collect$$$$00000008  mc_w.l(entry7b.o)
    0x08000138   0x08000138   0x00000000   Code   RO         6491    .ARM.Collect$$$$0000000A  mc_w.l(entry8b.o)
    0x08000138   0x08000138   0x00000008   Code   RO         6492    .ARM.Collect$$$$0000000B  mc_w.l(entry9a.o)
    0x08000140   0x08000140   0x00000000   Code   RO         6494    .ARM.Collect$$$$0000000D  mc_w.l(entry10a.o)
    0x08000140   0x08000140   0x00000000   Code   RO         6496    .ARM.Collect$$$$0000000F  mc_w.l(entry11a.o)
    0x08000140   0x08000140   0x00000004   Code   RO         6485    .ARM.Collect$$$$00002712  mc_w.l(entry2.o)
    0x08000144   0x08000144   0x00000024   Code   RO            4    .text               startup_stm32f10x_hd.o
    0x08000168   0x08000168   0x00000034   Code   RO         4268    .text               cpu_a.o
    0x0800019c   0x0800019c   0x00000024   Code   RO         6416    .text               mc_w.l(memcpya.o)
    0x080001c0   0x080001c0   0x0000002c   Code   RO         6501    .text               mc_w.l(uidiv.o)
    0x080001ec   0x080001ec   0x00000062   Code   RO         6503    .text               mc_w.l(uldiv.o)
    0x0800024e   0x0800024e   0x00000000   Code   RO         6507    .text               mc_w.l(iusefp.o)
    0x0800024e   0x0800024e   0x0000014e   Code   RO         6508    .text               mf_w.l(dadd.o)
    0x0800039c   0x0800039c   0x000000e4   Code   RO         6510    .text               mf_w.l(dmul.o)
    0x08000480   0x08000480   0x000000de   Code   RO         6512    .text               mf_w.l(ddiv.o)
    0x0800055e   0x0800055e   0x00000030   Code   RO         6514    .text               mf_w.l(dfixul.o)
    0x0800058e   0x0800058e   0x00000002   PAD
    0x08000590   0x08000590   0x00000030   Code   RO         6516    .text               mf_w.l(cdrcmple.o)
    0x080005c0   0x080005c0   0x00000024   Code   RO         6518    .text               mc_w.l(init.o)
    0x080005e4   0x080005e4   0x0000001e   Code   RO         6521    .text               mc_w.l(llshl.o)
    0x08000602   0x08000602   0x00000020   Code   RO         6523    .text               mc_w.l(llushr.o)
    0x08000622   0x08000622   0x00000024   Code   RO         6525    .text               mc_w.l(llsshr.o)
    0x08000646   0x08000646   0x000000ba   Code   RO         6528    .text               mf_w.l(depilogue.o)
    0x08000700   0x08000700   0x0000003a   Code   RO         6538    .text               mc_w.l(__dczerorl.o)
    0x0800073a   0x0800073a   0x00000002   PAD
    0x0800073c   0x0800073c   0x00000084   Code   RO         5834    CODE                os_cpu_a.o
    0x080007c0   0x080007c0   0x000001f8   Code   RO         3354    i.AppTaskStart      app.o
    0x080009b8   0x080009b8   0x00000078   Code   RO         3769    i.AppTask_Buzzer    task_buzzer.o
    0x08000a30   0x08000a30   0x00000534   Code   RO         3828    i.AppTask_Download  task_download.o
    0x08000f64   0x08000f64   0x00000050   Code   RO         3792    i.AppTask_Key       task_key.o
    0x08000fb4   0x08000fb4   0x00000084   Code   RO         3816    i.AppTask_LED_WDG   task_led_wdg.o
    0x08001038   0x08001038   0x00000010   Code   RO         3915    i.BSP_Buzzer_Off    bsp_gpio.o
    0x08001048   0x08001048   0x00000010   Code   RO         3916    i.BSP_Buzzer_On     bsp_gpio.o
    0x08001058   0x08001058   0x00000020   Code   RO         3865    i.BSP_CPU_ClkFreq   bsp.o
    0x08001078   0x08001078   0x000000cc   Code   RO         3917    i.BSP_GPIO_Init     bsp_gpio.o
    0x08001144   0x08001144   0x00000008   Code   RO         3978    i.BSP_IWDG_Feed     bsp_iwdg.o
    0x0800114c   0x0800114c   0x00000022   Code   RO         3979    i.BSP_IWDG_Init     bsp_iwdg.o
    0x0800116e   0x0800116e   0x00000014   Code   RO         3866    i.BSP_Init          bsp.o
    0x08001182   0x08001182   0x00000002   PAD
    0x08001184   0x08001184   0x0000002c   Code   RO         3918    i.BSP_Key_Read      bsp_gpio.o
    0x080011b0   0x080011b0   0x00000010   Code   RO         3919    i.BSP_LED_Off       bsp_gpio.o
    0x080011c0   0x080011c0   0x00000010   Code   RO         3920    i.BSP_LED_On        bsp_gpio.o
    0x080011d0   0x080011d0   0x00000008   Code   RO         3921    i.BSP_LED_Toggle    bsp_gpio.o
    0x080011d8   0x080011d8   0x00000014   Code   RO         3922    i.BSP_SD_CS_High    bsp_gpio.o
    0x080011ec   0x080011ec   0x00000014   Code   RO         3923    i.BSP_SD_CS_Low     bsp_gpio.o
    0x08001200   0x08001200   0x00000094   Code   RO         4061    i.BSP_SPI2_Init     bsp_spi_sd.o
    0x08001294   0x08001294   0x00000008   Code   RO         3999    i.BSP_USART1_GetRecvBuf  bsp_usart.o
    0x0800129c   0x0800129c   0x0000000c   Code   RO         4000    i.BSP_USART1_GetRecvLen  bsp_usart.o
    0x080012a8   0x080012a8   0x00000074   Code   RO         4001    i.BSP_USART1_IRQHandler  bsp_usart.o
    0x0800131c   0x0800131c   0x00000020   Code   RO         4002    i.BSP_USART1_RecvStart  bsp_usart.o
    0x0800133c   0x0800133c   0x0000003c   Code   RO         4003    i.BSP_USART1_Send   bsp_usart.o
    0x08001378   0x08001378   0x0000005c   Code   RO         4004    i.BSP_USART2_Printf  bsp_usart.o
    0x080013d4   0x080013d4   0x00000130   Code   RO         4005    i.BSP_USART_Init    bsp_usart.o
    0x08001504   0x08001504   0x00000004   Code   RO         3225    i.BusFault_Handler  stm32f10x_it.o
    0x08001508   0x08001508   0x00000036   Code   RO         3770    i.Buzzer_Beep       task_buzzer.o
    0x0800153e   0x0800153e   0x00000010   Code   RO         4104    i.CPU_Init          cpu_core.o
    0x0800154e   0x0800154e   0x00000002   PAD
    0x08001550   0x08001550   0x00000084   Code   RO         4105    i.CPU_IntDisMeasInit  cpu_core.o
    0x080015d4   0x080015d4   0x0000001c   Code   RO         4106    i.CPU_IntDisMeasMaxCalc  cpu_core.o
    0x080015f0   0x080015f0   0x0000002c   Code   RO         4107    i.CPU_IntDisMeasMaxCurGet  cpu_core.o
    0x0800161c   0x0800161c   0x0000002c   Code   RO         4108    i.CPU_IntDisMeasMaxCurReset  cpu_core.o
    0x08001648   0x08001648   0x0000002c   Code   RO         4109    i.CPU_IntDisMeasMaxGet  cpu_core.o
    0x08001674   0x08001674   0x00000034   Code   RO         4110    i.CPU_IntDisMeasStart  cpu_core.o
    0x080016a8   0x080016a8   0x00000054   Code   RO         4111    i.CPU_IntDisMeasStop  cpu_core.o
    0x080016fc   0x080016fc   0x00000038   Code   RO         4112    i.CPU_NameClr       cpu_core.o
    0x08001734   0x08001734   0x00000008   Code   RO         4114    i.CPU_NameInit      cpu_core.o
    0x0800173c   0x0800173c   0x00000014   Code   RO         4118    i.CPU_TS_Init       cpu_core.o
    0x08001750   0x08001750   0x0000000c   Code   RO         4120    i.CPU_TS_TmrFreqSet  cpu_core.o
    0x0800175c   0x0800175c   0x00000034   Code   RO         3867    i.CPU_TS_TmrInit    bsp.o
    0x08001790   0x08001790   0x0000000c   Code   RO         3868    i.CPU_TS_TmrRd      bsp.o
    0x0800179c   0x0800179c   0x0000003a   Code   RO         3667    i.CRC32_Calc        crc32.o
    0x080017d6   0x080017d6   0x00000002   PAD
    0x080017d8   0x080017d8   0x0000000c   Code   RO         3668    i.CRC32_GetResult   crc32.o
    0x080017e4   0x080017e4   0x00000010   Code   RO         3669    i.CRC32_Reset       crc32.o
    0x080017f4   0x080017f4   0x00000034   Code   RO         3670    i.CRC32_Update      crc32.o
    0x08001828   0x08001828   0x0000001c   Code   RO         3829    i.DL_Beep           task_download.o
    0x08001844   0x08001844   0x00000020   Code   RO         3830    i.DL_CheckGlobalTimeout  task_download.o
    0x08001864   0x08001864   0x00000094   Code   RO         3831    i.DL_SendAndWait    task_download.o
    0x080018f8   0x080018f8   0x0000003c   Code   RO         3832    i.DL_SendTerminate  task_download.o
    0x08001934   0x08001934   0x00000002   Code   RO         3226    i.DebugMon_Handler  stm32f10x_it.o
    0x08001936   0x08001936   0x00000116   Code   RO         1388    i.GPIO_Init         stm32f10x_gpio.o
    0x08001a4c   0x08001a4c   0x00000090   Code   RO         1390    i.GPIO_PinRemapConfig  stm32f10x_gpio.o
    0x08001adc   0x08001adc   0x00000012   Code   RO         1392    i.GPIO_ReadInputDataBit  stm32f10x_gpio.o
    0x08001aee   0x08001aee   0x00000004   Code   RO         1395    i.GPIO_ResetBits    stm32f10x_gpio.o
    0x08001af2   0x08001af2   0x00000004   Code   RO         1396    i.GPIO_SetBits      stm32f10x_gpio.o
    0x08001af6   0x08001af6   0x00000004   Code   RO         3227    i.HardFault_Handler  stm32f10x_it.o
    0x08001afa   0x08001afa   0x00000002   PAD
    0x08001afc   0x08001afc   0x00000010   Code   RO         1706    i.IWDG_Enable       stm32f10x_iwdg.o
    0x08001b0c   0x08001b0c   0x00000010   Code   RO         1708    i.IWDG_ReloadCounter  stm32f10x_iwdg.o
    0x08001b1c   0x08001b1c   0x0000000c   Code   RO         1709    i.IWDG_SetPrescaler  stm32f10x_iwdg.o
    0x08001b28   0x08001b28   0x0000000c   Code   RO         1710    i.IWDG_SetReload    stm32f10x_iwdg.o
    0x08001b34   0x08001b34   0x0000000c   Code   RO         1711    i.IWDG_WriteAccessCmd  stm32f10x_iwdg.o
    0x08001b40   0x08001b40   0x000000d0   Code   RO         3793    i.Key_Scan          task_key.o
    0x08001c10   0x08001c10   0x00000004   Code   RO         3228    i.MemManage_Handler  stm32f10x_it.o
    0x08001c14   0x08001c14   0x00000012   Code   RO         4460    i.Mem_Clr           lib_mem.o
    0x08001c26   0x08001c26   0x00000002   PAD
    0x08001c28   0x08001c28   0x00000048   Code   RO         4464    i.Mem_Init          lib_mem.o
    0x08001c70   0x08001c70   0x00000062   Code   RO         4477    i.Mem_Set           lib_mem.o
    0x08001cd2   0x08001cd2   0x00000002   Code   RO         3229    i.NMI_Handler       stm32f10x_it.o
    0x08001cd4   0x08001cd4   0x00000070   Code   RO          137    i.NVIC_Init         misc.o
    0x08001d44   0x08001d44   0x00000002   Code   RO         4734    i.OSCfg_Init        os_cfg_app.o
    0x08001d46   0x08001d46   0x00000002   PAD
    0x08001d48   0x08001d48   0x00000014   Code   RO         5837    i.OSIdleTaskHook    os_cpu_c.o
    0x08001d5c   0x08001d5c   0x00000180   Code   RO         4754    i.OSInit            os_core.o
    0x08001edc   0x08001edc   0x00000038   Code   RO         5838    i.OSInitHook        os_cpu_c.o
    0x08001f14   0x08001f14   0x0000002c   Code   RO         4755    i.OSIntEnter        os_core.o
    0x08001f40   0x08001f40   0x000000e4   Code   RO         4756    i.OSIntExit         os_core.o
    0x08002024   0x08002024   0x000000e8   Code   RO         5171    i.OSMutexCreate     os_mutex.o
    0x0800210c   0x0800210c   0x00000328   Code   RO         5173    i.OSMutexPend       os_mutex.o
    0x08002434   0x08002434   0x000002a0   Code   RO         5175    i.OSMutexPost       os_mutex.o
    0x080026d4   0x080026d4   0x000000f0   Code   RO         5298    i.OSQCreate         os_q.o
    0x080027c4   0x080027c4   0x00000240   Code   RO         5301    i.OSQPend           os_q.o
    0x08002a04   0x08002a04   0x000000b8   Code   RO         5303    i.OSQPost           os_q.o
    0x08002abc   0x08002abc   0x000000a8   Code   RO         4757    i.OSSched           os_core.o
    0x08002b64   0x08002b64   0x0000007c   Code   RO         4758    i.OSSchedLock       os_core.o
    0x08002be0   0x08002be0   0x0000006c   Code   RO         4759    i.OSSchedRoundRobinCfg  os_core.o
    0x08002c4c   0x08002c4c   0x000000a0   Code   RO         4761    i.OSSchedUnlock     os_core.o
    0x08002cec   0x08002cec   0x000000e4   Code   RO         5370    i.OSSemCreate       os_sem.o
    0x08002dd0   0x08002dd0   0x0000021c   Code   RO         5372    i.OSSemPend         os_sem.o
    0x08002fec   0x08002fec   0x00000098   Code   RO         5374    i.OSSemPost         os_sem.o
    0x08003084   0x08003084   0x00000068   Code   RO         4762    i.OSStart           os_core.o
    0x080030ec   0x080030ec   0x00000168   Code   RO         5442    i.OSStatReset       os_stat.o
    0x08003254   0x08003254   0x00000100   Code   RO         5443    i.OSStatTaskCPUUsageInit  os_stat.o
    0x08003354   0x08003354   0x00000014   Code   RO         5839    i.OSStatTaskHook    os_cpu_c.o
    0x08003368   0x08003368   0x00000294   Code   RO         5473    i.OSTaskCreate      os_task.o
    0x080035fc   0x080035fc   0x00000018   Code   RO         5840    i.OSTaskCreateHook  os_cpu_c.o
    0x08003614   0x08003614   0x00000208   Code   RO         5474    i.OSTaskDel         os_task.o
    0x0800381c   0x0800381c   0x00000018   Code   RO         5841    i.OSTaskDelHook     os_cpu_c.o
    0x08003834   0x08003834   0x00000088   Code   RO         5482    i.OSTaskResume      os_task.o
    0x080038bc   0x080038bc   0x00000018   Code   RO         5842    i.OSTaskReturnHook  os_cpu_c.o
    0x080038d4   0x080038d4   0x00000250   Code   RO         5483    i.OSTaskSemPend     os_task.o
    0x08003b24   0x08003b24   0x000000e4   Code   RO         5487    i.OSTaskStkChk      os_task.o
    0x08003c08   0x08003c08   0x000000c0   Code   RO         5843    i.OSTaskStkInit     os_cpu_c.o
    0x08003cc8   0x08003cc8   0x00000060   Code   RO         5488    i.OSTaskSuspend     os_task.o
    0x08003d28   0x08003d28   0x000000a4   Code   RO         5844    i.OSTaskSwHook      os_cpu_c.o
    0x08003dcc   0x08003dcc   0x00000150   Code   RO         5688    i.OSTimeDly         os_time.o
    0x08003f1c   0x08003f1c   0x0000022c   Code   RO         5689    i.OSTimeDlyHMSM     os_time.o
    0x08004148   0x08004148   0x0000003c   Code   RO         5691    i.OSTimeGet         os_time.o
    0x08004184   0x08004184   0x00000044   Code   RO         5693    i.OSTimeTick        os_time.o
    0x080041c8   0x080041c8   0x00000014   Code   RO         5845    i.OSTimeTickHook    os_cpu_c.o
    0x080041dc   0x080041dc   0x00000040   Code   RO         5846    i.OS_CPU_SysTickHandler  os_cpu_c.o
    0x0800421c   0x0800421c   0x00000034   Code   RO         5847    i.OS_CPU_SysTickInit  os_cpu_c.o
    0x08004250   0x08004250   0x000001ac   Code   RO         5000    i.OS_Dbg_Init       os_dbg.o
    0x080043fc   0x080043fc   0x00000018   Code   RO         5025    i.OS_FlagInit       os_flag.o
    0x08004414   0x08004414   0x0000027c   Code   RO         5026    i.OS_FlagPost       os_flag.o
    0x08004690   0x08004690   0x00000056   Code   RO         5027    i.OS_FlagTaskRdy    os_flag.o
    0x080046e6   0x080046e6   0x00000002   PAD
    0x080046e8   0x080046e8   0x0000004c   Code   RO         4764    i.OS_IdleTask       os_core.o
    0x08004734   0x08004734   0x00000070   Code   RO         4765    i.OS_IdleTaskInit   os_core.o
    0x080047a4   0x080047a4   0x00000104   Code   RO         5099    i.OS_IntQPost       os_int.o
    0x080048a8   0x080048a8   0x000001a4   Code   RO         5100    i.OS_IntQRePost     os_int.o
    0x08004a4c   0x08004a4c   0x000000c8   Code   RO         5101    i.OS_IntQTask       os_int.o
    0x08004b14   0x08004b14   0x00000128   Code   RO         5102    i.OS_IntQTaskInit   os_int.o
    0x08004c3c   0x08004c3c   0x0000007c   Code   RO         5135    i.OS_MsgPoolInit    os_msg.o
    0x08004cb8   0x08004cb8   0x00000044   Code   RO         5136    i.OS_MsgQFreeAll    os_msg.o
    0x08004cfc   0x08004cfc   0x00000068   Code   RO         5137    i.OS_MsgQGet        os_msg.o
    0x08004d64   0x08004d64   0x0000000e   Code   RO         5138    i.OS_MsgQInit       os_msg.o
    0x08004d72   0x08004d72   0x00000002   PAD
    0x08004d74   0x08004d74   0x00000104   Code   RO         5139    i.OS_MsgQPut        os_msg.o
    0x08004e78   0x08004e78   0x00000030   Code   RO         5177    i.OS_MutexDbgListAdd  os_mutex.o
    0x08004ea8   0x08004ea8   0x00000018   Code   RO         5179    i.OS_MutexInit      os_mutex.o
    0x08004ec0   0x08004ec0   0x00000068   Code   RO         4766    i.OS_Pend           os_core.o
    0x08004f28   0x08004f28   0x00000026   Code   RO         4769    i.OS_PendDataInit   os_core.o
    0x08004f4e   0x08004f4e   0x00000002   PAD
    0x08004f50   0x08004f50   0x0000005c   Code   RO         4770    i.OS_PendDbgNameAdd  os_core.o
    0x08004fac   0x08004fac   0x00000024   Code   RO         4771    i.OS_PendDbgNameRemove  os_core.o
    0x08004fd0   0x08004fd0   0x00000046   Code   RO         4772    i.OS_PendListChangePrio  os_core.o
    0x08005016   0x08005016   0x0000000a   Code   RO         4773    i.OS_PendListInit   os_core.o
    0x08005020   0x08005020   0x00000066   Code   RO         4775    i.OS_PendListInsertPrio  os_core.o
    0x08005086   0x08005086   0x00000030   Code   RO         4776    i.OS_PendListRemove  os_core.o
    0x080050b6   0x080050b6   0x00000042   Code   RO         4777    i.OS_PendListRemove1  os_core.o
    0x080050f8   0x080050f8   0x000000c0   Code   RO         4780    i.OS_Post           os_core.o
    0x080051b8   0x080051b8   0x0000002a   Code   RO         4781    i.OS_Post1          os_core.o
    0x080051e2   0x080051e2   0x00000002   PAD
    0x080051e4   0x080051e4   0x00000028   Code   RO         5261    i.OS_PrioGetHighest  os_prio.o
    0x0800520c   0x0800520c   0x00000018   Code   RO         5262    i.OS_PrioInit       os_prio.o
    0x08005224   0x08005224   0x00000024   Code   RO         5263    i.OS_PrioInsert     os_prio.o
    0x08005248   0x08005248   0x00000024   Code   RO         5264    i.OS_PrioRemove     os_prio.o
    0x0800526c   0x0800526c   0x00000030   Code   RO         5305    i.OS_QDbgListAdd    os_q.o
    0x0800529c   0x0800529c   0x00000018   Code   RO         5307    i.OS_QInit          os_q.o
    0x080052b4   0x080052b4   0x00000188   Code   RO         5308    i.OS_QPost          os_q.o
    0x0800543c   0x0800543c   0x00000024   Code   RO         4782    i.OS_RdyListInit    os_core.o
    0x08005460   0x08005460   0x0000002c   Code   RO         4783    i.OS_RdyListInsert  os_core.o
    0x0800548c   0x0800548c   0x00000040   Code   RO         4784    i.OS_RdyListInsertHead  os_core.o
    0x080054cc   0x080054cc   0x0000003c   Code   RO         4785    i.OS_RdyListInsertTail  os_core.o
    0x08005508   0x08005508   0x00000044   Code   RO         4786    i.OS_RdyListMoveHeadToTail  os_core.o
    0x0800554c   0x0800554c   0x0000005c   Code   RO         4787    i.OS_RdyListRemove  os_core.o
    0x080055a8   0x080055a8   0x0000005c   Code   RO         4788    i.OS_Sched0         os_core.o
    0x08005604   0x08005604   0x0000001c   Code   RO         4789    i.OS_SchedLockTimeMeasStart  os_core.o
    0x08005620   0x08005620   0x0000003c   Code   RO         4790    i.OS_SchedLockTimeMeasStop  os_core.o
    0x0800565c   0x0800565c   0x000000ec   Code   RO         4791    i.OS_SchedRoundRobin  os_core.o
    0x08005748   0x08005748   0x00000030   Code   RO         5377    i.OS_SemDbgListAdd  os_sem.o
    0x08005778   0x08005778   0x00000018   Code   RO         5379    i.OS_SemInit        os_sem.o
    0x08005790   0x08005790   0x00000198   Code   RO         5380    i.OS_SemPost        os_sem.o
    0x08005928   0x08005928   0x000003b8   Code   RO         5444    i.OS_StatTask       os_stat.o
    0x08005ce0   0x08005ce0   0x000000cc   Code   RO         5445    i.OS_StatTaskInit   os_stat.o
    0x08005dac   0x08005dac   0x00000038   Code   RO         4792    i.OS_TaskBlock      os_core.o
    0x08005de4   0x08005de4   0x00000030   Code   RO         5490    i.OS_TaskDbgListAdd  os_task.o
    0x08005e14   0x08005e14   0x00000044   Code   RO         5491    i.OS_TaskDbgListRemove  os_task.o
    0x08005e58   0x08005e58   0x00000020   Code   RO         5492    i.OS_TaskInit       os_task.o
    0x08005e78   0x08005e78   0x000000d0   Code   RO         5493    i.OS_TaskInitTCB    os_task.o
    0x08005f48   0x08005f48   0x0000026c   Code   RO         5494    i.OS_TaskQPost      os_task.o
    0x080061b4   0x080061b4   0x0000001c   Code   RO         4793    i.OS_TaskRdy        os_core.o
    0x080061d0   0x080061d0   0x0000017c   Code   RO         5495    i.OS_TaskResume     os_task.o
    0x0800634c   0x0800634c   0x00000018   Code   RO         5496    i.OS_TaskReturn     os_task.o
    0x08006364   0x08006364   0x000005a8   Code   RO         5497    i.OS_TaskSemPost    os_task.o
    0x0800690c   0x0800690c   0x00000190   Code   RO         5498    i.OS_TaskSuspend    os_task.o
    0x08006a9c   0x08006a9c   0x00000028   Code   RO         5640    i.OS_TickListInit   os_tick.o
    0x08006ac4   0x08006ac4   0x000001bc   Code   RO         5641    i.OS_TickListInsert  os_tick.o
    0x08006c80   0x08006c80   0x00000038   Code   RO         5642    i.OS_TickListRemove  os_tick.o
    0x08006cb8   0x08006cb8   0x00000024   Code   RO         5643    i.OS_TickListResetPeak  os_tick.o
    0x08006cdc   0x08006cdc   0x00000220   Code   RO         5644    i.OS_TickListUpdate  os_tick.o
    0x08006efc   0x08006efc   0x0000002c   Code   RO         5645    i.OS_TickTask       os_tick.o
    0x08006f28   0x08006f28   0x000000b8   Code   RO         5646    i.OS_TickTaskInit   os_tick.o
    0x08006fe0   0x08006fe0   0x00000128   Code   RO         5739    i.OS_TmrInit        os_tmr.o
    0x08007108   0x08007108   0x000000d0   Code   RO         5740    i.OS_TmrLink        os_tmr.o
    0x080071d8   0x080071d8   0x00000024   Code   RO         5741    i.OS_TmrResetPeak   os_tmr.o
    0x080071fc   0x080071fc   0x000000c0   Code   RO         5742    i.OS_TmrTask        os_tmr.o
    0x080072bc   0x080072bc   0x00000050   Code   RO         5743    i.OS_TmrUnlink      os_tmr.o
    0x0800730c   0x0800730c   0x00000066   Code   RO         3704    i.Proto_BuildCompleteCmd  protocol.o
    0x08007372   0x08007372   0x000000d4   Code   RO         3705    i.Proto_BuildDataCmd  protocol.o
    0x08007446   0x08007446   0x00000002   PAD
    0x08007448   0x08007448   0x000000e0   Code   RO         3706    i.Proto_BuildFrame  protocol.o
    0x08007528   0x08007528   0x00000074   Code   RO         3707    i.Proto_BuildStartCmd  protocol.o
    0x0800759c   0x0800759c   0x00000048   Code   RO         3708    i.Proto_BuildTerminateCmd  protocol.o
    0x080075e4   0x080075e4   0x00000020   Code   RO         3709    i.Proto_BuildUpdateCmd  protocol.o
    0x08007604   0x08007604   0x00000020   Code   RO         3710    i.Proto_Checksum    protocol.o
    0x08007624   0x08007624   0x000000dc   Code   RO         3711    i.Proto_ParseFrame  protocol.o
    0x08007700   0x08007700   0x00000078   Code   RO         3712    i.Proto_ParseReply  protocol.o
    0x08007778   0x08007778   0x00000020   Code   RO         1810    i.RCC_APB1PeriphClockCmd  stm32f10x_rcc.o
    0x08007798   0x08007798   0x00000020   Code   RO         1812    i.RCC_APB2PeriphClockCmd  stm32f10x_rcc.o
    0x080077b8   0x080077b8   0x000000d4   Code   RO         1820    i.RCC_GetClocksFreq  stm32f10x_rcc.o
    0x0800788c   0x0800788c   0x00000020   Code   RO         3529    i.SD_FileClose      sd_card.o
    0x080078ac   0x080078ac   0x0000001c   Code   RO         3531    i.SD_FileGetSize    sd_card.o
    0x080078c8   0x080078c8   0x00000058   Code   RO         3532    i.SD_FileOpen       sd_card.o
    0x08007920   0x08007920   0x00000048   Code   RO         3533    i.SD_FileRead       sd_card.o
    0x08007968   0x08007968   0x00000038   Code   RO         3534    i.SD_FileSeek       sd_card.o
    0x080079a0   0x080079a0   0x00000044   Code   RO         3535    i.SD_Init           sd_card.o
    0x080079e4   0x080079e4   0x0000000c   Code   RO         3536    i.SD_IsPresent      sd_card.o
    0x080079f0   0x080079f0   0x00000126   Code   RO         4062    i.SD_SPI_Init       bsp_spi_sd.o
    0x08007b16   0x08007b16   0x00000002   PAD
    0x08007b18   0x08007b18   0x0000002c   Code   RO         4064    i.SD_SPI_SetHighSpeed  bsp_spi_sd.o
    0x08007b44   0x08007b44   0x00000038   Code   RO         4065    i.SPI2_SendRecv     bsp_spi_sd.o
    0x08007b7c   0x08007b7c   0x00000018   Code   RO         2295    i.SPI_Cmd           stm32f10x_spi.o
    0x08007b94   0x08007b94   0x00000012   Code   RO         2303    i.SPI_I2S_GetFlagStatus  stm32f10x_spi.o
    0x08007ba6   0x08007ba6   0x00000006   Code   RO         2306    i.SPI_I2S_ReceiveData  stm32f10x_spi.o
    0x08007bac   0x08007bac   0x00000004   Code   RO         2307    i.SPI_I2S_SendData  stm32f10x_spi.o
    0x08007bb0   0x08007bb0   0x0000003c   Code   RO         2308    i.SPI_Init          stm32f10x_spi.o
    0x08007bec   0x08007bec   0x00000002   Code   RO         3230    i.SVC_Handler       stm32f10x_it.o
    0x08007bee   0x08007bee   0x00000008   Code   RO           24    i.SetSysClock       system_stm32f10x.o
    0x08007bf6   0x08007bf6   0x00000002   PAD
    0x08007bf8   0x08007bf8   0x000000e0   Code   RO           25    i.SetSysClockTo72   system_stm32f10x.o
    0x08007cd8   0x08007cd8   0x0000002c   Code   RO         3869    i.SoftReset         bsp.o
    0x08007d04   0x08007d04   0x0000002c   Code   RO         3604    i.SysState_GetDataSource  sys_state.o
    0x08007d30   0x08007d30   0x0000002c   Code   RO         3605    i.SysState_GetFwType  sys_state.o
    0x08007d5c   0x08007d5c   0x00000038   Code   RO         3606    i.SysState_GetLEDBlinkPeriod  sys_state.o
    0x08007d94   0x08007d94   0x00000038   Code   RO         3607    i.SysState_Init     sys_state.o
    0x08007dcc   0x08007dcc   0x0000002c   Code   RO         3608    i.SysState_IsTransferLocked  sys_state.o
    0x08007df8   0x08007df8   0x0000002c   Code   RO         3609    i.SysState_SetDataSource  sys_state.o
    0x08007e24   0x08007e24   0x0000002c   Code   RO         3610    i.SysState_SetFwType  sys_state.o
    0x08007e50   0x08007e50   0x0000002c   Code   RO         3611    i.SysState_SetTransferLock  sys_state.o
    0x08007e7c   0x08007e7c   0x00000060   Code   RO           27    i.SystemInit        system_stm32f10x.o
    0x08007edc   0x08007edc   0x00000010   Code   RO         3231    i.USART1_IRQHandler  stm32f10x_it.o
    0x08007eec   0x08007eec   0x00000018   Code   RO         2992    i.USART_Cmd         stm32f10x_usart.o
    0x08007f04   0x08007f04   0x0000001a   Code   RO         2995    i.USART_GetFlagStatus  stm32f10x_usart.o
    0x08007f1e   0x08007f1e   0x00000054   Code   RO         2996    i.USART_GetITStatus  stm32f10x_usart.o
    0x08007f72   0x08007f72   0x0000004a   Code   RO         2998    i.USART_ITConfig    stm32f10x_usart.o
    0x08007fbc   0x08007fbc   0x000000d8   Code   RO         2999    i.USART_Init        stm32f10x_usart.o
    0x08008094   0x08008094   0x0000000a   Code   RO         3006    i.USART_ReceiveData  stm32f10x_usart.o
    0x0800809e   0x0800809e   0x00000008   Code   RO         3009    i.USART_SendData    stm32f10x_usart.o
    0x080080a6   0x080080a6   0x00000004   Code   RO         3232    i.UsageFault_Handler  stm32f10x_it.o
    0x080080aa   0x080080aa   0x00000002   PAD
    0x080080ac   0x080080ac   0x0000002c   Code   RO         6432    i.__0vsnprintf      mc_w.l(printfa.o)
    0x080080d8   0x080080d8   0x0000000e   Code   RO         6532    i.__scatterload_copy  mc_w.l(handlers.o)
    0x080080e6   0x080080e6   0x00000002   Code   RO         6533    i.__scatterload_null  mc_w.l(handlers.o)
    0x080080e8   0x080080e8   0x0000000e   Code   RO         6534    i.__scatterload_zeroinit  mc_w.l(handlers.o)
    0x080080f6   0x080080f6   0x00000002   PAD
    0x080080f8   0x080080f8   0x00000184   Code   RO         6434    i._fp_digits        mc_w.l(printfa.o)
    0x0800827c   0x0800827c   0x000006dc   Code   RO         6435    i._printf_core      mc_w.l(printfa.o)
    0x08008958   0x08008958   0x00000024   Code   RO         6436    i._printf_post_padding  mc_w.l(printfa.o)
    0x0800897c   0x0800897c   0x0000002e   Code   RO         6437    i._printf_pre_padding  mc_w.l(printfa.o)
    0x080089aa   0x080089aa   0x00000016   Code   RO         6438    i._snputc           mc_w.l(printfa.o)
    0x080089c0   0x080089c0   0x00000038   Code   RO         6366    i.disk_initialize   diskio.o
    0x080089f8   0x080089f8   0x00000006   Code   RO         6318    i.f_close           ff.o
    0x080089fe   0x080089fe   0x0000000e   Code   RO         6319    i.f_lseek           ff.o
    0x08008a0c   0x08008a0c   0x0000002a   Code   RO         6320    i.f_mount           ff.o
    0x08008a36   0x08008a36   0x00000006   Code   RO         6321    i.f_open            ff.o
    0x08008a3c   0x08008a3c   0x0000000e   Code   RO         6322    i.f_read            ff.o
    0x08008a4a   0x08008a4a   0x0000000c   Code   RO         6323    i.f_size            ff.o
    0x08008a56   0x08008a56   0x00000002   PAD
    0x08008a58   0x08008a58   0x00000060   Code   RO         3355    i.main              app.o
    0x08008ab8   0x08008ab8   0x00000400   Data   RO         3671    .constdata          crc32.o
    0x08008eb8   0x08008eb8   0x000000a4   Data   RO         4736    .constdata          os_cfg_app.o
    0x08008f5c   0x08008f5c   0x0000016c   Data   RO         5001    .constdata          os_dbg.o
    0x080090c8   0x080090c8   0x00000020   Data   RO         6530    Region$$Table       anon$$obj.o


    Execution Region RW_IRAM1 (Exec base: 0x20000000, Load base: 0x080090e8, Size: 0x00006878, Max: 0x00010000, ABSOLUTE, COMPRESSED[0x0000001c])

    Exec Addr    Load Addr    Size         Type   Attr      Idx    E Section Name        Object

    0x20000000   COMPRESSED   0x00000014   Data   RW         1840    .data               stm32f10x_rcc.o
    0x20000014   COMPRESSED   0x00000002   Data   RW         3538    .data               sd_card.o
    0x20000016   COMPRESSED   0x00000003   Data   RW         3613    .data               sys_state.o
    0x20000019   COMPRESSED   0x00000003   PAD
    0x2000001c   COMPRESSED   0x00000004   Data   RW         3672    .data               crc32.o
    0x20000020   COMPRESSED   0x00000002   Data   RW         3713    .data               protocol.o
    0x20000022   COMPRESSED   0x00000010   Data   RW         3795    .data               task_key.o
    0x20000032   COMPRESSED   0x00000003   Data   RW         4007    .data               bsp_usart.o
    0x20000035   COMPRESSED   0x00000003   PAD
    0x20000038   COMPRESSED   0x0000001c   Data   RW         4124    .data               cpu_core.o
    0x20000054   COMPRESSED   0x00000004   Data   RW         4479    .data               lib_mem.o
    0x20000058   COMPRESSED   0x00000004   Data   RW         5265    .data               os_prio.o
    0x2000005c   COMPRESSED   0x000000c8   Data   RW         5821    .data               os_var.o
    0x20000124   COMPRESSED   0x00000004   Data   RW         5848    .data               os_cpu_c.o
    0x20000128   COMPRESSED   0x00000001   Data   RW         6371    .data               diskio.o
    0x20000129   COMPRESSED   0x00000007   PAD
    0x20000130        -       0x00002428   Zero   RW         3356    .bss                app.o
    0x20002558        -       0x00000244   Zero   RW         3537    .bss                sd_card.o
    0x2000279c        -       0x0000002c   Zero   RW         3612    .bss                sys_state.o
    0x200027c8        -       0x00000030   Zero   RW         3771    .bss                task_buzzer.o
    0x200027f8        -       0x00000030   Zero   RW         3794    .bss                task_key.o
    0x20002828        -       0x0000036c   Zero   RW         3833    .bss                task_download.o
    0x20002b94        -       0x00000228   Zero   RW         4006    .bss                bsp_usart.o
    0x20002dbc        -       0x00000010   Zero   RW         4122    .bss                cpu_core.o
    0x20002dcc        -       0x00001048   Zero   RW         4478    .bss                lib_mem.o
    0x20003e14        -       0x000020f0   Zero   RW         4735    .bss                os_cfg_app.o
    0x20005f04        -       0x00000574   Zero   RW         5820    .bss                os_var.o
    0x20006478        -       0x00000400   Zero   RW            1    STACK               startup_stm32f10x_hd.o


==============================================================================

Image component sizes


      Code (inc. data)   RO Data    RW Data    ZI Data      Debug   Object Name

       600        206          0          0       9256      31270   app.o
       160         28          0          0          0      17292   bsp.o
       360         50          0          0          0       4449   bsp_gpio.o
        42          0          0          0          0        844   bsp_iwdg.o
       542         22          0          0          0       2356   bsp_spi_sd.o
       624         82          0          3        552       4888   bsp_usart.o
         0          0          0          0          0       4508   core_cm3.o
        52          0          0          0          0        304   cpu_a.o
       540         98          0         28         16      15601   cpu_core.o
       138         18       1024          4          0       2600   crc32.o
        56          4          0          1          0       1914   diskio.o
        94          0          0          0          0       3577   ff.o
       188         18          0          4       4168      13275   lib_mem.o
       112         12          0          0          0      11400   misc.o
         2          0        164          0       8432      20645   os_cfg_app.o
      3172        424          0          0          0      20210   os_core.o
       132         32          0          0          0        348   os_cpu_a.o
       660         70          0          4          0       7513   os_cpu_c.o
       428        280        364          0          0       4661   os_dbg.o
       746         28          0          0          0       2897   os_flag.o
      1176        204          0          0          0       3246   os_int.o
       570         32          0          0          0       3806   os_msg.o
      1784         90          0          0          0       4480   os_mutex.o
       136         16          0          4          0       2538   os_prio.o
      1464         70          0          0          0       5403   os_q.o
      1400         66          0          0          0       5403   os_sem.o
      1772        214          0          0          0       3807   os_stat.o
      5460        260          0          0          0      13056   os_task.o
      1348        124          0          0          0       5073   os_tick.o
      1020         52          0          0          0       3485   os_time.o
       812        134          0          0          0       3844   os_tmr.o
         0          0          0        200       1396      19276   os_var.o
      1130          6          0          2          0       8091   protocol.o
       356         78          0          2        580       6739   sd_card.o
        36          8        304          0       1024        852   startup_stm32f10x_hd.o
       448          6          0          0          0      12730   stm32f10x_gpio.o
        38          0          0          0          0      43445   stm32f10x_it.o
        68         30          0          0          0       2342   stm32f10x_iwdg.o
       276         32          0         20          0      13066   stm32f10x_rcc.o
       112          0          0          0          0      10618   stm32f10x_spi.o
       442          6          0          0          0      12037   stm32f10x_usart.o
       376         84          0          3         44       4624   sys_state.o
       328         28          0          0          0     236661   system_stm32f10x.o
       174         10          0          0         48       1386   task_buzzer.o
      1600         64          0          0        876       6183   task_download.o
       288         16          0         16         48       1874   task_key.o
       132          8          0          0          0        682   task_led_wdg.o

    ----------------------------------------------------------------------
     31424       3010       1888        300      26444     605299   Object Totals
         0          0         32          0          0          0   (incl. Generated)
        30          0          0          9          4          0   (incl. Padding)

    ----------------------------------------------------------------------

      Code (inc. data)   RO Data    RW Data    ZI Data      Debug   Library Member Name

        58          0          0          0          0          0   __dczerorl.o
         0          0          0          0          0          0   entry.o
         0          0          0          0          0          0   entry10a.o
         0          0          0          0          0          0   entry11a.o
         8          4          0          0          0          0   entry2.o
         4          0          0          0          0          0   entry5.o
         0          0          0          0          0          0   entry7b.o
         0          0          0          0          0          0   entry8b.o
         8          4          0          0          0          0   entry9a.o
        30          0          0          0          0          0   handlers.o
        36          8          0          0          0         68   init.o
         0          0          0          0          0          0   iusefp.o
        30          0          0          0          0         68   llshl.o
        36          0          0          0          0         68   llsshr.o
        32          0          0          0          0         68   llushr.o
        36          0          0          0          0         68   memcpya.o
      2292         84          0          0          0        516   printfa.o
        44          0          0          0          0         80   uidiv.o
        98          0          0          0          0         92   uldiv.o
        48          0          0          0          0         68   cdrcmple.o
       334          0          0          0          0        148   dadd.o
       222          0          0          0          0        100   ddiv.o
       186          0          0          0          0        176   depilogue.o
        48          0          0          0          0         68   dfixul.o
       228          0          0          0          0         96   dmul.o

    ----------------------------------------------------------------------
      3784        100          0          0          0       1684   Library Totals
         6          0          0          0          0          0   (incl. Padding)

    ----------------------------------------------------------------------

      Code (inc. data)   RO Data    RW Data    ZI Data      Debug   Library Name

      2712        100          0          0          0       1028   mc_w.l
      1066          0          0          0          0        656   mf_w.l

    ----------------------------------------------------------------------
      3784        100          0          0          0       1684   Library Totals

    ----------------------------------------------------------------------

==============================================================================


      Code (inc. data)   RO Data    RW Data    ZI Data      Debug   

     35208       3110       1888        300      26444     594059   Grand Totals
     35208       3110       1888         28      26444     594059   ELF Image Totals (compressed)
     35208       3110       1888         28          0          0   ROM Totals

==============================================================================

    Total RO  Size (Code + RO Data)                37096 (  36.23kB)
    Total RW  Size (RW Data + ZI Data)             26744 (  26.12kB)
    Total ROM Size (Code + RO Data + RW Data)      37124 (  36.25kB)

==============================================================================

